###############################################################################
#
# IAR ELF Linker V7.70.1.11437/W32 for ARM                09/Jan/2020  14:08:25
# Copyright 2007-2016 IAR Systems AB.
#
#    Output file  =  
#        C:\Users\User\Documents\01-HDSC_Files\09-M010\hc32f46x-ddl-rtos\rt_thread\bsp\hc32f46x\build\iar\release\Exe\rtthread.out
#    Map file     =  
#        C:\Users\User\Documents\01-HDSC_Files\09-M010\hc32f46x-ddl-rtos\rt_thread\bsp\hc32f46x\build\iar\release\List\rtthread.map
#    Command line =  
#        C:\Users\User\Documents\01-HDSC_Files\09-M010\hc32f46x-ddl-rtos\rt_thread\bsp\hc32f46x\build\iar\release\Obj\backtrace.o
#        C:\Users\User\Documents\01-HDSC_Files\09-M010\hc32f46x-ddl-rtos\rt_thread\bsp\hc32f46x\build\iar\release\Obj\board.o
#        C:\Users\User\Documents\01-HDSC_Files\09-M010\hc32f46x-ddl-rtos\rt_thread\bsp\hc32f46x\build\iar\release\Obj\ccsbcs.o
#        C:\Users\User\Documents\01-HDSC_Files\09-M010\hc32f46x-ddl-rtos\rt_thread\bsp\hc32f46x\build\iar\release\Obj\clock.o
#        C:\Users\User\Documents\01-HDSC_Files\09-M010\hc32f46x-ddl-rtos\rt_thread\bsp\hc32f46x\build\iar\release\Obj\cmd.o
#        C:\Users\User\Documents\01-HDSC_Files\09-M010\hc32f46x-ddl-rtos\rt_thread\bsp\hc32f46x\build\iar\release\Obj\completion.o
#        C:\Users\User\Documents\01-HDSC_Files\09-M010\hc32f46x-ddl-rtos\rt_thread\bsp\hc32f46x\build\iar\release\Obj\components.o
#        C:\Users\User\Documents\01-HDSC_Files\09-M010\hc32f46x-ddl-rtos\rt_thread\bsp\hc32f46x\build\iar\release\Obj\context_iar.o
#        C:\Users\User\Documents\01-HDSC_Files\09-M010\hc32f46x-ddl-rtos\rt_thread\bsp\hc32f46x\build\iar\release\Obj\cpu.o
#        C:\Users\User\Documents\01-HDSC_Files\09-M010\hc32f46x-ddl-rtos\rt_thread\bsp\hc32f46x\build\iar\release\Obj\cpuport.o
#        C:\Users\User\Documents\01-HDSC_Files\09-M010\hc32f46x-ddl-rtos\rt_thread\bsp\hc32f46x\build\iar\release\Obj\dataqueue.o
#        C:\Users\User\Documents\01-HDSC_Files\09-M010\hc32f46x-ddl-rtos\rt_thread\bsp\hc32f46x\build\iar\release\Obj\devfs.o
#        C:\Users\User\Documents\01-HDSC_Files\09-M010\hc32f46x-ddl-rtos\rt_thread\bsp\hc32f46x\build\iar\release\Obj\device.o
#        C:\Users\User\Documents\01-HDSC_Files\09-M010\hc32f46x-ddl-rtos\rt_thread\bsp\hc32f46x\build\iar\release\Obj\dfs.o
#        C:\Users\User\Documents\01-HDSC_Files\09-M010\hc32f46x-ddl-rtos\rt_thread\bsp\hc32f46x\build\iar\release\Obj\dfs_elm.o
#        C:\Users\User\Documents\01-HDSC_Files\09-M010\hc32f46x-ddl-rtos\rt_thread\bsp\hc32f46x\build\iar\release\Obj\dfs_file.o
#        C:\Users\User\Documents\01-HDSC_Files\09-M010\hc32f46x-ddl-rtos\rt_thread\bsp\hc32f46x\build\iar\release\Obj\dfs_fs.o
#        C:\Users\User\Documents\01-HDSC_Files\09-M010\hc32f46x-ddl-rtos\rt_thread\bsp\hc32f46x\build\iar\release\Obj\dfs_posix.o
#        C:\Users\User\Documents\01-HDSC_Files\09-M010\hc32f46x-ddl-rtos\rt_thread\bsp\hc32f46x\build\iar\release\Obj\div0.o
#        C:\Users\User\Documents\01-HDSC_Files\09-M010\hc32f46x-ddl-rtos\rt_thread\bsp\hc32f46x\build\iar\release\Obj\drv_i2c.o
#        C:\Users\User\Documents\01-HDSC_Files\09-M010\hc32f46x-ddl-rtos\rt_thread\bsp\hc32f46x\build\iar\release\Obj\drv_usart.o
#        C:\Users\User\Documents\01-HDSC_Files\09-M010\hc32f46x-ddl-rtos\rt_thread\bsp\hc32f46x\build\iar\release\Obj\environ.o
#        C:\Users\User\Documents\01-HDSC_Files\09-M010\hc32f46x-ddl-rtos\rt_thread\bsp\hc32f46x\build\iar\release\Obj\ff.o
#        C:\Users\User\Documents\01-HDSC_Files\09-M010\hc32f46x-ddl-rtos\rt_thread\bsp\hc32f46x\build\iar\release\Obj\gmtime_r.o
#        C:\Users\User\Documents\01-HDSC_Files\09-M010\hc32f46x-ddl-rtos\rt_thread\bsp\hc32f46x\build\iar\release\Obj\hc32_platform.o
#        C:\Users\User\Documents\01-HDSC_Files\09-M010\hc32f46x-ddl-rtos\rt_thread\bsp\hc32f46x\build\iar\release\Obj\hc32f46x_adc.o
#        C:\Users\User\Documents\01-HDSC_Files\09-M010\hc32f46x-ddl-rtos\rt_thread\bsp\hc32f46x\build\iar\release\Obj\hc32f46x_aes.o
#        C:\Users\User\Documents\01-HDSC_Files\09-M010\hc32f46x-ddl-rtos\rt_thread\bsp\hc32f46x\build\iar\release\Obj\hc32f46x_can.o
#        C:\Users\User\Documents\01-HDSC_Files\09-M010\hc32f46x-ddl-rtos\rt_thread\bsp\hc32f46x\build\iar\release\Obj\hc32f46x_clk.o
#        C:\Users\User\Documents\01-HDSC_Files\09-M010\hc32f46x-ddl-rtos\rt_thread\bsp\hc32f46x\build\iar\release\Obj\hc32f46x_cmp.o
#        C:\Users\User\Documents\01-HDSC_Files\09-M010\hc32f46x-ddl-rtos\rt_thread\bsp\hc32f46x\build\iar\release\Obj\hc32f46x_crc.o
#        C:\Users\User\Documents\01-HDSC_Files\09-M010\hc32f46x-ddl-rtos\rt_thread\bsp\hc32f46x\build\iar\release\Obj\hc32f46x_dcu.o
#        C:\Users\User\Documents\01-HDSC_Files\09-M010\hc32f46x-ddl-rtos\rt_thread\bsp\hc32f46x\build\iar\release\Obj\hc32f46x_dmac.o
#        C:\Users\User\Documents\01-HDSC_Files\09-M010\hc32f46x-ddl-rtos\rt_thread\bsp\hc32f46x\build\iar\release\Obj\hc32f46x_efm.o
#        C:\Users\User\Documents\01-HDSC_Files\09-M010\hc32f46x-ddl-rtos\rt_thread\bsp\hc32f46x\build\iar\release\Obj\hc32f46x_emb.o
#        C:\Users\User\Documents\01-HDSC_Files\09-M010\hc32f46x-ddl-rtos\rt_thread\bsp\hc32f46x\build\iar\release\Obj\hc32f46x_event_port.o
#        C:\Users\User\Documents\01-HDSC_Files\09-M010\hc32f46x-ddl-rtos\rt_thread\bsp\hc32f46x\build\iar\release\Obj\hc32f46x_exint_nmi_swi.o
#        C:\Users\User\Documents\01-HDSC_Files\09-M010\hc32f46x-ddl-rtos\rt_thread\bsp\hc32f46x\build\iar\release\Obj\hc32f46x_gpio.o
#        C:\Users\User\Documents\01-HDSC_Files\09-M010\hc32f46x-ddl-rtos\rt_thread\bsp\hc32f46x\build\iar\release\Obj\hc32f46x_hash.o
#        C:\Users\User\Documents\01-HDSC_Files\09-M010\hc32f46x-ddl-rtos\rt_thread\bsp\hc32f46x\build\iar\release\Obj\hc32f46x_i2c.o
#        C:\Users\User\Documents\01-HDSC_Files\09-M010\hc32f46x-ddl-rtos\rt_thread\bsp\hc32f46x\build\iar\release\Obj\hc32f46x_i2s.o
#        C:\Users\User\Documents\01-HDSC_Files\09-M010\hc32f46x-ddl-rtos\rt_thread\bsp\hc32f46x\build\iar\release\Obj\hc32f46x_icg.o
#        C:\Users\User\Documents\01-HDSC_Files\09-M010\hc32f46x-ddl-rtos\rt_thread\bsp\hc32f46x\build\iar\release\Obj\hc32f46x_interrupts.o
#        C:\Users\User\Documents\01-HDSC_Files\09-M010\hc32f46x-ddl-rtos\rt_thread\bsp\hc32f46x\build\iar\release\Obj\hc32f46x_keyscan.o
#        C:\Users\User\Documents\01-HDSC_Files\09-M010\hc32f46x-ddl-rtos\rt_thread\bsp\hc32f46x\build\iar\release\Obj\hc32f46x_mpu.o
#        C:\Users\User\Documents\01-HDSC_Files\09-M010\hc32f46x-ddl-rtos\rt_thread\bsp\hc32f46x\build\iar\release\Obj\hc32f46x_ots.o
#        C:\Users\User\Documents\01-HDSC_Files\09-M010\hc32f46x-ddl-rtos\rt_thread\bsp\hc32f46x\build\iar\release\Obj\hc32f46x_pwc.o
#        C:\Users\User\Documents\01-HDSC_Files\09-M010\hc32f46x-ddl-rtos\rt_thread\bsp\hc32f46x\build\iar\release\Obj\hc32f46x_qspi.o
#        C:\Users\User\Documents\01-HDSC_Files\09-M010\hc32f46x-ddl-rtos\rt_thread\bsp\hc32f46x\build\iar\release\Obj\hc32f46x_rmu.o
#        C:\Users\User\Documents\01-HDSC_Files\09-M010\hc32f46x-ddl-rtos\rt_thread\bsp\hc32f46x\build\iar\release\Obj\hc32f46x_rtc.o
#        C:\Users\User\Documents\01-HDSC_Files\09-M010\hc32f46x-ddl-rtos\rt_thread\bsp\hc32f46x\build\iar\release\Obj\hc32f46x_sdioc.o
#        C:\Users\User\Documents\01-HDSC_Files\09-M010\hc32f46x-ddl-rtos\rt_thread\bsp\hc32f46x\build\iar\release\Obj\hc32f46x_spi.o
#        C:\Users\User\Documents\01-HDSC_Files\09-M010\hc32f46x-ddl-rtos\rt_thread\bsp\hc32f46x\build\iar\release\Obj\hc32f46x_sram.o
#        C:\Users\User\Documents\01-HDSC_Files\09-M010\hc32f46x-ddl-rtos\rt_thread\bsp\hc32f46x\build\iar\release\Obj\hc32f46x_swdt.o
#        C:\Users\User\Documents\01-HDSC_Files\09-M010\hc32f46x-ddl-rtos\rt_thread\bsp\hc32f46x\build\iar\release\Obj\hc32f46x_timer0.o
#        C:\Users\User\Documents\01-HDSC_Files\09-M010\hc32f46x-ddl-rtos\rt_thread\bsp\hc32f46x\build\iar\release\Obj\hc32f46x_timer4_cnt.o
#        C:\Users\User\Documents\01-HDSC_Files\09-M010\hc32f46x-ddl-rtos\rt_thread\bsp\hc32f46x\build\iar\release\Obj\hc32f46x_timer4_emb.o
#        C:\Users\User\Documents\01-HDSC_Files\09-M010\hc32f46x-ddl-rtos\rt_thread\bsp\hc32f46x\build\iar\release\Obj\hc32f46x_timer4_oco.o
#        C:\Users\User\Documents\01-HDSC_Files\09-M010\hc32f46x-ddl-rtos\rt_thread\bsp\hc32f46x\build\iar\release\Obj\hc32f46x_timer4_pwm.o
#        C:\Users\User\Documents\01-HDSC_Files\09-M010\hc32f46x-ddl-rtos\rt_thread\bsp\hc32f46x\build\iar\release\Obj\hc32f46x_timer4_sevt.o
#        C:\Users\User\Documents\01-HDSC_Files\09-M010\hc32f46x-ddl-rtos\rt_thread\bsp\hc32f46x\build\iar\release\Obj\hc32f46x_timer6.o
#        C:\Users\User\Documents\01-HDSC_Files\09-M010\hc32f46x-ddl-rtos\rt_thread\bsp\hc32f46x\build\iar\release\Obj\hc32f46x_timera.o
#        C:\Users\User\Documents\01-HDSC_Files\09-M010\hc32f46x-ddl-rtos\rt_thread\bsp\hc32f46x\build\iar\release\Obj\hc32f46x_trng.o
#        C:\Users\User\Documents\01-HDSC_Files\09-M010\hc32f46x-ddl-rtos\rt_thread\bsp\hc32f46x\build\iar\release\Obj\hc32f46x_usart.o
#        C:\Users\User\Documents\01-HDSC_Files\09-M010\hc32f46x-ddl-rtos\rt_thread\bsp\hc32f46x\build\iar\release\Obj\hc32f46x_utility.o
#        C:\Users\User\Documents\01-HDSC_Files\09-M010\hc32f46x-ddl-rtos\rt_thread\bsp\hc32f46x\build\iar\release\Obj\hc32f46x_wdt.o
#        C:\Users\User\Documents\01-HDSC_Files\09-M010\hc32f46x-ddl-rtos\rt_thread\bsp\hc32f46x\build\iar\release\Obj\i2c_core.o
#        C:\Users\User\Documents\01-HDSC_Files\09-M010\hc32f46x-ddl-rtos\rt_thread\bsp\hc32f46x\build\iar\release\Obj\i2c_dev.o
#        C:\Users\User\Documents\01-HDSC_Files\09-M010\hc32f46x-ddl-rtos\rt_thread\bsp\hc32f46x\build\iar\release\Obj\idle.o
#        C:\Users\User\Documents\01-HDSC_Files\09-M010\hc32f46x-ddl-rtos\rt_thread\bsp\hc32f46x\build\iar\release\Obj\ipc.o
#        C:\Users\User\Documents\01-HDSC_Files\09-M010\hc32f46x-ddl-rtos\rt_thread\bsp\hc32f46x\build\iar\release\Obj\irq.o
#        C:\Users\User\Documents\01-HDSC_Files\09-M010\hc32f46x-ddl-rtos\rt_thread\bsp\hc32f46x\build\iar\release\Obj\kservice.o
#        C:\Users\User\Documents\01-HDSC_Files\09-M010\hc32f46x-ddl-rtos\rt_thread\bsp\hc32f46x\build\iar\release\Obj\libc.o
#        C:\Users\User\Documents\01-HDSC_Files\09-M010\hc32f46x-ddl-rtos\rt_thread\bsp\hc32f46x\build\iar\release\Obj\main.o
#        C:\Users\User\Documents\01-HDSC_Files\09-M010\hc32f46x-ddl-rtos\rt_thread\bsp\hc32f46x\build\iar\release\Obj\mem.o
#        C:\Users\User\Documents\01-HDSC_Files\09-M010\hc32f46x-ddl-rtos\rt_thread\bsp\hc32f46x\build\iar\release\Obj\memheap.o
#        C:\Users\User\Documents\01-HDSC_Files\09-M010\hc32f46x-ddl-rtos\rt_thread\bsp\hc32f46x\build\iar\release\Obj\mempool.o
#        C:\Users\User\Documents\01-HDSC_Files\09-M010\hc32f46x-ddl-rtos\rt_thread\bsp\hc32f46x\build\iar\release\Obj\msh.o
#        C:\Users\User\Documents\01-HDSC_Files\09-M010\hc32f46x-ddl-rtos\rt_thread\bsp\hc32f46x\build\iar\release\Obj\msh_cmd.o
#        C:\Users\User\Documents\01-HDSC_Files\09-M010\hc32f46x-ddl-rtos\rt_thread\bsp\hc32f46x\build\iar\release\Obj\msh_file.o
#        C:\Users\User\Documents\01-HDSC_Files\09-M010\hc32f46x-ddl-rtos\rt_thread\bsp\hc32f46x\build\iar\release\Obj\object.o
#        C:\Users\User\Documents\01-HDSC_Files\09-M010\hc32f46x-ddl-rtos\rt_thread\bsp\hc32f46x\build\iar\release\Obj\pin.o
#        C:\Users\User\Documents\01-HDSC_Files\09-M010\hc32f46x-ddl-rtos\rt_thread\bsp\hc32f46x\build\iar\release\Obj\pipe.o
#        C:\Users\User\Documents\01-HDSC_Files\09-M010\hc32f46x-ddl-rtos\rt_thread\bsp\hc32f46x\build\iar\release\Obj\qspi_core.o
#        C:\Users\User\Documents\01-HDSC_Files\09-M010\hc32f46x-ddl-rtos\rt_thread\bsp\hc32f46x\build\iar\release\Obj\ringblk_buf.o
#        C:\Users\User\Documents\01-HDSC_Files\09-M010\hc32f46x-ddl-rtos\rt_thread\bsp\hc32f46x\build\iar\release\Obj\ringbuffer.o
#        C:\Users\User\Documents\01-HDSC_Files\09-M010\hc32f46x-ddl-rtos\rt_thread\bsp\hc32f46x\build\iar\release\Obj\rmtx.o
#        C:\Users\User\Documents\01-HDSC_Files\09-M010\hc32f46x-ddl-rtos\rt_thread\bsp\hc32f46x\build\iar\release\Obj\rtc.o
#        C:\Users\User\Documents\01-HDSC_Files\09-M010\hc32f46x-ddl-rtos\rt_thread\bsp\hc32f46x\build\iar\release\Obj\scheduler.o
#        C:\Users\User\Documents\01-HDSC_Files\09-M010\hc32f46x-ddl-rtos\rt_thread\bsp\hc32f46x\build\iar\release\Obj\serial.o
#        C:\Users\User\Documents\01-HDSC_Files\09-M010\hc32f46x-ddl-rtos\rt_thread\bsp\hc32f46x\build\iar\release\Obj\shell.o
#        C:\Users\User\Documents\01-HDSC_Files\09-M010\hc32f46x-ddl-rtos\rt_thread\bsp\hc32f46x\build\iar\release\Obj\showmem.o
#        C:\Users\User\Documents\01-HDSC_Files\09-M010\hc32f46x-ddl-rtos\rt_thread\bsp\hc32f46x\build\iar\release\Obj\signal.o
#        C:\Users\User\Documents\01-HDSC_Files\09-M010\hc32f46x-ddl-rtos\rt_thread\bsp\hc32f46x\build\iar\release\Obj\spi_core.o
#        C:\Users\User\Documents\01-HDSC_Files\09-M010\hc32f46x-ddl-rtos\rt_thread\bsp\hc32f46x\build\iar\release\Obj\spi_dev.o
#        C:\Users\User\Documents\01-HDSC_Files\09-M010\hc32f46x-ddl-rtos\rt_thread\bsp\hc32f46x\build\iar\release\Obj\startup_hc32f46x.o
#        C:\Users\User\Documents\01-HDSC_Files\09-M010\hc32f46x-ddl-rtos\rt_thread\bsp\hc32f46x\build\iar\release\Obj\stdio.o
#        C:\Users\User\Documents\01-HDSC_Files\09-M010\hc32f46x-ddl-rtos\rt_thread\bsp\hc32f46x\build\iar\release\Obj\symbol.o
#        C:\Users\User\Documents\01-HDSC_Files\09-M010\hc32f46x-ddl-rtos\rt_thread\bsp\hc32f46x\build\iar\release\Obj\syscall_close.o
#        C:\Users\User\Documents\01-HDSC_Files\09-M010\hc32f46x-ddl-rtos\rt_thread\bsp\hc32f46x\build\iar\release\Obj\syscall_lseek.o
#        C:\Users\User\Documents\01-HDSC_Files\09-M010\hc32f46x-ddl-rtos\rt_thread\bsp\hc32f46x\build\iar\release\Obj\syscall_mem.o
#        C:\Users\User\Documents\01-HDSC_Files\09-M010\hc32f46x-ddl-rtos\rt_thread\bsp\hc32f46x\build\iar\release\Obj\syscall_open.o
#        C:\Users\User\Documents\01-HDSC_Files\09-M010\hc32f46x-ddl-rtos\rt_thread\bsp\hc32f46x\build\iar\release\Obj\syscall_read.o
#        C:\Users\User\Documents\01-HDSC_Files\09-M010\hc32f46x-ddl-rtos\rt_thread\bsp\hc32f46x\build\iar\release\Obj\syscall_remove.o
#        C:\Users\User\Documents\01-HDSC_Files\09-M010\hc32f46x-ddl-rtos\rt_thread\bsp\hc32f46x\build\iar\release\Obj\syscall_write.o
#        C:\Users\User\Documents\01-HDSC_Files\09-M010\hc32f46x-ddl-rtos\rt_thread\bsp\hc32f46x\build\iar\release\Obj\system_hc32f46x.o
#        C:\Users\User\Documents\01-HDSC_Files\09-M010\hc32f46x-ddl-rtos\rt_thread\bsp\hc32f46x\build\iar\release\Obj\thread.o
#        C:\Users\User\Documents\01-HDSC_Files\09-M010\hc32f46x-ddl-rtos\rt_thread\bsp\hc32f46x\build\iar\release\Obj\time.o
#        C:\Users\User\Documents\01-HDSC_Files\09-M010\hc32f46x-ddl-rtos\rt_thread\bsp\hc32f46x\build\iar\release\Obj\timer.o
#        C:\Users\User\Documents\01-HDSC_Files\09-M010\hc32f46x-ddl-rtos\rt_thread\bsp\hc32f46x\build\iar\release\Obj\waitqueue.o
#        C:\Users\User\Documents\01-HDSC_Files\09-M010\hc32f46x-ddl-rtos\rt_thread\bsp\hc32f46x\build\iar\release\Obj\watchdog.o
#        C:\Users\User\Documents\01-HDSC_Files\09-M010\hc32f46x-ddl-rtos\rt_thread\bsp\hc32f46x\build\iar\release\Obj\workqueue.o
#        -o
#        C:\Users\User\Documents\01-HDSC_Files\09-M010\hc32f46x-ddl-rtos\rt_thread\bsp\hc32f46x\build\iar\release\Exe\rtthread.out
#        --map
#        C:\Users\User\Documents\01-HDSC_Files\09-M010\hc32f46x-ddl-rtos\rt_thread\bsp\hc32f46x\build\iar\release\List\rtthread.map
#        --config
#        C:\Users\User\Documents\01-HDSC_Files\09-M010\hc32f46x-ddl-rtos\rt_thread\bsp\hc32f46x\drivers\linker_scripts\link.icf
#        --semihosting --entry __iar_program_start --redirect
#        __write=__write_buffered --vfe
#
###############################################################################

*******************************************************************************
*** RUNTIME MODEL ATTRIBUTES
***

CppFlavor                     = *
__SystemLibrary               = DLib
__dlib_dynamic_initialization = normal


*******************************************************************************
*** PLACEMENT SUMMARY
***

"A0":  place at 0x00000000 { ro section .intvec };
"P1":  place in [from 0x00000000 to 0x0007ffff] |
                [from 0x03000c00 to 0x03000ffb] { ro };
"P2":  place in [from 0x1fff8000 to 0x1fffffff] |
                [from 0x20000000 to 0x2000ffff repeat 2] |
                [from 0x20020000 to 0x20026fff] |
                [from 0x200f0000 to 0x200f0fff] { rw, block CSTACK, block HEAP };
initialize by copy { rw };

  Section              Kind        Address     Size  Object
  -------              ----        -------     ----  ------
"A0":                                         0x280
  .intvec              ro code  0x00000000    0x280  startup_hc32f46x.o [1]
                              - 0x00000280    0x280

"P1", part 1 of 2:                              0x0
  .rodata              const    0x00000280      0x0  zero_init3.o [5]
  .rodata              const    0x00000280      0x0  packbits_init.o [5]

Absolute sections:                             0x20
  .rodata              const    0x00000400     0x20  hc32f46x_icg.o [1]
                              - 0x00000420     0x20

"P1", part 2 of 2:                          0x174a1
  .text                ro code  0x00000420   0x3390  ff.o [1]
  .text                ro code  0x000037b0    0xc8c  dfs_elm.o [1]
  .text                ro code  0x0000443c    0x114  ccsbcs.o [1]
  .text                ro code  0x00004550    0x334  device.o [1]
  .text                ro code  0x00004884    0x8fe  kservice.o [1]
  .text                ro code  0x00005182     0x1a  xsnprout.o [3]
  .text                ro code  0x0000519c    0x9b4  mem.o [1]
  .text                ro code  0x00005b50     0x66  ABImemset.o [5]
  .rodata              const    0x00005bb6      0x2  dfs_elm.o [1]
  .text                ro code  0x00005bb8     0xd0  mktime.o [3]
  .text                ro code  0x00005c88    0x498  dfs_fs.o [1]
  .text                ro code  0x00006120     0x5c  time.o [1]
  .text                ro code  0x0000617c    0x330  scheduler.o [1]
  .text                ro code  0x000064ac     0xb6  localtim.o [3]
  .rodata              const    0x00006562      0x2  dfs_elm.o [1]
  .text                ro code  0x00006564     0x76  ABImemcpy_unaligned.o [5]
  .rodata              const    0x000065da      0x2  dfs_elm.o [1]
  .text                ro code  0x000065dc    0x708  ipc.o [1]
  .text                ro code  0x00006ce4    0x25c  object.o [1]
  .text                ro code  0x00006f40    0x5f4  thread.o [1]
  .text                ro code  0x00007534     0x78  irq.o [1]
  .text                ro code  0x000075ac     0xfc  context_iar.o [1]
  .text                ro code  0x000076a8    0x188  xttotm.o [3]
  .text                ro code  0x00007830    0x658  dfs.o [1]
  .text                ro code  0x00007e88     0x42  strcmp_unaligned.o [5]
  .text                ro code  0x00007ecc     0x36  strlen.o [5]
  .text                ro code  0x00007f02     0x2c  strncmp.o [3]
  .text                ro code  0x00007f30    0x8d8  dfs_file.o [1]
  .text                ro code  0x00008808    0x132  I64DivMod.o [5]
  .text                ro code  0x0000893c    0xb28  cmd.o [1]
  .text                ro code  0x00009464      0x2  xtls.o [3]
  .text                ro code  0x00009468     0x54  setlocale.o [3]
  .text                ro code  0x000094bc      0xa  getzone.o [3]
  .text                ro code  0x000094c6     0x42  xgettime.o [3]
  .text                ro code  0x00009508     0x88  xstol.o [3]
  .text                ro code  0x00009590    0x432  timer.o [1]
  .text                ro code  0x000099c4    0x388  cpuport.o [1]
  .text                ro code  0x00009d4c    0x134  xisdst.o [3]
  .text                ro code  0x00009e80    0x3a0  devfs.o [1]
  .text                ro code  0x0000a220    0x460  dfs_posix.o [1]
  .text                ro code  0x0000a680     0x10  dfs_file.o [1]
  .text                ro code  0x0000a690      0x2  I64DivZer.o [5]
  .text                ro code  0x0000a694     0x38  clock.o [1]
  .text                ro code  0x0000a6cc     0x16  strchr.o [5]
  .text                ro code  0x0000a6e2     0x14  isxxx.o [3]
  .text                ro code  0x0000a6f8    0x198  xstoul.o [3]
  .text                ro code  0x0000a890      0xc  errno.o [3]
  .text                ro code  0x0000a89c    0x15e  xgetdst.o [3]
  .text                ro code  0x0000a9fa     0x18  syscall_mem.o [1]
  .text                ro code  0x0000aa14     0x6c  strncpy_unaligned.o [5]
  .text                ro code  0x0000aa80     0x18  strrchr.o [3]
  .text                ro code  0x0000aa98     0x14  xlocale_c.o [3]
  .text                ro code  0x0000aaac     0x14  tolower.o [3]
  .text                ro code  0x0000aac0     0x58  memchr.o [5]
  .text                ro code  0x0000ab18      0xc  xlocale_c.o [3]
  .text                ro code  0x0000ab24   0x29ac  hc32f46x_interrupts.o [1]
  .text                ro code  0x0000d4d0     0x2c  hc32f46x_utility.o [1]
  .text                ro code  0x0000d4fc     0x24  printf.o [3]
  .text                ro code  0x0000d520    0x14e  xprintftiny.o [3]
  .text                ro code  0x0000d670    0xcc4  serial.o [1]
  .text                ro code  0x0000e334    0x17c  completion.o [1]
  .text                ro code  0x0000e4b0    0x390  dataqueue.o [1]
  .text                ro code  0x0000e840    0xa48  shell.o [1]
  .text                ro code  0x0000f288    0x544  msh.o [1]
  .text                ro code  0x0000f7cc     0x44  strcpy_unaligned.o [5]
  .text                ro code  0x0000f810     0x1c  strcat.o [3]
  .text                ro code  0x0000f82c     0x62  memcmp_unaligned.o [5]
  .text                ro code  0x0000f890    0x19c  msh_file.o [1]
  .text                ro code  0x0000fa2c     0x10  msh_file.o [1]
  .text                ro code  0x0000fa3c     0x2e  strstr.o [3]
  .text                ro code  0x0000fa6c    0x930  hc32f46x_usart.o [1]
  .text                ro code  0x0001039c     0x1e  I32ToFlt.o [4]
  .text                ro code  0x000103bc     0xd8  FltMul.o [4]
  .text                ro code  0x00010494     0xe6  FltSub.o [4]
  .text                ro code  0x0001057c     0xfc  FltDiv.o [4]
  .text                ro code  0x00010678     0x84  FltAdd.o [4]
  .text                ro code  0x000106fc     0x24  FltToU32.o [4]
  .text                ro code  0x00010720     0x24  FltCmpLe.o [4]
  .text                ro code  0x00010744     0x24  FltCmpGe.o [4]
  .text                ro code  0x00010768    0x842  xgentime.o [3]
  .text                ro code  0x00010fac    0x5c4  drv_i2c.o [1]
  .text                ro code  0x00011570    0x47c  hc32f46x_i2c.o [1]
  .text                ro code  0x000119ec    0x54c  hc32f46x_gpio.o [1]
  .text                ro code  0x00011f38     0x68  hc32f46x_pwc.o [1]
  .text                ro code  0x00011fa0    0x140  hc32f46x_clk.o [1]
  .text                ro code  0x000120e0    0x110  i2c_core.o [1]
  .text                ro code  0x000121f0     0x54  hc32_platform.o [1]
  .text                ro code  0x00012244    0x174  i2c_dev.o [1]
  .text                ro code  0x000123b8    0x4d8  drv_usart.o [1]
  .text                ro code  0x00012890    0x342  msh_cmd.o [1]
  FSymTab                       0x00012bd4    0x2b8  <Block>
    FSymTab            const    0x00012bd4      0xc  cmd.o [1]
    FSymTab            const    0x00012be0      0xc  cmd.o [1]
    FSymTab            const    0x00012bec      0xc  cmd.o [1]
    FSymTab            const    0x00012bf8      0xc  cmd.o [1]
    FSymTab            const    0x00012c04      0xc  cmd.o [1]
    FSymTab            const    0x00012c10      0xc  cmd.o [1]
    FSymTab            const    0x00012c1c      0xc  cmd.o [1]
    FSymTab            const    0x00012c28      0xc  cmd.o [1]
    FSymTab            const    0x00012c34      0xc  cmd.o [1]
    FSymTab            const    0x00012c40      0xc  cmd.o [1]
    FSymTab            const    0x00012c4c      0xc  cmd.o [1]
    FSymTab            const    0x00012c58      0xc  cmd.o [1]
    FSymTab            const    0x00012c64      0xc  cmd.o [1]
    FSymTab            const    0x00012c70      0xc  cmd.o [1]
    FSymTab            const    0x00012c7c      0xc  cmd.o [1]
    FSymTab            const    0x00012c88      0xc  cmd.o [1]
    FSymTab            const    0x00012c94      0xc  cmd.o [1]
    FSymTab            const    0x00012ca0      0xc  cmd.o [1]
    FSymTab            const    0x00012cac      0xc  cmd.o [1]
    FSymTab            const    0x00012cb8      0xc  cmd.o [1]
    FSymTab            const    0x00012cc4      0xc  cmd.o [1]
    FSymTab            const    0x00012cd0      0xc  cmd.o [1]
    FSymTab            const    0x00012cdc      0xc  cmd.o [1]
    FSymTab            const    0x00012ce8      0xc  cmd.o [1]
    FSymTab            const    0x00012cf4      0xc  dfs.o [1]
    FSymTab            const    0x00012d00      0xc  dfs_file.o [1]
    FSymTab            const    0x00012d0c      0xc  dfs_file.o [1]
    FSymTab            const    0x00012d18      0xc  dfs_file.o [1]
    FSymTab            const    0x00012d24      0xc  dfs_file.o [1]
    FSymTab            const    0x00012d30      0xc  dfs_fs.o [1]
    FSymTab            const    0x00012d3c      0xc  dfs_fs.o [1]
    FSymTab            const    0x00012d48      0xc  dfs_posix.o [1]
    FSymTab            const    0x00012d54      0xc  dfs_posix.o [1]
    FSymTab            const    0x00012d60      0xc  mem.o [1]
    FSymTab            const    0x00012d6c      0xc  mem.o [1]
    FSymTab            const    0x00012d78      0xc  mem.o [1]
    FSymTab            const    0x00012d84      0xc  msh.o [1]
    FSymTab            const    0x00012d90      0xc  msh_cmd.o [1]
    FSymTab            const    0x00012d9c      0xc  msh_cmd.o [1]
    FSymTab            const    0x00012da8      0xc  msh_cmd.o [1]
    FSymTab            const    0x00012db4      0xc  msh_cmd.o [1]
    FSymTab            const    0x00012dc0      0xc  msh_cmd.o [1]
    FSymTab            const    0x00012dcc      0xc  msh_cmd.o [1]
    FSymTab            const    0x00012dd8      0xc  msh_cmd.o [1]
    FSymTab            const    0x00012de4      0xc  msh_cmd.o [1]
    FSymTab            const    0x00012df0      0xc  msh_cmd.o [1]
    FSymTab            const    0x00012dfc      0xc  msh_cmd.o [1]
    FSymTab            const    0x00012e08      0xc  msh_cmd.o [1]
    FSymTab            const    0x00012e14      0xc  msh_cmd.o [1]
    FSymTab            const    0x00012e20      0xc  msh_cmd.o [1]
    FSymTab            const    0x00012e2c      0xc  msh_cmd.o [1]
    FSymTab            const    0x00012e38      0xc  pin.o [1]
    FSymTab            const    0x00012e44      0xc  pin.o [1]
    FSymTab            const    0x00012e50      0xc  pin.o [1]
    FSymTab            const    0x00012e5c      0xc  rtc.o [1]
    FSymTab            const    0x00012e68      0xc  rtc.o [1]
    FSymTab            const    0x00012e74      0xc  rtc.o [1]
    FSymTab            const    0x00012e80      0xc  rtc.o [1]
  .text                ro code  0x00012e8c    0x268  rtc.o [1]
  .text                ro code  0x000130f4      0xe  ctime.o [3]
  .text                ro code  0x00013102      0x8  atoi.o [3]
  .text                ro code  0x0001310c     0x2c  asctime.o [3]
  .text                ro code  0x00013138    0x180  xlocale_c.o [3]
  .text                ro code  0x000132b8    0x10c  xstrftim.o [3]
  .text                ro code  0x000133c4     0x20  xmbtowc.o [3]
  .text                ro code  0x000133e4     0x40  xencoding_sb.o [3]
  .rodata              const    0x00013424    0x1f4  ccsbcs.o [1]
  .text                ro code  0x00013618    0x16c  idle.o [1]
  .text                ro code  0x00013784    0x10a  components.o [1]
  .text                ro code  0x00013890     0x28  data_init.o [5]
  .text                ro code  0x000138b8     0x8a  main.o [1]
  .text                ro code  0x00013944     0xc4  board.o [1]
  .text                ro code  0x00013a08     0xd8  system_hc32f46x.o [1]
  .rodata              const    0x00013ae0    0x100  ccsbcs.o [1]
  .rodata              const    0x00013be0    0x100  kservice.o [1]
  .text                ro code  0x00013ce0     0xce  packbits_init.o [5]
  .text                ro code  0x00013dae      0x6  abort.o [3]
  .text                ro code  0x00013db4     0x14  exit.o [6]
  .rodata              const    0x00013dc8     0xbc  ccsbcs.o [1]
  .rodata              const    0x00013e84     0x98  hc32f46x_interrupts.o [1]
  .rodata              const    0x00013f1c     0x90  hc32f46x_gpio.o [1]
  .rodata              const    0x00013fac     0x90  hc32f46x_i2c.o [1]
  .rodata              const    0x0001403c     0x90  hc32f46x_pwc.o [1]
  .rodata              const    0x000140cc     0x90  hc32f46x_usart.o [1]
  .text                ro code  0x0001415c     0x88  pin.o [1]
  .rodata              const    0x000141e4     0x80  ff.o [1]
  .rodata              const    0x00014264     0x5c  mem.o [1]
  .rodata              const    0x000142c0     0x54  cmd.o [1]
  .text                ro code  0x00014314     0x50  stdio.o [1]
  .text                ro code  0x00014364     0x44  snprintf.o [3]
  .rodata              const    0x000143a8     0x4c  mem.o [1]
  .rodata              const    0x000143f4     0x48  ipc.o [1]
  .rodata              const    0x0001443c     0x44  cmd.o [1]
  .rodata              const    0x00014480     0x44  dfs_elm.o [1]
  .rodata              const    0x000144c4     0x44  ipc.o [1]
  .rodata              const    0x00014508     0x44  mem.o [1]
  .rodata              const    0x0001454c     0x44  thread.o [1]
  .text                ro code  0x00014590     0x44  startup_hc32f46x.o [1]
  .rodata              const    0x000145d4     0x40  cmd.o [1]
  .rodata              const    0x00014614     0x40  ipc.o [1]
  .text                ro code  0x00014654     0x40  zero_init3.o [5]
  .rodata              const    0x00014694     0x3c  device.o [1]
  .rodata              const    0x000146d0     0x3c  drv_i2c.o [1]
  .rodata              const    0x0001470c     0x3c  mem.o [1]
  .rodata              const    0x00014748     0x3c  rtc.o [1]
  .rodata              const    0x00014784     0x3c  thread.o [1]
  .rodata              const    0x000147c0     0x3c  thread.o [1]
  .rodata              const    0x000147fc     0x3c  timer.o [1]
  .rodata              const    0x00014838     0x38  device.o [1]
  .rodata              const    0x00014870     0x38  dfs_fs.o [1]
  .rodata              const    0x000148a8     0x38  ipc.o [1]
  .rodata              const    0x000148e0     0x38  kservice.o [1]
  .rodata              const    0x00014918     0x38  msh_cmd.o [1]
  .rodata              const    0x00014950     0x38  msh_cmd.o [1]
  .rodata              const    0x00014988     0x38  scheduler.o [1]
  .rodata              const    0x000149c0     0x38  thread.o [1]
  .rodata.name         const    0x000149f8     0x38  rtc.o [1]
  .rodata.name         const    0x00014a30     0x34  msh_cmd.o [1]
  .rodata              const    0x00014a64     0x30  cmd.o [1]
  .rodata              const    0x00014a94     0x30  completion.o [1]
  .rodata              const    0x00014ac4     0x30  hc32f46x_utility.o [1]
  .rodata              const    0x00014af4     0x30  mem.o [1]
  .rodata              const    0x00014b24     0x30  mem.o [1]
  .rodata              const    0x00014b54     0x30  mem.o [1]
  .rodata              const    0x00014b84     0x2c  cmd.o [1]
  .rodata              const    0x00014bb0     0x2c  dfs_file.o [1]
  .rodata              const    0x00014bdc     0x2c  drv_i2c.o [1]
  .rodata              const    0x00014c08     0x2c  kservice.o [1]
  .rodata              const    0x00014c34     0x2c  mem.o [1]
  .rodata              const    0x00014c60     0x2c  object.o [1]
  .rodata              const    0x00014c8c     0x2c  serial.o [1]
  .rodata              const    0x00014cb8     0x2c  timer.o [1]
  .rodata              const    0x00014ce4     0x28  cmd.o [1]
  .rodata              const    0x00014d0c     0x28  cmd.o [1]
  .rodata              const    0x00014d34     0x28  cmd.o [1]
  .rodata              const    0x00014d5c     0x28  cmd.o [1]
  .rodata              const    0x00014d84     0x28  completion.o [1]
  .rodata              const    0x00014dac     0x28  dataqueue.o [1]
  .rodata              const    0x00014dd4     0x28  devfs.o [1]
  .rodata              const    0x00014dfc     0x28  dfs_elm.o [1]
  .rodata              const    0x00014e24     0x28  dfs_elm.o [1]
  .rodata              const    0x00014e4c     0x28  idle.o [1]
  .rodata              const    0x00014e74     0x28  ipc.o [1]
  .rodata              const    0x00014e9c     0x28  mem.o [1]
  .rodata              const    0x00014ec4     0x28  mem.o [1]
  .rodata              const    0x00014eec     0x28  object.o [1]
  .rodata              const    0x00014f14     0x28  rtc.o [1]
  .rodata              const    0x00014f3c     0x28  serial.o [1]
  .rodata              const    0x00014f64     0x28  serial.o [1]
  .rodata              const    0x00014f8c     0x28  serial.o [1]
  .rodata.name         const    0x00014fb4     0x28  msh_cmd.o [1]
  .rodata              const    0x00014fdc     0x24  cmd.o [1]
  .rodata              const    0x00015000     0x24  cmd.o [1]
  .rodata              const    0x00015024     0x24  cmd.o [1]
  .rodata              const    0x00015048     0x24  cmd.o [1]
  .rodata              const    0x0001506c     0x24  cmd.o [1]
  .rodata              const    0x00015090     0x24  cmd.o [1]
  .rodata              const    0x000150b4     0x24  devfs.o [1]
  .rodata              const    0x000150d8     0x24  dfs_elm.o [1]
  .rodata              const    0x000150fc     0x24  dfs_file.o [1]
  .rodata              const    0x00015120     0x24  kservice.o [1]
  .rodata              const    0x00015144     0x24  msh_cmd.o [1]
  .rodata              const    0x00015168     0x24  msh_cmd.o [1]
  .rodata              const    0x0001518c     0x24  rtc.o [1]
  .rodata              const    0x000151b0     0x24  thread.o [1]
  .rodata              const    0x000151d4     0x24  timer.o [1]
  .rodata.name         const    0x000151f8     0x24  cmd.o [1]
  .rodata.name         const    0x0001521c     0x24  cmd.o [1]
  .rodata.name         const    0x00015240     0x24  dfs_posix.o [1]
  .rodata.name         const    0x00015264     0x24  msh_cmd.o [1]
  .rodata.name         const    0x00015288     0x24  msh_cmd.o [1]
  .rodata.name         const    0x000152ac     0x24  rtc.o [1]
  .rodata.name         const    0x000152d0     0x24  rtc.o [1]
  .iar.init_table      const    0x000152f4     0x30  - Linker created -
  .rodata              const    0x00015324     0x20  cmd.o [1]
  .rodata              const    0x00015344     0x20  cmd.o [1]
  .rodata              const    0x00015364     0x20  components.o [1]
  .rodata              const    0x00015384     0x20  cpuport.o [1]
  .rodata              const    0x000153a4     0x20  dfs.o [1]
  .rodata              const    0x000153c4     0x20  i2c_dev.o [1]
  .rodata              const    0x000153e4     0x20  kservice.o [1]
  .rodata              const    0x00015404     0x20  mem.o [1]
  .rodata              const    0x00015424     0x20  mem.o [1]
  .rodata              const    0x00015444     0x20  mem.o [1]
  .rodata              const    0x00015464     0x20  msh.o [1]
  .rodata              const    0x00015484     0x20  msh_cmd.o [1]
  .rodata              const    0x000154a4     0x20  msh_cmd.o [1]
  .rodata              const    0x000154c4     0x20  rtc.o [1]
  .rodata              const    0x000154e4     0x20  rtc.o [1]
  .rodata              const    0x00015504     0x20  rtc.o [1]
  .rodata              const    0x00015524     0x20  rtc.o [1]
  .rodata              const    0x00015544     0x20  serial.o [1]
  .rodata              const    0x00015564     0x20  serial.o [1]
  .rodata              const    0x00015584     0x20  serial.o [1]
  .rodata              const    0x000155a4     0x20  shell.o [1]
  .rodata.name         const    0x000155c4     0x20  cmd.o [1]
  .rodata.name         const    0x000155e4     0x20  cmd.o [1]
  .rodata.name         const    0x00015604     0x20  mem.o [1]
  .rodata.name         const    0x00015624     0x20  mem.o [1]
  .rodata.name         const    0x00015644     0x20  msh_cmd.o [1]
  .rodata.name         const    0x00015664     0x20  pin.o [1]
  .text                ro code  0x00015684     0x20  cmain_call_ctors.o [5]
  .text                ro code  0x000156a4     0x18  cppinit.o [3]
  .rodata              const    0x000156bc     0x1c  cmd.o [1]
  .rodata              const    0x000156d8     0x1c  cmd.o [1]
  .rodata              const    0x000156f4     0x1c  cmd.o [1]
  .rodata              const    0x00015710     0x1c  cmd.o [1]
  .rodata              const    0x0001572c     0x1c  cmd.o [1]
  .rodata              const    0x00015748     0x1c  cmd.o [1]
  .rodata              const    0x00015764     0x1c  cpuport.o [1]
  .rodata              const    0x00015780     0x1c  device.o [1]
  .rodata              const    0x0001579c     0x1c  dfs.o [1]
  .rodata              const    0x000157b8     0x1c  drv_i2c.o [1]
  .rodata              const    0x000157d4     0x1c  drv_i2c.o [1]
  .rodata              const    0x000157f0     0x1c  drv_usart.o [1]
  .rodata              const    0x0001580c     0x1c  mem.o [1]
  .rodata              const    0x00015828     0x1c  mem.o [1]
  .rodata              const    0x00015844     0x1c  msh.o [1]
  .rodata              const    0x00015860     0x1c  object.o [1]
  .rodata              const    0x0001587c     0x1c  rtc.o [1]
  .rodata              const    0x00015898     0x1c  scheduler.o [1]
  .rodata              const    0x000158b4     0x1c  scheduler.o [1]
  .rodata              const    0x000158d0     0x1c  scheduler.o [1]
  .rodata              const    0x000158ec     0x1c  scheduler.o [1]
  .rodata              const    0x00015908     0x1c  thread.o [1]
  .rodata.name         const    0x00015924     0x1c  cmd.o [1]
  .rodata.name         const    0x00015940     0x1c  cmd.o [1]
  .rodata.name         const    0x0001595c     0x1c  cmd.o [1]
  .rodata.name         const    0x00015978     0x1c  cmd.o [1]
  .rodata.name         const    0x00015994     0x1c  cmd.o [1]
  .rodata.name         const    0x000159b0     0x1c  cmd.o [1]
  .rodata.name         const    0x000159cc     0x1c  cmd.o [1]
  .rodata.name         const    0x000159e8     0x1c  dfs_file.o [1]
  .rodata.name         const    0x00015a04     0x1c  msh_cmd.o [1]
  .rodata.name         const    0x00015a20     0x1c  msh_cmd.o [1]
  .rodata.name         const    0x00015a3c     0x1c  msh_cmd.o [1]
  .rodata.name         const    0x00015a58     0x1c  pin.o [1]
  .text                ro code  0x00015a74     0x1a  cmain.o [5]
  .text                ro code  0x00015a8e      0x4  exit.o [3]
  .text                ro code  0x00015a94      0xa  cexit.o [5]
  .rodata              const    0x00015aa0     0x18  cmd.o [1]
  .rodata              const    0x00015ab8     0x18  cmd.o [1]
  .rodata              const    0x00015ad0     0x18  cmd.o [1]
  .rodata              const    0x00015ae8     0x18  cmd.o [1]
  .rodata              const    0x00015b00     0x18  cmd.o [1]
  .rodata              const    0x00015b18     0x18  cmd.o [1]
  .rodata              const    0x00015b30     0x18  cmd.o [1]
  .rodata              const    0x00015b48     0x18  cmd.o [1]
  .rodata              const    0x00015b60     0x18  cmd.o [1]
  .rodata              const    0x00015b78     0x18  completion.o [1]
  .rodata              const    0x00015b90     0x18  cpuport.o [1]
  .rodata              const    0x00015ba8     0x18  cpuport.o [1]
  .rodata              const    0x00015bc0     0x18  cpuport.o [1]
  .rodata              const    0x00015bd8     0x18  cpuport.o [1]
  .rodata              const    0x00015bf0     0x18  devfs.o [1]
  .rodata              const    0x00015c08     0x18  devfs.o [1]
  .rodata              const    0x00015c20     0x18  devfs.o [1]
  .rodata              const    0x00015c38     0x18  device.o [1]
  .rodata              const    0x00015c50     0x18  dfs_file.o [1]
  .rodata              const    0x00015c68     0x18  dfs_file.o [1]
  .rodata              const    0x00015c80     0x18  dfs_fs.o [1]
  .rodata              const    0x00015c98     0x18  drv_i2c.o [1]
  .rodata              const    0x00015cb0     0x18  drv_i2c.o [1]
  .rodata              const    0x00015cc8     0x18  drv_i2c.o [1]
  .rodata              const    0x00015ce0     0x18  drv_usart.o [1]
  .rodata              const    0x00015cf8     0x18  drv_usart.o [1]
  .rodata              const    0x00015d10     0x18  i2c_dev.o [1]
  .rodata              const    0x00015d28     0x18  i2c_dev.o [1]
  .rodata              const    0x00015d40     0x18  idle.o [1]
  .rodata              const    0x00015d58     0x18  mem.o [1]
  .rodata              const    0x00015d70     0x18  mem.o [1]
  .rodata              const    0x00015d88     0x18  msh.o [1]
  .rodata              const    0x00015da0     0x18  msh_cmd.o [1]
  .rodata              const    0x00015db8     0x18  msh_cmd.o [1]
  .rodata              const    0x00015dd0     0x18  msh_cmd.o [1]
  .rodata              const    0x00015de8     0x18  msh_cmd.o [1]
  .rodata              const    0x00015e00     0x18  msh_cmd.o [1]
  .rodata              const    0x00015e18     0x18  msh_cmd.o [1]
  .rodata              const    0x00015e30     0x18  msh_cmd.o [1]
  .rodata              const    0x00015e48     0x18  msh_cmd.o [1]
  .rodata              const    0x00015e60     0x18  object.o [1]
  .rodata              const    0x00015e78     0x18  pin.o [1]
  .rodata              const    0x00015e90     0x18  serial.o [1]
  .rodata              const    0x00015ea8     0x18  shell.o [1]
  .rodata              const    0x00015ec0     0x18  shell.o [1]
  .rodata              const    0x00015ed8     0x18  thread.o [1]
  .rodata.name         const    0x00015ef0     0x18  cmd.o [1]
  .rodata.name         const    0x00015f08     0x18  cmd.o [1]
  .rodata.name         const    0x00015f20     0x18  cmd.o [1]
  .rodata.name         const    0x00015f38     0x18  cmd.o [1]
  .rodata.name         const    0x00015f50     0x18  cmd.o [1]
  .rodata.name         const    0x00015f68     0x18  cmd.o [1]
  .rodata.name         const    0x00015f80     0x18  cmd.o [1]
  .rodata.name         const    0x00015f98     0x18  cmd.o [1]
  .rodata.name         const    0x00015fb0     0x18  cmd.o [1]
  .rodata.name         const    0x00015fc8     0x18  cmd.o [1]
  .rodata.name         const    0x00015fe0     0x18  dfs.o [1]
  .rodata.name         const    0x00015ff8     0x18  dfs_file.o [1]
  .rodata.name         const    0x00016010     0x18  msh.o [1]
  .rodata.name         const    0x00016028     0x18  msh_cmd.o [1]
  .rodata.name         const    0x00016040     0x18  msh_cmd.o [1]
  .rodata.name         const    0x00016058     0x18  msh_cmd.o [1]
  .rodata.name         const    0x00016070     0x18  pin.o [1]
  .text                ro code  0x00016088     0x18  libc.o [1]
  .text                ro code  0x000160a0     0x16  xprout.o [3]
  .text                ro code  0x000160b8      0xc  putchar.o [3]
  .rodata              const    0x000160c4     0x14  cmd.o [1]
  .rodata              const    0x000160d8     0x14  cmd.o [1]
  .rodata              const    0x000160ec     0x14  cmd.o [1]
  .rodata              const    0x00016100     0x14  cmd.o [1]
  .rodata              const    0x00016114     0x14  cmd.o [1]
  .rodata              const    0x00016128     0x14  cmd.o [1]
  .rodata              const    0x0001613c     0x14  cmd.o [1]
  .rodata              const    0x00016150     0x14  cmd.o [1]
  .rodata              const    0x00016164     0x14  cmd.o [1]
  .rodata              const    0x00016178     0x14  cmd.o [1]
  .rodata              const    0x0001618c     0x14  completion.o [1]
  .rodata              const    0x000161a0     0x14  completion.o [1]
  .rodata              const    0x000161b4     0x14  completion.o [1]
  .rodata              const    0x000161c8     0x14  components.o [1]
  .rodata              const    0x000161dc     0x14  cpuport.o [1]
  .rodata              const    0x000161f0     0x14  dataqueue.o [1]
  .rodata              const    0x00016204     0x14  dataqueue.o [1]
  .rodata              const    0x00016218     0x14  dataqueue.o [1]
  .rodata              const    0x0001622c     0x14  dataqueue.o [1]
  .rodata              const    0x00016240     0x14  dataqueue.o [1]
  .rodata              const    0x00016254     0x14  dataqueue.o [1]
  .rodata              const    0x00016268     0x14  devfs.o [1]
  .rodata              const    0x0001627c     0x14  devfs.o [1]
  .rodata              const    0x00016290     0x14  devfs.o [1]
  .rodata              const    0x000162a4     0x14  devfs.o [1]
  .rodata              const    0x000162b8     0x14  devfs.o [1]
  .rodata              const    0x000162cc     0x14  devfs.o [1]
  .rodata              const    0x000162e0     0x14  device.o [1]
  .rodata              const    0x000162f4     0x14  device.o [1]
  .rodata              const    0x00016308     0x14  dfs.o [1]
  .rodata              const    0x0001631c     0x14  dfs.o [1]
  .rodata              const    0x00016330     0x14  dfs.o [1]
  .rodata              const    0x00016344     0x14  dfs_elm.o [1]
  .rodata              const    0x00016358     0x14  dfs_file.o [1]
  .rodata              const    0x0001636c     0x14  dfs_file.o [1]
  .rodata              const    0x00016380     0x14  dfs_file.o [1]
  .rodata              const    0x00016394     0x14  dfs_fs.o [1]
  .rodata              const    0x000163a8     0x14  drv_i2c.o [1]
  .rodata              const    0x000163bc     0x14  drv_i2c.o [1]
  .rodata              const    0x000163d0     0x14  drv_i2c.o [1]
  .rodata              const    0x000163e4     0x14  drv_i2c.o [1]
  .rodata              const    0x000163f8     0x14  drv_usart.o [1]
  .rodata              const    0x0001640c     0x14  drv_usart.o [1]
  .rodata              const    0x00016420     0x14  drv_usart.o [1]
  .rodata              const    0x00016434     0x14  drv_usart.o [1]
  .rodata              const    0x00016448     0x14  ff.o [1]
  .rodata              const    0x0001645c     0x14  ff.o [1]
  .rodata              const    0x00016470     0x14  i2c_core.o [1]
  .rodata              const    0x00016484     0x14  i2c_core.o [1]
  .rodata              const    0x00016498     0x14  i2c_dev.o [1]
  .rodata              const    0x000164ac     0x14  i2c_dev.o [1]
  .rodata              const    0x000164c0     0x14  ipc.o [1]
  .rodata              const    0x000164d4     0x14  ipc.o [1]
  .rodata              const    0x000164e8     0x14  kservice.o [1]
  .rodata              const    0x000164fc     0x14  kservice.o [1]
  .rodata              const    0x00016510     0x14  libc.o [1]
  .rodata              const    0x00016524     0x14  mem.o [1]
  .rodata              const    0x00016538     0x14  mem.o [1]
  .rodata              const    0x0001654c     0x14  mem.o [1]
  .rodata              const    0x00016560     0x14  mem.o [1]
  .rodata              const    0x00016574     0x14  mem.o [1]
  .rodata              const    0x00016588     0x14  mem.o [1]
  .rodata              const    0x0001659c     0x14  mem.o [1]
  .rodata              const    0x000165b0     0x14  mem.o [1]
  .rodata              const    0x000165c4     0x14  msh_cmd.o [1]
  .rodata              const    0x000165d8     0x14  object.o [1]
  .rodata              const    0x000165ec     0x14  object.o [1]
  .rodata              const    0x00016600     0x14  object.o [1]
  .rodata              const    0x00016614     0x14  object.o [1]
  .rodata              const    0x00016628     0x14  object.o [1]
  .rodata              const    0x0001663c     0x14  scheduler.o [1]
  .rodata              const    0x00016650     0x14  serial.o [1]
  .rodata              const    0x00016664     0x14  serial.o [1]
  .rodata              const    0x00016678     0x14  serial.o [1]
  .rodata              const    0x0001668c     0x14  serial.o [1]
  .rodata              const    0x000166a0     0x14  serial.o [1]
  .rodata              const    0x000166b4     0x14  serial.o [1]
  .rodata              const    0x000166c8     0x14  serial.o [1]
  .rodata              const    0x000166dc     0x14  shell.o [1]
  .rodata              const    0x000166f0     0x14  shell.o [1]
  .rodata              const    0x00016704     0x14  shell.o [1]
  .rodata              const    0x00016718     0x14  thread.o [1]
  .rodata              const    0x0001672c     0x14  thread.o [1]
  .rodata              const    0x00016740     0x14  thread.o [1]
  .rodata              const    0x00016754     0x14  thread.o [1]
  .rodata              const    0x00016768     0x14  thread.o [1]
  .rodata              const    0x0001677c     0x14  thread.o [1]
  .rodata              const    0x00016790     0x14  thread.o [1]
  .rodata              const    0x000167a4     0x14  timer.o [1]
  .rodata              const    0x000167b8     0x14  timer.o [1]
  .rodata.name         const    0x000167cc     0x14  cmd.o [1]
  .rodata.name         const    0x000167e0     0x14  cmd.o [1]
  .rodata.name         const    0x000167f4     0x14  cmd.o [1]
  .rodata.name         const    0x00016808     0x14  cmd.o [1]
  .rodata.name         const    0x0001681c     0x14  cmd.o [1]
  .rodata.name         const    0x00016830     0x14  cmd.o [1]
  .rodata.name         const    0x00016844     0x14  cmd.o [1]
  .rodata.name         const    0x00016858     0x14  cmd.o [1]
  .rodata.name         const    0x0001686c     0x14  cmd.o [1]
  .rodata.name         const    0x00016880     0x14  dfs_file.o [1]
  .rodata.name         const    0x00016894     0x14  dfs_fs.o [1]
  .rodata.name         const    0x000168a8     0x14  dfs_posix.o [1]
  .rodata.name         const    0x000168bc     0x14  mem.o [1]
  .rodata.name         const    0x000168d0     0x14  msh_cmd.o [1]
  .rodata.name         const    0x000168e4     0x14  msh_cmd.o [1]
  .rodata.name         const    0x000168f8     0x14  rtc.o [1]
  .rodata              const    0x0001690c     0x10  cmd.o [1]
  .rodata              const    0x0001691c     0x10  cmd.o [1]
  .rodata              const    0x0001692c     0x10  cmd.o [1]
  .rodata              const    0x0001693c     0x10  cmd.o [1]
  .rodata              const    0x0001694c     0x10  cmd.o [1]
  .rodata              const    0x0001695c     0x10  cmd.o [1]
  .rodata              const    0x0001696c     0x10  cmd.o [1]
  .rodata              const    0x0001697c     0x10  cmd.o [1]
  .rodata              const    0x0001698c     0x10  cmd.o [1]
  .rodata              const    0x0001699c     0x10  cmd.o [1]
  .rodata              const    0x000169ac     0x10  cmd.o [1]
  .rodata              const    0x000169bc     0x10  components.o [1]
  .rodata              const    0x000169cc     0x10  components.o [1]
  .rodata              const    0x000169dc     0x10  components.o [1]
  .rodata              const    0x000169ec     0x10  components.o [1]
  .rodata              const    0x000169fc     0x10  cpuport.o [1]
  .rodata              const    0x00016a0c     0x10  cpuport.o [1]
  .rodata              const    0x00016a1c     0x10  cpuport.o [1]
  .rodata              const    0x00016a2c     0x10  cpuport.o [1]
  .rodata              const    0x00016a3c     0x10  cpuport.o [1]
  .rodata              const    0x00016a4c     0x10  cpuport.o [1]
  .rodata              const    0x00016a5c     0x10  cpuport.o [1]
  .rodata              const    0x00016a6c     0x10  cpuport.o [1]
  .rodata              const    0x00016a7c     0x10  cpuport.o [1]
  .rodata              const    0x00016a8c     0x10  cpuport.o [1]
  .rodata              const    0x00016a9c     0x10  cpuport.o [1]
  .rodata              const    0x00016aac     0x10  cpuport.o [1]
  .rodata              const    0x00016abc     0x10  cpuport.o [1]
  .rodata              const    0x00016acc     0x10  cpuport.o [1]
  .rodata              const    0x00016adc     0x10  cpuport.o [1]
  .rodata              const    0x00016aec     0x10  cpuport.o [1]
  .rodata              const    0x00016afc     0x10  cpuport.o [1]
  .rodata              const    0x00016b0c     0x10  cpuport.o [1]
  .rodata              const    0x00016b1c     0x10  cpuport.o [1]
  .rodata              const    0x00016b2c     0x10  cpuport.o [1]
  .rodata              const    0x00016b3c     0x10  cpuport.o [1]
  .rodata              const    0x00016b4c     0x10  cpuport.o [1]
  .rodata              const    0x00016b5c     0x10  dataqueue.o [1]
  .rodata              const    0x00016b6c     0x10  devfs.o [1]
  .rodata              const    0x00016b7c     0x10  device.o [1]
  .rodata              const    0x00016b8c     0x10  device.o [1]
  .rodata              const    0x00016b9c     0x10  device.o [1]
  .rodata              const    0x00016bac     0x10  device.o [1]
  .rodata              const    0x00016bbc     0x10  device.o [1]
  .rodata              const    0x00016bcc     0x10  device.o [1]
  .rodata              const    0x00016bdc     0x10  dfs_elm.o [1]
  .rodata              const    0x00016bec     0x10  dfs_elm.o [1]
  .rodata              const    0x00016bfc     0x10  dfs_elm.o [1]
  .rodata              const    0x00016c0c     0x10  dfs_elm.o [1]
  .rodata              const    0x00016c1c     0x10  dfs_elm.o [1]
  .rodata              const    0x00016c2c     0x10  dfs_elm.o [1]
  .rodata              const    0x00016c3c     0x10  dfs_elm.o [1]
  .rodata              const    0x00016c4c     0x10  dfs_elm.o [1]
  .rodata              const    0x00016c5c     0x10  dfs_elm.o [1]
  .rodata              const    0x00016c6c     0x10  dfs_elm.o [1]
  .rodata              const    0x00016c7c     0x10  dfs_elm.o [1]
  .rodata              const    0x00016c8c     0x10  dfs_elm.o [1]
  .rodata              const    0x00016c9c     0x10  dfs_elm.o [1]
  .rodata              const    0x00016cac     0x10  dfs_file.o [1]
  .rodata              const    0x00016cbc     0x10  dfs_file.o [1]
  .rodata              const    0x00016ccc     0x10  dfs_file.o [1]
  .rodata              const    0x00016cdc     0x10  dfs_file.o [1]
  .rodata              const    0x00016cec     0x10  dfs_file.o [1]
  .rodata              const    0x00016cfc     0x10  dfs_file.o [1]
  .rodata              const    0x00016d0c     0x10  dfs_file.o [1]
  .rodata              const    0x00016d1c     0x10  drv_i2c.o [1]
  .rodata              const    0x00016d2c     0x10  drv_i2c.o [1]
  .rodata              const    0x00016d3c     0x10  drv_usart.o [1]
  .rodata              const    0x00016d4c     0x10  drv_usart.o [1]
  .rodata              const    0x00016d5c     0x10  drv_usart.o [1]
  .rodata              const    0x00016d6c     0x10  ff.o [1]
  .rodata              const    0x00016d7c     0x10  ff.o [1]
  .rodata              const    0x00016d8c     0x10  ff.o [1]
  .rodata              const    0x00016d9c     0x10  hc32f46x_usart.o [1]
  .rodata              const    0x00016dac     0x10  i2c_core.o [1]
  .rodata              const    0x00016dbc     0x10  i2c_core.o [1]
  .rodata              const    0x00016dcc     0x10  i2c_dev.o [1]
  .rodata              const    0x00016ddc     0x10  ipc.o [1]
  .rodata              const    0x00016dec     0x10  ipc.o [1]
  .rodata              const    0x00016dfc     0x10  ipc.o [1]
  .rodata              const    0x00016e0c     0x10  ipc.o [1]
  .rodata              const    0x00016e1c     0x10  ipc.o [1]
  .rodata              const    0x00016e2c     0x10  ipc.o [1]
  .rodata              const    0x00016e3c     0x10  mem.o [1]
  .rodata              const    0x00016e4c     0x10  mem.o [1]
  .rodata              const    0x00016e5c     0x10  msh.o [1]
  .rodata              const    0x00016e6c     0x10  msh_cmd.o [1]
  .rodata              const    0x00016e7c     0x10  object.o [1]
  .rodata              const    0x00016e8c     0x10  pin.o [1]
  .rodata              const    0x00016e9c     0x10  serial.o [1]
  .rodata              const    0x00016eac     0x10  serial.o [1]
  .rodata              const    0x00016ebc     0x10  serial.o [1]
  .rodata              const    0x00016ecc     0x10  serial.o [1]
  .rodata              const    0x00016edc     0x10  serial.o [1]
  .rodata              const    0x00016eec     0x10  serial.o [1]
  .rodata              const    0x00016efc     0x10  serial.o [1]
  .rodata              const    0x00016f0c     0x10  serial.o [1]
  .rodata              const    0x00016f1c     0x10  serial.o [1]
  .rodata              const    0x00016f2c     0x10  serial.o [1]
  .rodata              const    0x00016f3c     0x10  serial.o [1]
  .rodata              const    0x00016f4c     0x10  serial.o [1]
  .rodata              const    0x00016f5c     0x10  shell.o [1]
  .rodata              const    0x00016f6c     0x10  shell.o [1]
  .rodata              const    0x00016f7c     0x10  thread.o [1]
  .rodata              const    0x00016f8c     0x10  thread.o [1]
  .rodata              const    0x00016f9c     0x10  thread.o [1]
  .rodata              const    0x00016fac     0x10  timer.o [1]
  .rodata              const    0x00016fbc     0x10  timer.o [1]
  .rodata              const    0x00016fcc     0x10  timer.o [1]
  .rodata              const    0x00016fdc     0x10  timer.o [1]
  .rodata.name         const    0x00016fec     0x10  cmd.o [1]
  .rodata.name         const    0x00016ffc     0x10  cmd.o [1]
  .rodata.name         const    0x0001700c     0x10  cmd.o [1]
  .rodata.name         const    0x0001701c     0x10  cmd.o [1]
  .rodata.name         const    0x0001702c     0x10  cmd.o [1]
  .rodata.name         const    0x0001703c     0x10  cmd.o [1]
  .rodata.name         const    0x0001704c     0x10  cmd.o [1]
  .rodata.name         const    0x0001705c     0x10  dfs.o [1]
  .rodata.name         const    0x0001706c     0x10  dfs_fs.o [1]
  .rodata.name         const    0x0001707c     0x10  mem.o [1]
  .rodata.name         const    0x0001708c     0x10  mem.o [1]
  .rodata              const    0x0001709c      0xc  cmd.o [1]
  .rodata              const    0x000170a8      0xc  cmd.o [1]
  .rodata              const    0x000170b4      0xc  cmd.o [1]
  .rodata              const    0x000170c0      0xc  cmd.o [1]
  .rodata              const    0x000170cc      0xc  cmd.o [1]
  .rodata              const    0x000170d8      0xc  cmd.o [1]
  .rodata              const    0x000170e4      0xc  cmd.o [1]
  .rodata              const    0x000170f0      0xc  cmd.o [1]
  .rodata              const    0x000170fc      0xc  cmd.o [1]
  .rodata              const    0x00017108      0xc  cmd.o [1]
  .rodata              const    0x00017114      0xc  cmd.o [1]
  .rodata              const    0x00017120      0xc  cmd.o [1]
  .rodata              const    0x0001712c      0xc  cmd.o [1]
  .rodata              const    0x00017138      0xc  components.o [1]
  .rodata              const    0x00017144      0xc  components.o [1]
  .rodata              const    0x00017150      0xc  cpuport.o [1]
  .rodata              const    0x0001715c      0xc  cpuport.o [1]
  .rodata              const    0x00017168      0xc  cpuport.o [1]
  .rodata              const    0x00017174      0xc  cpuport.o [1]
  .rodata              const    0x00017180      0xc  cpuport.o [1]
  .rodata              const    0x0001718c      0xc  cpuport.o [1]
  .rodata              const    0x00017198      0xc  cpuport.o [1]
  .rodata              const    0x000171a4      0xc  cpuport.o [1]
  .rodata              const    0x000171b0      0xc  cpuport.o [1]
  .rodata              const    0x000171bc      0xc  cpuport.o [1]
  .rodata              const    0x000171c8      0xc  cpuport.o [1]
  .rodata              const    0x000171d4      0xc  cpuport.o [1]
  .rodata              const    0x000171e0      0xc  dfs.o [1]
  .rodata              const    0x000171ec      0xc  dfs.o [1]
  .rodata              const    0x000171f8      0xc  dfs.o [1]
  .rodata              const    0x00017204      0xc  dfs_elm.o [1]
  .rodata              const    0x00017210      0xc  dfs_fs.o [1]
  .rodata              const    0x0001721c      0xc  drv_i2c.o [1]
  .rodata              const    0x00017228      0xc  drv_usart.o [1]
  .rodata              const    0x00017234      0xc  drv_usart.o [1]
  .rodata              const    0x00017240      0xc  ff.o [1]
  .rodata              const    0x0001724c      0xc  ff.o [1]
  .rodata              const    0x00017258      0xc  ipc.o [1]
  .rodata              const    0x00017264      0xc  ipc.o [1]
  .rodata              const    0x00017270      0xc  kservice.o [1]
  .rodata              const    0x0001727c      0xc  kservice.o [1]
  .rodata              const    0x00017288      0xc  mem.o [1]
  .rodata              const    0x00017294      0xc  mem.o [1]
  .rodata              const    0x000172a0      0xc  mem.o [1]
  .rodata              const    0x000172ac      0xc  mem.o [1]
  .rodata              const    0x000172b8      0xc  mem.o [1]
  .rodata              const    0x000172c4      0xc  mem.o [1]
  .rodata              const    0x000172d0      0xc  mem.o [1]
  .rodata              const    0x000172dc      0xc  msh.o [1]
  .rodata              const    0x000172e8      0xc  msh_cmd.o [1]
  .rodata              const    0x000172f4      0xc  msh_cmd.o [1]
  .rodata              const    0x00017300      0xc  msh_file.o [1]
  .rodata              const    0x0001730c      0xc  pin.o [1]
  .rodata              const    0x00017318      0xc  pin.o [1]
  .rodata.name         const    0x00017324      0xc  cmd.o [1]
  .rodata.name         const    0x00017330      0xc  cmd.o [1]
  .rodata.name         const    0x0001733c      0xc  cmd.o [1]
  .rodata.name         const    0x00017348      0xc  cmd.o [1]
  .rodata.name         const    0x00017354      0xc  cmd.o [1]
  .rodata.name         const    0x00017360      0xc  cmd.o [1]
  .rodata.name         const    0x0001736c      0xc  cmd.o [1]
  .rodata.name         const    0x00017378      0xc  cmd.o [1]
  .rodata.name         const    0x00017384      0xc  dfs_file.o [1]
  .rodata.name         const    0x00017390      0xc  mem.o [1]
  .rodata.name         const    0x0001739c      0xc  msh.o [1]
  .rodata.name         const    0x000173a8      0xc  msh_cmd.o [1]
  .rodata.name         const    0x000173b4      0xc  msh_cmd.o [1]
  .rodata.name         const    0x000173c0      0xc  msh_cmd.o [1]
  .rodata.name         const    0x000173cc      0xc  msh_cmd.o [1]
  .rodata.name         const    0x000173d8      0xc  msh_cmd.o [1]
  .rodata.name         const    0x000173e4      0xc  msh_cmd.o [1]
  .rodata.name         const    0x000173f0      0xc  msh_cmd.o [1]
  .rodata.name         const    0x000173fc      0xc  msh_cmd.o [1]
  .rodata.name         const    0x00017408      0xc  msh_cmd.o [1]
  .rodata.name         const    0x00017414      0xc  msh_cmd.o [1]
  .rodata.name         const    0x00017420      0xc  msh_cmd.o [1]
  .rodata.name         const    0x0001742c      0xc  msh_cmd.o [1]
  .rodata.name         const    0x00017438      0xc  msh_cmd.o [1]
  .rodata.name         const    0x00017444      0xc  msh_cmd.o [1]
  .rodata.name         const    0x00017450      0xc  msh_cmd.o [1]
  .rodata.name         const    0x0001745c      0xc  pin.o [1]
  .rodata.name         const    0x00017468      0xc  rtc.o [1]
  .rodata.name         const    0x00017474      0xc  rtc.o [1]
  .rodata.name         const    0x00017480      0xc  rtc.o [1]
  .rodata.name         const    0x0001748c      0xc  rtc.o [1]
  .text                ro code  0x00017498      0xc  cstartup_M.o [5]
  .rodata              const    0x000174a4      0x8  board.o [1]
  .rodata              const    0x000174ac      0x8  cmd.o [1]
  .rodata              const    0x000174b4      0x8  cmd.o [1]
  .rodata              const    0x000174bc      0x8  cmd.o [1]
  .rodata              const    0x000174c4      0x8  cmd.o [1]
  .rodata              const    0x000174cc      0x8  cmd.o [1]
  .rodata              const    0x000174d4      0x8  cmd.o [1]
  .rodata              const    0x000174dc      0x8  cmd.o [1]
  .rodata              const    0x000174e4      0x8  cmd.o [1]
  .rodata              const    0x000174ec      0x8  cmd.o [1]
  .rodata              const    0x000174f4      0x8  cmd.o [1]
  .rodata              const    0x000174fc      0x8  cmd.o [1]
  .rodata              const    0x00017504      0x8  cmd.o [1]
  .rodata              const    0x0001750c      0x8  components.o [1]
  .rodata              const    0x00017514      0x8  components.o [1]
  .rodata              const    0x0001751c      0x8  cpuport.o [1]
  .rodata              const    0x00017524      0x8  cpuport.o [1]
  .rodata              const    0x0001752c      0x8  cpuport.o [1]
  .rodata              const    0x00017534      0x8  devfs.o [1]
  .rodata              const    0x0001753c      0x8  dfs.o [1]
  .rodata              const    0x00017544      0x8  dfs.o [1]
  .rodata              const    0x0001754c      0x8  dfs.o [1]
  .rodata              const    0x00017554      0x8  dfs.o [1]
  .rodata              const    0x0001755c      0x8  dfs.o [1]
  .rodata              const    0x00017564      0x8  dfs.o [1]
  .rodata              const    0x0001756c      0x8  dfs.o [1]
  .rodata              const    0x00017574      0x8  dfs.o [1]
  .rodata              const    0x0001757c      0x8  dfs.o [1]
  .rodata              const    0x00017584      0x8  dfs.o [1]
  .rodata              const    0x0001758c      0x8  dfs.o [1]
  .rodata              const    0x00017594      0x8  dfs.o [1]
  .rodata              const    0x0001759c      0x8  dfs.o [1]
  .rodata              const    0x000175a4      0x8  dfs.o [1]
  .rodata              const    0x000175ac      0x8  dfs_elm.o [1]
  .rodata              const    0x000175b4      0x8  dfs_elm.o [1]
  .rodata              const    0x000175bc      0x8  dfs_elm.o [1]
  .rodata              const    0x000175c4      0x8  dfs_file.o [1]
  .rodata              const    0x000175cc      0x8  dfs_file.o [1]
  .rodata              const    0x000175d4      0x8  dfs_file.o [1]
  .rodata              const    0x000175dc      0x8  dfs_file.o [1]
  .rodata              const    0x000175e4      0x8  dfs_fs.o [1]
  .rodata              const    0x000175ec      0x8  dfs_fs.o [1]
  .rodata              const    0x000175f4      0x8  drv_i2c.o [1]
  .rodata              const    0x000175fc      0x8  drv_usart.o [1]
  .rodata              const    0x00017604      0x8  drv_usart.o [1]
  .rodata              const    0x0001760c      0x8  ff.o [1]
  .rodata              const    0x00017614      0x8  idle.o [1]
  .rodata              const    0x0001761c      0x8  kservice.o [1]
  .rodata              const    0x00017624      0x8  mem.o [1]
  .rodata              const    0x0001762c      0x8  mem.o [1]
  .rodata              const    0x00017634      0x8  mem.o [1]
  .rodata              const    0x0001763c      0x8  mem.o [1]
  .rodata              const    0x00017644      0x8  mem.o [1]
  .rodata              const    0x0001764c      0x8  mem.o [1]
  .rodata              const    0x00017654      0x8  mem.o [1]
  .rodata              const    0x0001765c      0x8  mem.o [1]
  .rodata              const    0x00017664      0x8  msh.o [1]
  .rodata              const    0x0001766c      0x8  msh.o [1]
  .rodata              const    0x00017674      0x8  msh_cmd.o [1]
  .rodata              const    0x0001767c      0x8  msh_cmd.o [1]
  .rodata              const    0x00017684      0x8  shell.o [1]
  .rodata              const    0x0001768c      0x8  shell.o [1]
  .rodata              const    0x00017694      0x8  shell.o [1]
  .rodata              const    0x0001769c      0x8  shell.o [1]
  .rodata              const    0x000176a4      0x8  shell.o [1]
  .rodata              const    0x000176ac      0x8  shell.o [1]
  .rodata              const    0x000176b4      0x8  shell.o [1]
  .rodata              const    0x000176bc      0x8  stdio.o [1]
  .rodata.name         const    0x000176c4      0x8  cmd.o [1]
  .rodata.name         const    0x000176cc      0x8  cmd.o [1]
  .rodata.name         const    0x000176d4      0x8  cmd.o [1]
  .rodata.name         const    0x000176dc      0x8  dfs_file.o [1]
  .rodata.name         const    0x000176e4      0x8  dfs_fs.o [1]
  .rodata.name         const    0x000176ec      0x8  dfs_posix.o [1]
  .rodata.name         const    0x000176f4      0x8  pin.o [1]
  .rodata.name         const    0x000176fc      0x8  pin.o [1]
  .rti_fn.0            const    0x00017704      0x8  components.o [1]
  .rti_fn.0.end        const    0x0001770c      0x8  components.o [1]
  .rti_fn.1            const    0x00017714      0x8  drv_i2c.o [1]
  .rti_fn.1            const    0x0001771c      0x8  drv_usart.o [1]
  .rti_fn.1.end        const    0x00017724      0x8  components.o [1]
  .rti_fn.2            const    0x0001772c      0x8  dfs.o [1]
  .rti_fn.4            const    0x00017734      0x8  dfs_elm.o [1]
  .rti_fn.4            const    0x0001773c      0x8  i2c_core.o [1]
  .rti_fn.4            const    0x00017744      0x8  libc.o [1]
  .rti_fn.6            const    0x0001774c      0x8  shell.o [1]
  .rti_fn.6.end        const    0x00017754      0x8  components.o [1]
  .rodata              const    0x0001775c      0x4  cmd.o [1]
  .rodata              const    0x00017760      0x4  dfs_elm.o [1]
  .rodata              const    0x00017764      0x4  dfs_fs.o [1]
  .rodata              const    0x00017768      0x4  dfs_fs.o [1]
  .rodata              const    0x0001776c      0x4  dfs_fs.o [1]
  .rodata              const    0x00017770      0x4  drv_i2c.o [1]
  .rodata              const    0x00017774      0x4  hc32_platform.o [1]
  .rodata              const    0x00017778      0x4  hc32f46x_usart.o [1]
  .rodata              const    0x0001777c      0x4  hc32f46x_usart.o [1]
  .rodata              const    0x00017780      0x4  hc32f46x_usart.o [1]
  .rodata              const    0x00017784      0x4  hc32f46x_usart.o [1]
  .rodata.name         const    0x00017788      0x4  dfs_file.o [1]
  .rodata.name         const    0x0001778c      0x4  dfs_file.o [1]
  .rodata.name         const    0x00017790      0x4  dfs_file.o [1]
  .rodata.name         const    0x00017794      0x4  dfs_fs.o [1]
  .rodata.name         const    0x00017798      0x4  dfs_posix.o [1]
  .text                ro code  0x0001779c      0x4  startup_hc32f46x.o [1]
  .text                ro code  0x000177a0      0x4  startup_hc32f46x.o [1]
  .text                ro code  0x000177a4      0x4  startup_hc32f46x.o [1]
  SHT$$PREINIT_ARRAY            0x000177a8      0x4  <Block>
    .prepreinit_array  const    0x000177a8      0x4  xlocale_c.o [3]
  SHT$$INIT_ARRAY               0x000177ac      0x0  <Block>
  Initializer bytes    const    0x000177ac    0x115  <for P2 s0>
                              - 0x000178c1  0x174a1

"P2", part 1 of 3:                            0x300
  P2 s0                         0x1fff8000    0x300  <Init block>
    .data              inited   0x1fff8000    0x100  dfs.o [1]
    .data              inited   0x1fff8100     0xa0  object.o [1]
    __DLIB_PERTHREAD   inited   0x1fff81a0     0x74  setlocale.o [3]
    .data              inited   0x1fff8214     0x40  xfiles.o [3]
    __DLIB_PERTHREAD   inited   0x1fff8254     0x2c  xttotm.o [3]
    .data              inited   0x1fff8280     0x20  hc32_platform.o [1]
    __DLIB_PERTHREAD   inited   0x1fff82a0     0x1c  asctime.o [3]
    .data              inited   0x1fff82bc      0xc  drv_i2c.o [1]
    .data              inited   0x1fff82c8      0x8  drv_usart.o [1]
    .data              inited   0x1fff82d0      0x8  hc32_platform.o [1]
    .data              inited   0x1fff82d8      0x8  hc32f46x_i2c.o [1]
    __DLIB_PERTHREAD   inited   0x1fff82e0      0x8  localtim.o [3]
    .data              inited   0x1fff82e8      0x4  hc32_platform.o [1]
    .data              inited   0x1fff82ec      0x4  stdio.o [1]
    .data              inited   0x1fff82f0      0x4  system_hc32f46x.o [1]
    __DLIB_PERTHREAD   inited   0x1fff82f4      0x4  errno.o [3]
    __DLIB_PERTHREAD   inited   0x1fff82f8      0x4  xisdst.o [3]
    __DLIB_PERTHREAD   inited   0x1fff82fc      0x4  xisdstData.o [3]
                              - 0x1fff8300    0x300

"P2", part 2 of 3:                            0x934
  .bss                 zero     0x1fff8300    0x200  hc32f46x_interrupts.o [1]
  .bss                 zero     0x1fff8500    0x104  dfs_file.o [1]
  .bss                 zero     0x1fff8604    0x100  idle.o [1]
  .bss                 zero     0x1fff8704    0x100  scheduler.o [1]
  .bss                 zero     0x1fff8804     0x84  shell.o [1]
  .bss                 zero     0x1fff8888     0x80  idle.o [1]
  .bss                 zero     0x1fff8908     0x80  kservice.o [1]
  .bss                 zero     0x1fff8988     0x54  drv_usart.o [1]
  .bss                 zero     0x1fff89dc     0x54  xlocale_c.o [3]
  .bss                 zero     0x1fff8a30     0x50  xfiles.o [3]
  .bss                 zero     0x1fff8a80     0x44  pin.o [1]
  .bss                 zero     0x1fff8ac4     0x24  dfs.o [1]
  .bss                 zero     0x1fff8ae8     0x24  dfs_file.o [1]
  .bss                 zero     0x1fff8b0c     0x20  dfs.o [1]
  .bss                 zero     0x1fff8b2c     0x20  mem.o [1]
  .bss                 zero     0x1fff8b4c     0x10  idle.o [1]
  .bss                 zero     0x1fff8b5c      0x8  dfs.o [1]
  .bss                 zero     0x1fff8b64      0x8  dfs.o [1]
  .bss                 zero     0x1fff8b6c      0x8  dfs_elm.o [1]
  .bss                 zero     0x1fff8b74      0x8  ff.o [1]
  .bss                 zero     0x1fff8b7c      0x8  scheduler.o [1]
  .bss                 zero     0x1fff8b84      0x8  timer.o [1]
  .bss                 zero     0x1fff8b8c      0x4  clock.o [1]
  .bss                 zero     0x1fff8b90      0x4  cpuport.o [1]
  .bss                 zero     0x1fff8b94      0x4  cpuport.o [1]
  .bss                 zero     0x1fff8b98      0x4  cpuport.o [1]
  .bss                 zero     0x1fff8b9c      0x4  cpuport.o [1]
  .bss                 zero     0x1fff8ba0      0x4  dfs.o [1]
  .bss                 zero     0x1fff8ba4      0x4  irq.o [1]
  .bss                 zero     0x1fff8ba8      0x4  irq.o [1]
  .bss                 zero     0x1fff8bac      0x4  kservice.o [1]
  .bss                 zero     0x1fff8bb0      0x4  kservice.o [1]
  .bss                 zero     0x1fff8bb4      0x4  kservice.o [1]
  .bss                 zero     0x1fff8bb8      0x4  mem.o [1]
  .bss                 zero     0x1fff8bbc      0x4  mem.o [1]
  .bss                 zero     0x1fff8bc0      0x4  mem.o [1]
  .bss                 zero     0x1fff8bc4      0x4  mem.o [1]
  .bss                 zero     0x1fff8bc8      0x4  mem.o [1]
  .bss                 zero     0x1fff8bcc      0x4  mem.o [1]
  .bss                 zero     0x1fff8bd0      0x4  mem.o [1]
  .bss                 zero     0x1fff8bd4      0x4  mem.o [1]
  .bss                 zero     0x1fff8bd8      0x4  object.o [1]
  .bss                 zero     0x1fff8bdc      0x4  object.o [1]
  .bss                 zero     0x1fff8be0      0x4  object.o [1]
  .bss                 zero     0x1fff8be4      0x4  object.o [1]
  .bss                 zero     0x1fff8be8      0x4  object.o [1]
  .bss                 zero     0x1fff8bec      0x4  scheduler.o [1]
  .bss                 zero     0x1fff8bf0      0x4  scheduler.o [1]
  .bss                 zero     0x1fff8bf4      0x4  scheduler.o [1]
  .bss                 zero     0x1fff8bf8      0x4  shell.o [1]
  .bss                 zero     0x1fff8bfc      0x4  shell.o [1]
  .bss                 zero     0x1fff8c00      0x4  symbol.o [1]
  .bss                 zero     0x1fff8c04      0x4  symbol.o [1]
  .bss                 zero     0x1fff8c08      0x4  symbol.o [1]
  .bss                 zero     0x1fff8c0c      0x4  symbol.o [1]
  .bss                 zero     0x1fff8c10      0x4  thread.o [1]
  .bss                 zero     0x1fff8c14      0x4  thread.o [1]
  .bss                 zero     0x1fff8c18      0x4  thread.o [1]
  .bss                 zero     0x1fff8c1c      0x4  time.o [1]
  .bss                 zero     0x1fff8c20      0x4  timer.o [1]
  .bss                 zero     0x1fff8c24      0x4  timer.o [1]
  .bss                 zero     0x1fff8c28      0x4  timer.o [1]
  .bss                 zero     0x1fff8c2c      0x2  ff.o [1]
  .bss                 zero     0x1fff8c2e      0x2  scheduler.o [1]
  .bss                 zero     0x1fff8c30      0x1  irq.o [1]
  .bss                 zero     0x1fff8c31      0x1  scheduler.o [1]
                              - 0x1fff8c32    0x932

"P2", part 3 of 3:                            0x800
  CSTACK                        0x1fff8c38    0x400  <Block>
    CSTACK             uninit   0x1fff8c38    0x400  <Block tail>
  HEAP                          0x1fff9038    0x400  <Block>
    HEAP               uninit   0x1fff9038    0x400  <Block tail>
                              - 0x1fff9438    0x800


*******************************************************************************
*** INIT TABLE
***

          Address     Size
          -------     ----
Zero (__iar_zero_init3)
    1 destination range, total size 0x932:
          0x1fff8300  0x932

Copy/packbits (__iar_packbits_init3)
    1 source range, total size 0x115 (36% of destination):
          0x000177ac  0x115
    1 destination range, total size 0x300:
          0x1fff8000  0x300

Extra (__iar_cstart_call_ctors)



*******************************************************************************
*** MODULE SUMMARY
***

    Module                 ro code  ro data  rw data  ro data
                                                       (abs)
    ------                 -------  -------  -------  -------
C:\Users\User\Documents\01-HDSC_Files\09-M010\hc32f46x-ddl-rtos\rt_thread\bsp\hc32f46x\build\iar\release\Obj: [1]
    board.o                    196        8
    ccsbcs.o                   276      944
    clock.o                     56                 4
    cmd.o                    2 856    3 036
    completion.o               380      172
    components.o               266      188
    context_iar.o              252
    cpuport.o                  904      696       16
    dataqueue.o                912      176
    devfs.o                    928      292
    device.o                   820      304
    dfs.o                    1 624      420      344
    dfs_elm.o                3 212      466        8
    dfs_file.o               2 280      484      296
    dfs_fs.o                 1 176      212
    dfs_posix.o              1 120       92
    drv_i2c.o                1 476      380       12
    drv_usart.o              1 240      255       92
    ff.o                    13 200      248       10
    hc32_platform.o             84       20       44
    hc32f46x_clk.o             320
    hc32f46x_gpio.o          1 356      144
    hc32f46x_i2c.o           1 148      147        8
    hc32f46x_icg.o                                         32
    hc32f46x_interrupts.o   10 668      152      512
    hc32f46x_pwc.o             104      144
    hc32f46x_usart.o         2 352      176
    hc32f46x_utility.o          44       48
    i2c_core.o                 272       80
    i2c_dev.o                  372      136
    idle.o                     364       72      400
    ipc.o                    1 800      460
    irq.o                      120                 9
    kservice.o               2 302      496      140
[...]
rt_device_register      0x00004551   0x3a  Code  Gb  device.o [1]
rt_device_set_rx_indicate
                        0x00004821   0x32  Code  Gb  device.o [1]
rt_device_set_rx_indicate::__FUNCTION__
                        0x00015780   0x1c  Data  Lc  device.o [1]
rt_device_write         0x00004777   0x64  Code  Gb  device.o [1]
rt_device_write::__FUNCTION__
                        0x00016bcc   0x10  Data  Lc  device.o [1]
rt_dma_calc_recved_len  0x0000d867    0xc  Code  Lc  serial.o [1]
rt_dma_recv_update_get_index
                        0x0000d873   0x6a  Code  Lc  serial.o [1]
rt_dma_recv_update_get_index::__FUNCTION__
                        0x00015564   0x20  Data  Lc  serial.o [1]
rt_dma_recv_update_put_index
                        0x0000d8dd   0xa2  Code  Lc  serial.o [1]
rt_dma_recv_update_put_index::__FUNCTION__
                        0x00015584   0x20  Data  Lc  serial.o [1]
rt_enter_critical       0x00006425   0x1a  Code  Gb  scheduler.o [1]
rt_exception_hook       0x1fff8b9c    0x4  Data  Lc  cpuport.o [1]
rt_exit_critical        0x0000643f   0x36  Code  Gb  scheduler.o [1]
rt_free                 0x000057eb  0x11a  Code  Gb  mem.o [1]
rt_free::__FUNCTION__   0x00017644    0x8  Data  Lc  mem.o [1]
rt_free_hook            0x1fff8bbc    0x4  Data  Lc  mem.o [1]
rt_hw_board_init        0x000139c9   0x1e  Code  Gb  board.o [1]
rt_hw_console_output    0x00005181    0x2  Code  Wk  kservice.o [1]
rt_hw_context_switch    0x000075bb         Code  Gb  context_iar.o [1]
rt_hw_context_switch_interrupt
                        0x000075bb         Code  Gb  context_iar.o [1]
rt_hw_context_switch_to
                        0x00007615         Code  Gb  context_iar.o [1]
rt_hw_hard_fault_exception
                        0x00009ba7   0xd2  Code  Gb  cpuport.o [1]
rt_hw_interrupt_disable
                        0x000075ad         Code  Gb  context_iar.o [1]
rt_hw_interrupt_enable  0x000075b5         Code  Gb  context_iar.o [1]
rt_hw_interrupt_thread_switch
                        0x0000764d         Code  Gb  context_iar.o [1]
rt_hw_serial_isr        0x0000e0e7  0x1ca  Code  Gb  serial.o [1]
rt_hw_serial_isr::__FUNCTION__
                        0x000166c8   0x14  Data  Lc  serial.o [1]
rt_hw_serial_register   0x0000e07b   0x6c  Code  Gb  serial.o [1]
rt_hw_serial_register::__FUNCTION__
                        0x00015e90   0x18  Data  Lc  serial.o [1]
rt_hw_stack_init        0x000099c5   0x42  Code  Gb  cpuport.o [1]
rt_i2c_bus_device_device_init
                        0x00012353   0x42  Code  Gb  i2c_dev.o [1]
rt_i2c_bus_device_device_init::__FUNCTION__
                        0x000153c4   0x20  Data  Lc  i2c_dev.o [1]
rt_i2c_bus_device_register
                        0x000120e1   0x2c  Code  Gb  i2c_core.o [1]
rt_i2c_core_init        0x000121ed    0x4  Code  Gb  i2c_core.o [1]
rt_i2c_master_recv      0x00012185   0x58  Code  Gb  i2c_core.o [1]
rt_i2c_master_recv::__FUNCTION__
                        0x00016470   0x14  Data  Lc  i2c_core.o [1]
rt_i2c_master_send      0x00012147   0x3e  Code  Gb  i2c_core.o [1]
rt_i2c_transfer         0x0001210d   0x3a  Code  Gb  i2c_core.o [1]
rt_interrupt_enter      0x00007535   0x28  Code  Gb  irq.o [1]
rt_interrupt_enter_hook
                        0x1fff8ba4    0x4  Data  Lc  irq.o [1]
rt_interrupt_from_thread
                        0x1fff8b90    0x4  Data  Gb  cpuport.o [1]
rt_interrupt_get_nest   0x00007585   0x1a  Code  Gb  irq.o [1]
rt_interrupt_leave      0x0000755d   0x28  Code  Gb  irq.o [1]
rt_interrupt_leave_hook
                        0x1fff8ba8    0x4  Data  Lc  irq.o [1]
rt_interrupt_nest       0x1fff8c30    0x1  Data  Gb  irq.o [1]
rt_interrupt_to_thread  0x1fff8b94    0x4  Data  Gb  cpuport.o [1]
rt_ipc_list_resume      0x0000667b   0x14  Code  Lc  ipc.o [1]
rt_ipc_list_resume_all  0x0000668f   0x32  Code  Lc  ipc.o [1]
rt_ipc_list_suspend     0x00006613   0x68  Code  Lc  ipc.o [1]
rt_ipc_object_init      0x00006603   0x10  Code  Lc  ipc.o [1]
rt_kprintf              0x00005065   0x60  Code  Gb  kservice.o [1]
rt_kprintf::rt_log_buf  0x1fff8908   0x80  Data  Lc  kservice.o [1]
rt_list_init            0x0000e335    0x8  Code  Lc  completion.o [1]
rt_list_init            0x0000e4b1    0x8  Code  Lc  dataqueue.o [1]
rt_list_init            0x000065dd    0x8  Code  Lc  ipc.o [1]
rt_list_init            0x0000617d    0x8  Code  Lc  scheduler.o [1]
rt_list_init            0x00006f41    0x8  Code  Lc  thread.o [1]
rt_list_init            0x00009591    0x8  Code  Lc  timer.o [1]
rt_list_insert_after    0x00006ce5    0xe  Code  Lc  object.o [1]
rt_list_insert_after    0x00006f49    0xe  Code  Lc  thread.o [1]
rt_list_insert_after    0x00009599    0xe  Code  Lc  timer.o [1]
rt_list_insert_before   0x0000e33d    0xe  Code  Lc  completion.o [1]
rt_list_insert_before   0x0000e4b9    0xe  Code  Lc  dataqueue.o [1]
rt_list_insert_before   0x000065e5    0xe  Code  Lc  ipc.o [1]
rt_list_insert_before   0x00006185    0xe  Code  Lc  scheduler.o [1]
rt_list_isempty         0x0000893d   0x10  Code  Lc  cmd.o [1]
rt_list_isempty         0x0000e34b   0x10  Code  Lc  completion.o [1]
rt_list_isempty         0x0000e4c7   0x10  Code  Lc  dataqueue.o [1]
rt_list_isempty         0x000065f3   0x10  Code  Lc  ipc.o [1]
rt_list_isempty         0x000061a7   0x10  Code  Lc  scheduler.o [1]
rt_list_isempty         0x000095bb   0x10  Code  Lc  timer.o [1]
rt_list_len             0x0000894d   0x14  Code  Lc  cmd.o [1]
rt_list_remove          0x00013619   0x14  Code  Lc  idle.o [1]
rt_list_remove          0x00006cf3   0x14  Code  Lc  object.o [1]
rt_list_remove          0x00006193   0x14  Code  Lc  scheduler.o [1]
rt_list_remove          0x00006f57   0x14  Code  Lc  thread.o [1]
rt_list_remove          0x000095a7   0x14  Code  Lc  timer.o [1]
rt_malloc               0x000053b1  0x2a0  Code  Gb  mem.o [1]
rt_malloc::__FUNCTION__
                        0x00017294    0xc  Data  Lc  mem.o [1]
rt_malloc_hook          0x1fff8bb8    0x4  Data  Lc  mem.o [1]
rt_mem_setname          0x0000519d   0x30  Code  Lc  mem.o [1]
rt_memcpy               0x00004907   0x8e  Code  Gb  kservice.o [1]
rt_memmove              0x00004995   0x3e  Code  Gb  kservice.o [1]
rt_memset               0x000048af   0x58  Code  Gb  kservice.o [1]
rt_mutex_create         0x000068ed   0x62  Code  Gb  ipc.o [1]
rt_mutex_create::__FUNCTION__
                        0x00016e0c   0x10  Data  Lc  ipc.o [1]
rt_mutex_delete         0x0000694f   0x8c  Code  Gb  ipc.o [1]
rt_mutex_delete::__FUNCTION__
                        0x00016e1c   0x10  Data  Lc  ipc.o [1]
rt_mutex_init           0x000068a5   0x42  Code  Gb  ipc.o [1]
rt_mutex_init::__FUNCTION__
                        0x00016dfc   0x10  Data  Lc  ipc.o [1]
rt_mutex_release        0x00006b59  0x140  Code  Gb  ipc.o [1]
rt_mutex_release::__FUNCTION__
                        0x000164d4   0x14  Data  Lc  ipc.o [1]
rt_mutex_take           0x000069db  0x178  Code  Gb  ipc.o [1]
rt_mutex_take::__FUNCTION__
                        0x00016e2c   0x10  Data  Lc  ipc.o [1]
rt_object_allocate      0x00006dcd   0xa8  Code  Gb  object.o [1]
rt_object_allocate::__FUNCTION__
                        0x00016600   0x14  Data  Lc  object.o [1]
rt_object_attach_hook   0x1fff8bd8    0x4  Data  Lc  object.o [1]
rt_object_container     0x1fff8100   0xa0  Data  Lc  object.o [1]
rt_object_delete        0x00006e75   0x56  Code  Gb  object.o [1]
rt_object_delete::__FUNCTION__
                        0x00016614   0x14  Data  Lc  object.o [1]
rt_object_detach        0x00006d8f   0x3e  Code  Gb  object.o [1]
rt_object_detach::__FUNCTION__
                        0x000165d8   0x14  Data  Lc  object.o [1]
rt_object_detach_hook   0x1fff8bdc    0x4  Data  Lc  object.o [1]
rt_object_get_information
                        0x00006d07   0x28  Code  Gb  object.o [1]
rt_object_get_type      0x00006eed   0x1c  Code  Gb  object.o [1]
rt_object_get_type::__FUNCTION__
                        0x00016628   0x14  Data  Lc  object.o [1]
rt_object_init          0x00006d2f   0x60  Code  Gb  object.o [1]
rt_object_init::__FUNCTION__
                        0x00016e7c   0x10  Data  Lc  object.o [1]
rt_object_is_systemobject
                        0x00006ecb   0x22  Code  Gb  object.o [1]
rt_object_is_systemobject::__FUNCTION__
                        0x00015860   0x1c  Data  Lc  object.o [1]
rt_object_put_hook      0x1fff8be8    0x4  Data  Gb  object.o [1]
rt_object_take_hook     0x1fff8be4    0x4  Data  Gb  object.o [1]
rt_object_trytake_hook  0x1fff8be0    0x4  Data  Gb  object.o [1]
rt_pin_mode             0x0001415d   0x28  Code  Gb  pin.o [1]
rt_pin_mode::__FUNCTION__
                        0x0001730c    0xc  Data  Lc  pin.o [1]
rt_pin_read             0x000141ad   0x24  Code  Gb  pin.o [1]
rt_pin_read::__FUNCTION__
                        0x00017318    0xc  Data  Lc  pin.o [1]
rt_pin_write            0x00014185   0x28  Code  Gb  pin.o [1]
rt_pin_write::__FUNCTION__
                        0x00016e8c   0x10  Data  Lc  pin.o [1]
rt_realloc              0x00005655  0x172  Code  Gb  mem.o [1]
rt_realloc::__FUNCTION__
                        0x000172a0    0xc  Data  Lc  mem.o [1]
rt_schedule             0x00006283   0xf0  Code  Gb  scheduler.o [1]
rt_schedule_insert_thread
                        0x00006373   0x6a  Code  Gb  scheduler.o [1]
rt_schedule_insert_thread::__FUNCTION__
                        0x000158d0   0x1c  Data  Lc  scheduler.o [1]
rt_schedule_remove_thread
                        0x000063dd   0x48  Code  Gb  scheduler.o [1]
rt_schedule_remove_thread::__FUNCTION__
                        0x000158ec   0x1c  Data  Lc  scheduler.o [1]
rt_scheduler_hook       0x1fff8bf4    0x4  Data  Lc  scheduler.o [1]
rt_scheduler_lock_nest  0x1fff8c2e    0x2  Data  Lc  scheduler.o [1]
rt_sem_init             0x000066c1   0x34  Code  Gb  ipc.o [1]
rt_sem_init::__FUNCTION__
                        0x00017258    0xc  Data  Lc  ipc.o [1]
rt_sem_release          0x00006823   0x82  Code  Gb  ipc.o [1]
rt_sem_release::__FUNCTION__
                        0x00016dec   0x10  Data  Lc  ipc.o [1]
rt_sem_take             0x000066f5  0x12e  Code  Gb  ipc.o [1]
rt_sem_take::__FUNCTION__
                        0x00017264    0xc  Data  Lc  ipc.o [1]
rt_serial_close         0x0000dde1  0x146  Code  Lc  serial.o [1]
rt_serial_close::__FUNCTION__
                        0x00016f2c   0x10  Data  Lc  serial.o [1]
rt_serial_control       0x0000dfdd   0x9e  Code  Lc  serial.o [1]
rt_serial_control::__FUNCTION__
                        0x000166b4   0x14  Data  Lc  serial.o [1]
rt_serial_init          0x0000db3f   0x3e  Code  Lc  serial.o [1]
rt_serial_init::__FUNCTION__
                        0x00016efc   0x10  Data  Lc  serial.o [1]
rt_serial_open          0x0000db7d  0x264  Code  Lc  serial.o [1]
rt_serial_open::__FUNCTION__
                        0x00016f1c   0x10  Data  Lc  serial.o [1]
rt_serial_read          0x0000df27   0x5c  Code  Lc  serial.o [1]
rt_serial_read::__FUNCTION__
                        0x00016f3c   0x10  Data  Lc  serial.o [1]
rt_serial_write         0x0000df83   0x5a  Code  Lc  serial.o [1]
rt_serial_write::__FUNCTION__
                        0x00016f4c   0x10  Data  Lc  serial.o [1]
rt_set_errno            0x00004885   0x2a  Code  Gb  kservice.o [1]
rt_show_version         0x00004a73   0x30  Code  Gb  kservice.o [1]
rt_snprintf             0x00004fc9   0x28  Code  Gb  kservice.o [1]
rt_sprintf              0x00005009   0x20  Code  Gb  kservice.o [1]
rt_strdup               0x00004a49   0x2a  Code  Gb  kservice.o [1]
rt_strlen               0x00004a39   0x10  Code  Gb  kservice.o [1]
rt_strncmp              0x00004a05   0x34  Code  Gb  kservice.o [1]
rt_strncpy              0x000049d3   0x32  Code  Gb  kservice.o [1]
rt_system_heap_init     0x0000529d  0x10e  Code  Gb  mem.o [1]
rt_system_heap_init::__FUNCTION__
                        0x00016524   0x14  Data  Lc  mem.o [1]
rt_system_scheduler_init
                        0x00006231   0x2c  Code  Gb  scheduler.o [1]
rt_system_scheduler_start
                        0x0000625d   0x26  Code  Gb  scheduler.o [1]
rt_system_timer_init    0x00009969   0x1a  Code  Gb  timer.o [1]
rt_system_timer_thread_init
                        0x000099c1    0x2  Code  Gb  timer.o [1]
rt_thread_control       0x000072d5   0x96  Code  Gb  thread.o [1]
rt_thread_control::__FUNCTION__
                        0x00016754   0x14  Data  Lc  thread.o [1]
rt_thread_create        0x0000716d   0x66  Code  Gb  thread.o [1]
rt_thread_defunct       0x1fff8b7c    0x8  Data  Gb  scheduler.o [1]
rt_thread_delay         0x000072c9    0xc  Code  Gb  thread.o [1]
rt_thread_delete        0x000071d3   0x84  Code  Gb  thread.o [1]
rt_thread_delete::__FUNCTION__
                        0x00016740   0x14  Data  Lc  thread.o [1]
rt_thread_exit          0x00006f6b   0x52  Code  Gb  thread.o [1]
rt_thread_idle_entry    0x000136db   0x28  Code  Lc  idle.o [1]
rt_thread_idle_excute   0x0001363f   0x9c  Code  Gb  idle.o [1]
rt_thread_idle_excute::__FUNCTION__
                        0x00015d40   0x18  Data  Lc  idle.o [1]
rt_thread_idle_init     0x00013703   0x5c  Code  Gb  idle.o [1]
rt_thread_init          0x0000707b   0x70  Code  Gb  thread.o [1]
rt_thread_init::__FUNCTION__
                        0x00016f8c   0x10  Data  Lc  thread.o [1]
rt_thread_inited_hook   0x1fff8c18    0x4  Data  Lc  thread.o [1]
rt_thread_priority_table
                        0x1fff8704  0x100  Data  Gb  scheduler.o [1]
rt_thread_ready_priority_group
                        0x1fff8bec    0x4  Data  Gb  scheduler.o [1]
rt_thread_resume        0x00007403   0x72  Code  Gb  thread.o [1]
rt_thread_resume::__FUNCTION__
                        0x0001677c   0x14  Data  Lc  thread.o [1]
rt_thread_resume_hook   0x1fff8c14    0x4  Data  Lc  thread.o [1]
rt_thread_self          0x000070eb    0x8  Code  Gb  thread.o [1]
rt_thread_sleep         0x00007261   0x68  Code  Gb  thread.o [1]
rt_thread_sleep::__FUNCTION__
                        0x00016f9c   0x10  Data  Lc  thread.o [1]
rt_thread_stack         0x1fff8604  0x100  Data  Lc  idle.o [1]
rt_thread_startup       0x000070f3   0x7a  Code  Gb  thread.o [1]
rt_thread_startup::__FUNCTION__
                        0x0001672c   0x14  Data  Lc  thread.o [1]
rt_thread_suspend       0x0000736b   0x98  Code  Gb  thread.o [1]
rt_thread_suspend::__FUNCTION__
                        0x00016768   0x14  Data  Lc  thread.o [1]
rt_thread_suspend_hook  0x1fff8c10    0x4  Data  Lc  thread.o [1]
rt_thread_switch_interrupt_flag
                        0x1fff8b98    0x4  Data  Gb  cpuport.o [1]
rt_thread_timeout       0x00007479   0x5e  Code  Gb  thread.o [1]
rt_thread_timeout::__FUNCTION__
                        0x00016790   0x14  Data  Lc  thread.o [1]
rt_thread_yield         0x00007257    0xa  Code  Gb  thread.o [1]
rt_tick                 0x1fff8b8c    0x4  Data  Lc  clock.o [1]
rt_tick_get             0x0000a695    0x6  Code  Gb  clock.o [1]
rt_tick_increase        0x0000a69b   0x2c  Code  Gb  clock.o [1]
rt_timer_check          0x000098df   0x8a  Code  Gb  timer.o [1]
rt_timer_control        0x0000987f   0x60  Code  Gb  timer.o [1]
rt_timer_control::__FUNCTION__
                        0x000167b8   0x14  Data  Lc  timer.o [1]
rt_timer_detach         0x0000966d   0x62  Code  Gb  timer.o [1]
rt_timer_detach::__FUNCTION__
                        0x00016fbc   0x10  Data  Lc  timer.o [1]
rt_timer_enter_hook     0x1fff8c20    0x4  Data  Lc  timer.o [1]
rt_timer_exit_hook      0x1fff8c24    0x4  Data  Lc  timer.o [1]
rt_timer_init           0x00009629   0x44  Code  Gb  timer.o [1]
rt_timer_init::__FUNCTION__
                        0x00016fac   0x10  Data  Lc  timer.o [1]
rt_timer_list           0x1fff8b84    0x8  Data  Lc  timer.o [1]
rt_timer_start          0x000096cf  0x14c  Code  Gb  timer.o [1]
rt_timer_start::__FUNCTION__
                        0x00016fcc   0x10  Data  Lc  timer.o [1]
rt_timer_start::random_nr
                        0x1fff8c28    0x4  Data  Lc  timer.o [1]
rt_timer_stop           0x0000981b   0x64  Code  Gb  timer.o [1]
rt_timer_stop::__FUNCTION__
                        0x00016fdc   0x10  Data  Lc  timer.o [1]
rt_vsnprintf            0x00004c5b  0x36e  Code  Gb  kservice.o [1]
rt_vsprintf             0x00004ff1   0x18  Code  Gb  kservice.o [1]
rti_board_end           0x0001378d    0x4  Code  Lc  components.o [1]
rti_board_start         0x00013789    0x4  Code  Lc  components.o [1]
rti_end                 0x00013791    0x4  Code  Lc  components.o [1]
rti_start               0x00013785    0x4  Code  Lc  components.o [1]
rtthread_startup        0x00013865   0x2a  Code  Gb  components.o [1]
serial3                 0x1fff8988   0x54  Data  Lc  drv_usart.o [1]
set_date                0x00012e8d   0x84  Code  Gb  rtc.o [1]
set_time                0x00012f11   0x7e  Code  Gb  rtc.o [1]
shell                   0x1fff8bf8    0x4  Data  Gb  shell.o [1]
shell_auto_complete     0x0000ea59   0x2a  Code  Lc  shell.o [1]
shell_handle_history    0x0000ea83   0x26  Code  Lc  shell.o [1]
shell_push_history      0x0000eab1  0x10e  Code  Lc  shell.o [1]
show_wait_queue         0x00008bb1   0x2c  Code  Lc  cmd.o [1]
skip_atoi               0x00004ad7   0x22  Code  Lc  kservice.o [1]
snprintf                0x00014365   0x44  Code  Gb  snprintf.o [3]
st_clust                0x00000cc9   0x28  Code  Lc  ff.o [1]
st_dword                0x00000459   0x18  Code  Lc  ff.o [1]
st_word                 0x0000044b    0xe  Code  Lc  ff.o [1]
std_fd                  0x1fff82ec    0x4  Data  Lc  stdio.o [1]
str_common              0x0000f521   0x24  Code  Lc  msh.o [1]
strcat                  0x0000f811   0x1c  Code  Gb  strcat.o [3]
strchr                  0x0000a6cd         Code  Gb  strchr.o [5]
strlen                  0x00007ecd         Code  Gb  strlen.o [5]
strncmp                 0x00007f03   0x2c  Code  Gb  strncmp.o [3]
strrchr                 0x0000a681   0x10  Code  Gb  dfs_file.o [1]
strstr                  0x0000fa2d   0x10  Code  Gb  msh_file.o [1]
sum_sfn                 0x00000f89   0x20  Code  Lc  ff.o [1]
sync_fs                 0x0000059d   0x9a  Code  Lc  ff.o [1]
sync_window             0x00000503   0x5a  Code  Lc  ff.o [1]
tolower                 0x0000aaad   0x14  Code  Gb  tolower.o [3]
tzone                   0x000132b4    0x1  Data  Lc  xlocale_c.o [3]
u32ICG                  0x00000400   0x20  Data  Gb  hc32f46x_icg.o [1]
u8FreqDiv               0x1fff82d8    0x8  Data  Lc  hc32f46x_i2c.o [1]
uart3_rx_err_irq_handler
                        0x000126cb   0x5c  Code  Lc  drv_usart.o [1]
uart3_rx_err_irq_handler::__FUNCTION__
                        0x000157f0   0x1c  Data  Lc  drv_usart.o [1]
uart3_rx_irq_handler    0x000126a3   0x28  Code  Lc  drv_usart.o [1]
uart3_rx_irq_handler::__FUNCTION__
                        0x00015ce0   0x18  Data  Lc  drv_usart.o [1]
uart3_tx_irq_handler    0x00012727   0x32  Code  Lc  drv_usart.o [1]
uart3_tx_irq_handler::__FUNCTION__
                        0x00015cf8   0x18  Data  Lc  drv_usart.o [1]
unlink                  0x0000a395   0x20  Code  Gb  dfs_posix.o [1]
unlock_fs               0x000004df   0x24  Code  Lc  ff.o [1]
usage_fault_track       0x00009a07   0x70  Code  Lc  cpuport.o [1]
usart3                  0x1fff82c8    0x8  Data  Lc  drv_usart.o [1]
used_mem                0x1fff8bd0    0x4  Data  Lc  mem.o [1]
validate                0x00001ca7   0x54  Code  Lc  ff.o [1]
version                 0x0000896f    0xa  Code  Gb  cmd.o [1]
working_directory       0x1fff8000  0x100  Data  Gb  dfs.o [1]
write                   0x0000a31d   0x54  Code  Gb  dfs_posix.o [1]


[1] = C:\Users\User\Documents\01-HDSC_Files\09-M010\hc32f46x-ddl-rtos\rt_thread\bsp\hc32f46x\build\iar\release\Obj
[2] = command line
[3] = dl7M_tlf.a
[4] = m7M_tl.a
[5] = rt7M_tl.a
[6] = shb_l.a

  79 818 bytes of readonly  code memory
  16 213 bytes of readonly  data memory (+ 32 absolute)
   5 170 bytes of readwrite data memory

Errors: none
Warnings: none
