Component: ARM Compiler 5.06 update 6 (build 750) Tool: armlink [4d35ed]

==============================================================================

Section Cross References

    clock.o(i.rt_tick_get) refers to clock.o(.data) for rt_tick
    clock.o(i.rt_tick_increase) refers to thread.o(i.rt_thread_self) for rt_thread_self
    clock.o(i.rt_tick_increase) refers to thread.o(i.rt_thread_yield) for rt_thread_yield
    clock.o(i.rt_tick_increase) refers to timer.o(i.rt_timer_check) for rt_timer_check
    clock.o(i.rt_tick_increase) refers to clock.o(.data) for rt_tick
    clock.o(i.rt_tick_set) refers to context_rvds.o(.text) for rt_hw_interrupt_disable
    clock.o(i.rt_tick_set) refers to clock.o(.data) for rt_tick
    components.o(i.$Sub$$main) refers to context_rvds.o(.text) for rt_hw_interrupt_disable
    components.o(i.$Sub$$main) refers to components.o(i.rtthread_startup) for rtthread_startup
    components.o(i.main_thread_entry) refers to components.o(i.rt_components_init) for rt_components_init
    components.o(i.main_thread_entry) refers to main.o(i.main) for $Super$$main
    components.o(i.rt_application_init) refers to thread.o(i.rt_thread_create) for rt_thread_create
    components.o(i.rt_application_init) refers to kservice.o(i.rt_assert_handler) for rt_assert_handler
    components.o(i.rt_application_init) refers to thread.o(i.rt_thread_startup) for rt_thread_startup
    components.o(i.rt_application_init) refers to components.o(i.main_thread_entry) for main_thread_entry
    components.o(i.rt_application_init) refers to components.o(.constdata) for __FUNCTION__
    components.o(i.rt_components_board_init) refers to kservice.o(i.rt_kprintf) for rt_kprintf
    components.o(i.rt_components_board_init) refers to components.o(.rti_fn.0.end) for __rt_init_desc_rti_board_start
    components.o(i.rt_components_board_init) refers to components.o(.rti_fn.1.end) for __rt_init_desc_rti_board_end
    components.o(i.rt_components_init) refers to kservice.o(i.rt_kprintf) for rt_kprintf
    components.o(i.rt_components_init) refers to components.o(.rti_fn.1.end) for __rt_init_desc_rti_board_end
    components.o(i.rt_components_init) refers to components.o(.rti_fn.6.end) for __rt_init_desc_rti_end
    components.o(i.rtthread_startup) refers to context_rvds.o(.text) for rt_hw_interrupt_disable
    components.o(i.rtthread_startup) refers to board.o(i.rt_hw_board_init) for rt_hw_board_init
    components.o(i.rtthread_startup) refers to kservice.o(i.rt_show_version) for rt_show_version
    components.o(i.rtthread_startup) refers to timer.o(i.rt_system_timer_init) for rt_system_timer_init
    components.o(i.rtthread_startup) refers to scheduler.o(i.rt_system_scheduler_init) for rt_system_scheduler_init
    components.o(i.rtthread_startup) refers to components.o(i.rt_application_init) for rt_application_init
    components.o(i.rtthread_startup) refers to timer.o(i.rt_system_timer_thread_init) for rt_system_timer_thread_init
    components.o(i.rtthread_startup) refers to idle.o(i.rt_thread_idle_init) for rt_thread_idle_init
    components.o(i.rtthread_startup) refers to scheduler.o(i.rt_system_scheduler_start) for rt_system_scheduler_start
    components.o(.rti_fn.0) refers to components.o(.constdata) for __rti_rti_start_name
    components.o(.rti_fn.0) refers to components.o(i.rti_start) for rti_start
    components.o(.rti_fn.0.end) refers to components.o(.constdata) for __rti_rti_board_start_name
    components.o(.rti_fn.0.end) refers to components.o(i.rti_board_start) for rti_board_start
    components.o(.rti_fn.1.end) refers to components.o(.constdata) for __rti_rti_board_end_name
    components.o(.rti_fn.1.end) refers to components.o(i.rti_board_end) for rti_board_end
    components.o(.rti_fn.6.end) refers to components.o(.constdata) for __rti_rti_end_name
    components.o(.rti_fn.6.end) refers to components.o(i.rti_end) for rti_end
    device.o(i.rt_device_close) refers to kservice.o(i.rt_assert_handler) for rt_assert_handler
    device.o(i.rt_device_close) refers to object.o(i.rt_object_get_type) for rt_object_get_type
    device.o(i.rt_device_close) refers to device.o(.constdata) for __FUNCTION__
    device.o(i.rt_device_control) refers to kservice.o(i.rt_assert_handler) for rt_assert_handler
    device.o(i.rt_device_control) refers to object.o(i.rt_object_get_type) for rt_object_get_type
    device.o(i.rt_device_control) refers to device.o(.constdata) for __FUNCTION__
    device.o(i.rt_device_create) refers to mem.o(i.rt_malloc) for rt_malloc
    device.o(i.rt_device_create) refers to kservice.o(i.rt_memset) for rt_memset
    device.o(i.rt_device_destroy) refers to kservice.o(i.rt_assert_handler) for rt_assert_handler
    device.o(i.rt_device_destroy) refers to object.o(i.rt_object_get_type) for rt_object_get_type
    device.o(i.rt_device_destroy) refers to object.o(i.rt_object_is_systemobject) for rt_object_is_systemobject
[...]
    0x00002ea4   0x00002ea4   0x00000038   Code   RO         2921    i.GetFreqReg        hc32f46x_i2c.o
    0x00002edc   0x00002edc   0x00000184   Code   RO         2923    i.I2C_BaudrateConfig  hc32f46x_i2c.o
    0x00003060   0x00003060   0x0000008c   Code   RO         2926    i.I2C_Cmd           hc32f46x_i2c.o
    0x000030ec   0x000030ec   0x00000084   Code   RO         2927    i.I2C_DeInit        hc32f46x_i2c.o
    0x00003170   0x00003170   0x0000008c   Code   RO         2933    i.I2C_GenerateStart  hc32f46x_i2c.o
    0x000031fc   0x000031fc   0x0000008c   Code   RO         2934    i.I2C_GenerateStop  hc32f46x_i2c.o
    0x00003288   0x00003288   0x000000ec   Code   RO         2935    i.I2C_GetStatus     hc32f46x_i2c.o
    0x00003374   0x00003374   0x000000f4   Code   RO         2936    i.I2C_Init          hc32f46x_i2c.o
    0x00003468   0x00003468   0x0000008c   Code   RO         2938    i.I2C_NackConfig    hc32f46x_i2c.o
    0x000034f4   0x000034f4   0x00000070   Code   RO         2939    i.I2C_ReadData      hc32f46x_i2c.o
    0x00003564   0x00003564   0x00000070   Code   RO         2940    i.I2C_SendData      hc32f46x_i2c.o
    0x000035d4   0x000035d4   0x00000014   Code   RO         3186    i.IRQ000_Handler    hc32f46x_interrupts.o
    0x000035e8   0x000035e8   0x00000014   Code   RO         3187    i.IRQ001_Handler    hc32f46x_interrupts.o
    0x000035fc   0x000035fc   0x00000014   Code   RO         3188    i.IRQ002_Handler    hc32f46x_interrupts.o
    0x00003610   0x00003610   0x00000014   Code   RO         3189    i.IRQ003_Handler    hc32f46x_interrupts.o
    0x00003624   0x00003624   0x00000014   Code   RO         3190    i.IRQ004_Handler    hc32f46x_interrupts.o
    0x00003638   0x00003638   0x00000014   Code   RO         3191    i.IRQ005_Handler    hc32f46x_interrupts.o
    0x0000364c   0x0000364c   0x00000014   Code   RO         3192    i.IRQ006_Handler    hc32f46x_interrupts.o
    0x00003660   0x00003660   0x00000014   Code   RO         3193    i.IRQ007_Handler    hc32f46x_interrupts.o
    0x00003674   0x00003674   0x00000014   Code   RO         3194    i.IRQ008_Handler    hc32f46x_interrupts.o
    0x00003688   0x00003688   0x00000014   Code   RO         3195    i.IRQ009_Handler    hc32f46x_interrupts.o
    0x0000369c   0x0000369c   0x00000014   Code   RO         3196    i.IRQ010_Handler    hc32f46x_interrupts.o
    0x000036b0   0x000036b0   0x00000014   Code   RO         3197    i.IRQ011_Handler    hc32f46x_interrupts.o
    0x000036c4   0x000036c4   0x00000014   Code   RO         3198    i.IRQ012_Handler    hc32f46x_interrupts.o
    0x000036d8   0x000036d8   0x00000014   Code   RO         3199    i.IRQ013_Handler    hc32f46x_interrupts.o
    0x000036ec   0x000036ec   0x00000014   Code   RO         3200    i.IRQ014_Handler    hc32f46x_interrupts.o
    0x00003700   0x00003700   0x00000014   Code   RO         3201    i.IRQ015_Handler    hc32f46x_interrupts.o
    0x00003714   0x00003714   0x00000014   Code   RO         3202    i.IRQ016_Handler    hc32f46x_interrupts.o
    0x00003728   0x00003728   0x00000014   Code   RO         3203    i.IRQ017_Handler    hc32f46x_interrupts.o
    0x0000373c   0x0000373c   0x00000014   Code   RO         3204    i.IRQ018_Handler    hc32f46x_interrupts.o
    0x00003750   0x00003750   0x00000014   Code   RO         3205    i.IRQ019_Handler    hc32f46x_interrupts.o
    0x00003764   0x00003764   0x00000014   Code   RO         3206    i.IRQ020_Handler    hc32f46x_interrupts.o
    0x00003778   0x00003778   0x00000014   Code   RO         3207    i.IRQ021_Handler    hc32f46x_interrupts.o
    0x0000378c   0x0000378c   0x00000014   Code   RO         3208    i.IRQ022_Handler    hc32f46x_interrupts.o
    0x000037a0   0x000037a0   0x00000014   Code   RO         3209    i.IRQ023_Handler    hc32f46x_interrupts.o
    0x000037b4   0x000037b4   0x00000014   Code   RO         3210    i.IRQ024_Handler    hc32f46x_interrupts.o
    0x000037c8   0x000037c8   0x00000014   Code   RO         3211    i.IRQ025_Handler    hc32f46x_interrupts.o
    0x000037dc   0x000037dc   0x00000014   Code   RO         3212    i.IRQ026_Handler    hc32f46x_interrupts.o
    0x000037f0   0x000037f0   0x00000014   Code   RO         3213    i.IRQ027_Handler    hc32f46x_interrupts.o
    0x00003804   0x00003804   0x00000014   Code   RO         3214    i.IRQ028_Handler    hc32f46x_interrupts.o
    0x00003818   0x00003818   0x00000014   Code   RO         3215    i.IRQ029_Handler    hc32f46x_interrupts.o
    0x0000382c   0x0000382c   0x00000014   Code   RO         3216    i.IRQ030_Handler    hc32f46x_interrupts.o
    0x00003840   0x00003840   0x00000014   Code   RO         3217    i.IRQ031_Handler    hc32f46x_interrupts.o
    0x00003854   0x00003854   0x00000018   Code   RO         3218    i.IRQ032_Handler    hc32f46x_interrupts.o
    0x0000386c   0x0000386c   0x00000018   Code   RO         3219    i.IRQ033_Handler    hc32f46x_interrupts.o
    0x00003884   0x00003884   0x00000018   Code   RO         3220    i.IRQ034_Handler    hc32f46x_interrupts.o
    0x0000389c   0x0000389c   0x00000018   Code   RO         3221    i.IRQ035_Handler    hc32f46x_interrupts.o
    0x000038b4   0x000038b4   0x00000018   Code   RO         3222    i.IRQ036_Handler    hc32f46x_interrupts.o
    0x000038cc   0x000038cc   0x00000018   Code   RO         3223    i.IRQ037_Handler    hc32f46x_interrupts.o
    0x000038e4   0x000038e4   0x00000018   Code   RO         3224    i.IRQ038_Handler    hc32f46x_interrupts.o
    0x000038fc   0x000038fc   0x00000018   Code   RO         3225    i.IRQ039_Handler    hc32f46x_interrupts.o
    0x00003914   0x00003914   0x00000018   Code   RO         3226    i.IRQ040_Handler    hc32f46x_interrupts.o
    0x0000392c   0x0000392c   0x00000018   Code   RO         3227    i.IRQ041_Handler    hc32f46x_interrupts.o
    0x00003944   0x00003944   0x00000018   Code   RO         3228    i.IRQ042_Handler    hc32f46x_interrupts.o
    0x0000395c   0x0000395c   0x00000018   Code   RO         3229    i.IRQ043_Handler    hc32f46x_interrupts.o
    0x00003974   0x00003974   0x00000018   Code   RO         3230    i.IRQ044_Handler    hc32f46x_interrupts.o
    0x0000398c   0x0000398c   0x00000018   Code   RO         3231    i.IRQ045_Handler    hc32f46x_interrupts.o
    0x000039a4   0x000039a4   0x00000018   Code   RO         3232    i.IRQ046_Handler    hc32f46x_interrupts.o
    0x000039bc   0x000039bc   0x00000018   Code   RO         3233    i.IRQ047_Handler    hc32f46x_interrupts.o
    0x000039d4   0x000039d4   0x00000018   Code   RO         3234    i.IRQ048_Handler    hc32f46x_interrupts.o
    0x000039ec   0x000039ec   0x00000018   Code   RO         3235    i.IRQ049_Handler    hc32f46x_interrupts.o
    0x00003a04   0x00003a04   0x00000018   Code   RO         3236    i.IRQ050_Handler    hc32f46x_interrupts.o
    0x00003a1c   0x00003a1c   0x00000018   Code   RO         3237    i.IRQ051_Handler    hc32f46x_interrupts.o
    0x00003a34   0x00003a34   0x00000018   Code   RO         3238    i.IRQ052_Handler    hc32f46x_interrupts.o
    0x00003a4c   0x00003a4c   0x00000018   Code   RO         3239    i.IRQ053_Handler    hc32f46x_interrupts.o
    0x00003a64   0x00003a64   0x00000018   Code   RO         3240    i.IRQ054_Handler    hc32f46x_interrupts.o
    0x00003a7c   0x00003a7c   0x00000018   Code   RO         3241    i.IRQ055_Handler    hc32f46x_interrupts.o
    0x00003a94   0x00003a94   0x00000018   Code   RO         3242    i.IRQ056_Handler    hc32f46x_interrupts.o
    0x00003aac   0x00003aac   0x00000018   Code   RO         3243    i.IRQ057_Handler    hc32f46x_interrupts.o
    0x00003ac4   0x00003ac4   0x00000018   Code   RO         3244    i.IRQ058_Handler    hc32f46x_interrupts.o
    0x00003adc   0x00003adc   0x00000018   Code   RO         3245    i.IRQ059_Handler    hc32f46x_interrupts.o
    0x00003af4   0x00003af4   0x00000018   Code   RO         3246    i.IRQ060_Handler    hc32f46x_interrupts.o
    0x00003b0c   0x00003b0c   0x00000018   Code   RO         3247    i.IRQ061_Handler    hc32f46x_interrupts.o
    0x00003b24   0x00003b24   0x00000018   Code   RO         3248    i.IRQ062_Handler    hc32f46x_interrupts.o
    0x00003b3c   0x00003b3c   0x00000018   Code   RO         3249    i.IRQ063_Handler    hc32f46x_interrupts.o
    0x00003b54   0x00003b54   0x00000018   Code   RO         3250    i.IRQ064_Handler    hc32f46x_interrupts.o
    0x00003b6c   0x00003b6c   0x00000018   Code   RO         3251    i.IRQ065_Handler    hc32f46x_interrupts.o
    0x00003b84   0x00003b84   0x00000018   Code   RO         3252    i.IRQ066_Handler    hc32f46x_interrupts.o
    0x00003b9c   0x00003b9c   0x00000018   Code   RO         3253    i.IRQ067_Handler    hc32f46x_interrupts.o
    0x00003bb4   0x00003bb4   0x00000018   Code   RO         3254    i.IRQ068_Handler    hc32f46x_interrupts.o
    0x00003bcc   0x00003bcc   0x00000018   Code   RO         3255    i.IRQ069_Handler    hc32f46x_interrupts.o
    0x00003be4   0x00003be4   0x00000018   Code   RO         3256    i.IRQ070_Handler    hc32f46x_interrupts.o
    0x00003bfc   0x00003bfc   0x00000018   Code   RO         3257    i.IRQ071_Handler    hc32f46x_interrupts.o
    0x00003c14   0x00003c14   0x00000018   Code   RO         3258    i.IRQ072_Handler    hc32f46x_interrupts.o
    0x00003c2c   0x00003c2c   0x00000018   Code   RO         3259    i.IRQ073_Handler    hc32f46x_interrupts.o
    0x00003c44   0x00003c44   0x00000018   Code   RO         3260    i.IRQ074_Handler    hc32f46x_interrupts.o
    0x00003c5c   0x00003c5c   0x00000018   Code   RO         3261    i.IRQ075_Handler    hc32f46x_interrupts.o
    0x00003c74   0x00003c74   0x00000018   Code   RO         3262    i.IRQ076_Handler    hc32f46x_interrupts.o
    0x00003c8c   0x00003c8c   0x00000018   Code   RO         3263    i.IRQ077_Handler    hc32f46x_interrupts.o
    0x00003ca4   0x00003ca4   0x00000018   Code   RO         3264    i.IRQ078_Handler    hc32f46x_interrupts.o
    0x00003cbc   0x00003cbc   0x00000018   Code   RO         3265    i.IRQ079_Handler    hc32f46x_interrupts.o
    0x00003cd4   0x00003cd4   0x00000018   Code   RO         3266    i.IRQ080_Handler    hc32f46x_interrupts.o
    0x00003cec   0x00003cec   0x00000018   Code   RO         3267    i.IRQ081_Handler    hc32f46x_interrupts.o
    0x00003d04   0x00003d04   0x00000018   Code   RO         3268    i.IRQ082_Handler    hc32f46x_interrupts.o
    0x00003d1c   0x00003d1c   0x00000018   Code   RO         3269    i.IRQ083_Handler    hc32f46x_interrupts.o
    0x00003d34   0x00003d34   0x00000018   Code   RO         3270    i.IRQ084_Handler    hc32f46x_interrupts.o
    0x00003d4c   0x00003d4c   0x00000018   Code   RO         3271    i.IRQ085_Handler    hc32f46x_interrupts.o
    0x00003d64   0x00003d64   0x00000018   Code   RO         3272    i.IRQ086_Handler    hc32f46x_interrupts.o
    0x00003d7c   0x00003d7c   0x00000018   Code   RO         3273    i.IRQ087_Handler    hc32f46x_interrupts.o
    0x00003d94   0x00003d94   0x00000018   Code   RO         3274    i.IRQ088_Handler    hc32f46x_interrupts.o
    0x00003dac   0x00003dac   0x00000018   Code   RO         3275    i.IRQ089_Handler    hc32f46x_interrupts.o
    0x00003dc4   0x00003dc4   0x00000018   Code   RO         3276    i.IRQ090_Handler    hc32f46x_interrupts.o
    0x00003ddc   0x00003ddc   0x00000018   Code   RO         3277    i.IRQ091_Handler    hc32f46x_interrupts.o
    0x00003df4   0x00003df4   0x00000018   Code   RO         3278    i.IRQ092_Handler    hc32f46x_interrupts.o
    0x00003e0c   0x00003e0c   0x00000018   Code   RO         3279    i.IRQ093_Handler    hc32f46x_interrupts.o
    0x00003e24   0x00003e24   0x00000018   Code   RO         3280    i.IRQ094_Handler    hc32f46x_interrupts.o
    0x00003e3c   0x00003e3c   0x00000018   Code   RO         3281    i.IRQ095_Handler    hc32f46x_interrupts.o
    0x00003e54   0x00003e54   0x00000018   Code   RO         3282    i.IRQ096_Handler    hc32f46x_interrupts.o
    0x00003e6c   0x00003e6c   0x00000018   Code   RO         3283    i.IRQ097_Handler    hc32f46x_interrupts.o
    0x00003e84   0x00003e84   0x00000018   Code   RO         3284    i.IRQ098_Handler    hc32f46x_interrupts.o
    0x00003e9c   0x00003e9c   0x00000018   Code   RO         3285    i.IRQ099_Handler    hc32f46x_interrupts.o
    0x00003eb4   0x00003eb4   0x00000018   Code   RO         3286    i.IRQ100_Handler    hc32f46x_interrupts.o
    0x00003ecc   0x00003ecc   0x00000018   Code   RO         3287    i.IRQ101_Handler    hc32f46x_interrupts.o
    0x00003ee4   0x00003ee4   0x00000018   Code   RO         3288    i.IRQ102_Handler    hc32f46x_interrupts.o
    0x00003efc   0x00003efc   0x00000018   Code   RO         3289    i.IRQ103_Handler    hc32f46x_interrupts.o
    0x00003f14   0x00003f14   0x00000018   Code   RO         3290    i.IRQ104_Handler    hc32f46x_interrupts.o
    0x00003f2c   0x00003f2c   0x00000018   Code   RO         3291    i.IRQ105_Handler    hc32f46x_interrupts.o
    0x00003f44   0x00003f44   0x00000018   Code   RO         3292    i.IRQ106_Handler    hc32f46x_interrupts.o
    0x00003f5c   0x00003f5c   0x00000018   Code   RO         3293    i.IRQ107_Handler    hc32f46x_interrupts.o
    0x00003f74   0x00003f74   0x00000018   Code   RO         3294    i.IRQ108_Handler    hc32f46x_interrupts.o
    0x00003f8c   0x00003f8c   0x00000018   Code   RO         3295    i.IRQ109_Handler    hc32f46x_interrupts.o
    0x00003fa4   0x00003fa4   0x00000018   Code   RO         3296    i.IRQ110_Handler    hc32f46x_interrupts.o
    0x00003fbc   0x00003fbc   0x00000018   Code   RO         3297    i.IRQ111_Handler    hc32f46x_interrupts.o
    0x00003fd4   0x00003fd4   0x00000018   Code   RO         3298    i.IRQ112_Handler    hc32f46x_interrupts.o
    0x00003fec   0x00003fec   0x00000018   Code   RO         3299    i.IRQ113_Handler    hc32f46x_interrupts.o
    0x00004004   0x00004004   0x00000018   Code   RO         3300    i.IRQ114_Handler    hc32f46x_interrupts.o
    0x0000401c   0x0000401c   0x00000018   Code   RO         3301    i.IRQ115_Handler    hc32f46x_interrupts.o
    0x00004034   0x00004034   0x00000018   Code   RO         3302    i.IRQ116_Handler    hc32f46x_interrupts.o
    0x0000404c   0x0000404c   0x00000018   Code   RO         3303    i.IRQ117_Handler    hc32f46x_interrupts.o
    0x00004064   0x00004064   0x00000018   Code   RO         3304    i.IRQ118_Handler    hc32f46x_interrupts.o
    0x0000407c   0x0000407c   0x00000018   Code   RO         3305    i.IRQ119_Handler    hc32f46x_interrupts.o
    0x00004094   0x00004094   0x00000018   Code   RO         3306    i.IRQ120_Handler    hc32f46x_interrupts.o
    0x000040ac   0x000040ac   0x00000018   Code   RO         3307    i.IRQ121_Handler    hc32f46x_interrupts.o
    0x000040c4   0x000040c4   0x00000018   Code   RO         3308    i.IRQ122_Handler    hc32f46x_interrupts.o
    0x000040dc   0x000040dc   0x00000018   Code   RO         3309    i.IRQ123_Handler    hc32f46x_interrupts.o
    0x000040f4   0x000040f4   0x00000018   Code   RO         3310    i.IRQ124_Handler    hc32f46x_interrupts.o
    0x0000410c   0x0000410c   0x00000018   Code   RO         3311    i.IRQ125_Handler    hc32f46x_interrupts.o
    0x00004124   0x00004124   0x00000018   Code   RO         3312    i.IRQ126_Handler    hc32f46x_interrupts.o
    0x0000413c   0x0000413c   0x00000018   Code   RO         3313    i.IRQ127_Handler    hc32f46x_interrupts.o
    0x00004154   0x00004154   0x00000150   Code   RO         3314    i.IRQ128_Handler    hc32f46x_interrupts.o
    0x000042a4   0x000042a4   0x00000466   Code   RO         3315    i.IRQ129_Handler    hc32f46x_interrupts.o
    0x0000470a   0x0000470a   0x00000002   PAD
    0x0000470c   0x0000470c   0x000000dc   Code   RO         3316    i.IRQ130_Handler    hc32f46x_interrupts.o
    0x000047e8   0x000047e8   0x000002c8   Code   RO         3317    i.IRQ131_Handler    hc32f46x_interrupts.o
    0x00004ab0   0x00004ab0   0x00000170   Code   RO         3318    i.IRQ132_Handler    hc32f46x_interrupts.o
    0x00004c20   0x00004c20   0x00000320   Code   RO         3319    i.IRQ136_Handler    hc32f46x_interrupts.o
    0x00004f40   0x00004f40   0x00000288   Code   RO         3320    i.IRQ137_Handler    hc32f46x_interrupts.o
    0x000051c8   0x000051c8   0x00000230   Code   RO         3321    i.IRQ138_Handler    hc32f46x_interrupts.o
    0x000053f8   0x000053f8   0x00000120   Code   RO         3322    i.IRQ139_Handler    hc32f46x_interrupts.o
    0x00005518   0x00005518   0x00000214   Code   RO         3323    i.IRQ140_Handler    hc32f46x_interrupts.o
    0x0000572c   0x0000572c   0x0000025c   Code   RO         3324    i.IRQ141_Handler    hc32f46x_interrupts.o
    0x00005988   0x00005988   0x00000114   Code   RO         3325    i.IRQ142_Handler    hc32f46x_interrupts.o
    0x00005a9c   0x00005a9c   0x00000110   Code   RO         3326    i.IRQ143_Handler    hc32f46x_interrupts.o
    0x00005bac   0x00005bac   0x00000008   Code   RO         3327    i.MemManage_Handler  hc32f46x_interrupts.o
    0x00005bb4   0x00005bb4   0x00000008   Code   RO         3328    i.NMI_Handler       hc32f46x_interrupts.o
    0x00005bbc   0x00005bbc   0x00000018   Code   RO         1845    i.NVIC_ClearPendingIRQ  drv_usart.o
    0x00005bd4   0x00005bd4   0x00000018   Code   RO         1846    i.NVIC_DisableIRQ   drv_usart.o
    0x00005bec   0x00005bec   0x00000016   Code   RO         1847    i.NVIC_EnableIRQ    drv_usart.o
    0x00005c02   0x00005c02   0x00000002   PAD
    0x00005c04   0x00005c04   0x00000028   Code   RO         1848    i.NVIC_SetPriority  drv_usart.o
    0x00005c2c   0x00005c2c   0x00000218   Code   RO         2785    i.PORT_Init         hc32f46x_gpio.o
    0x00005e44   0x00005e44   0x00000010   Code   RO         2786    i.PORT_Lock         hc32f46x_gpio.o
    0x00005e54   0x00005e54   0x000001dc   Code   RO         2792    i.PORT_SetFunc      hc32f46x_gpio.o
    0x00006030   0x00006030   0x0000007c   Code   RO         2795    i.PORT_Toggle       hc32f46x_gpio.o
    0x000060ac   0x000060ac   0x00000010   Code   RO         2796    i.PORT_Unlock       hc32f46x_gpio.o
    0x000060bc   0x000060bc   0x00000090   Code   RO         4258    i.PWC_Fcg1PeriphClockCmd  hc32f46x_pwc.o
    0x0000614c   0x0000614c   0x00000008   Code   RO         3331    i.SVC_Handler       hc32f46x_interrupts.o
    0x00006154   0x00006154   0x0000012c   Code   RO         5074    i.SetClkSyncBaudrate  hc32f46x_usart.o
    0x00006280   0x00006280   0x00000160   Code   RO         5075    i.SetScBaudrate     hc32f46x_usart.o
    0x000063e0   0x000063e0   0x00000170   Code   RO         5076    i.SetUartBaudrate   hc32f46x_usart.o
    0x00006550   0x00006550   0x00000064   Code   RO         1644    i.SysTick_Configuration  board.o
    0x000065b4   0x000065b4   0x00000010   Code   RO         1645    i.SysTick_Handler   board.o
    0x000065c4   0x000065c4   0x000000c4   Code   RO         1974    i.SystemCoreClockUpdate  system_hc32f46x.o
    0x00006688   0x00006688   0x00000008   Code   RO         1975    i.SystemInit        system_hc32f46x.o
    0x00006690   0x00006690   0x00000084   Code   RO         5078    i.USART_ClearStatus  hc32f46x_usart.o
    0x00006714   0x00006714   0x00000244   Code   RO         5080    i.USART_FuncCmd     hc32f46x_usart.o
    0x00006958   0x00006958   0x000000bc   Code   RO         5090    i.USART_GetStatus   hc32f46x_usart.o
    0x00006a14   0x00006a14   0x00000080   Code   RO         5093    i.USART_RecData     hc32f46x_usart.o
    0x00006a94   0x00006a94   0x00000088   Code   RO         5095    i.USART_SendData    hc32f46x_usart.o
    0x00006b1c   0x00006b1c   0x00000068   Code   RO         5096    i.USART_SetBaudrate  hc32f46x_usart.o
    0x00006b84   0x00006b84   0x000003e0   Code   RO         5108    i.USART_UART_Init   hc32f46x_usart.o
    0x00006f64   0x00006f64   0x00000008   Code   RO         3333    i.UsageFault_Handler  hc32f46x_interrupts.o
    0x00006f6c   0x00006f6c   0x000000ac   Code   RO         5109    i.UsartGetClk       hc32f46x_usart.o
    0x00007018   0x00007018   0x00000028   Code   RO         8641    i.__ARM_fpclassify  m_ws.l(fpclassify.o)
    0x00007040   0x00007040   0x0000004c   Code   RO          639    i.__rt_ffs          kservice.o
    0x0000708c   0x0000708c   0x00000028   Code   RO         1165    i._get_highest_priority_thread  scheduler.o
    0x000070b4   0x000070b4   0x0000001a   Code   RO         5591    i._get_path_lastname  dfs_file.o
    0x000070ce   0x000070ce   0x00000002   PAD
    0x000070d0   0x000070d0   0x00000014   Code   RO          272    i._has_defunct_thread  idle.o
    0x000070e4   0x000070e4   0x0000000e   Code   RO         8221    i._is_digit         c_w.l(__printf_wp.o)
    0x000070f2   0x000070f2   0x00000002   PAD
    0x000070f4   0x000070f4   0x00000098   Code   RO         7769    i._msh_exec_cmd     msh.o
    0x0000718c   0x0000718c   0x000000c8   Code   RO         1166    i._rt_scheduler_stack_check  scheduler.o
    0x00007254   0x00007254   0x000000d0   Code   RO         1264    i._rt_thread_init   thread.o
    0x00007324   0x00007324   0x00000042   Code   RO         1407    i._rt_timer_init    timer.o
    0x00007366   0x00007366   0x0000002e   Code   RO         1408    i._rt_timer_remove  timer.o
    0x00007394   0x00007394   0x00000194   Code   RO         6753    i._serial_dma_rx    serial.o
    0x00007528   0x00007528   0x0000005c   Code   RO         6754    i._serial_dma_tx    serial.o
    0x00007584   0x00007584   0x00000064   Code   RO         6755    i._serial_fifo_calc_recved_len  serial.o
    0x000075e8   0x000075e8   0x000000b8   Code   RO         6756    i._serial_int_rx    serial.o
    0x000076a0   0x000076a0   0x00000070   Code   RO         6757    i._serial_int_tx    serial.o
    0x00007710   0x00007710   0x0000005c   Code   RO         6758    i._serial_poll_rx   serial.o
    0x0000776c   0x0000776c   0x00000054   Code   RO         6759    i._serial_poll_tx   serial.o
    0x000077c0   0x000077c0   0x00000014   Code   RO         8026    i._sys_close        stubs.o
    0x000077d4   0x000077d4   0x00000004   Code   RO         8028    i._sys_exit         stubs.o
    0x000077d8   0x000077d8   0x0000001e   Code   RO         8029    i._sys_flen         stubs.o
    0x000077f6   0x000077f6   0x00000012   Code   RO         8030    i._sys_istty        stubs.o
    0x00007808   0x00007808   0x000000a0   Code   RO         8031    i._sys_open         stubs.o
    0x000078a8   0x000078a8   0x0000001c   Code   RO         8033    i._sys_seek         stubs.o
    0x000078c4   0x000078c4   0x0000005a   Code   RO         8035    i._sys_write        stubs.o
    0x0000791e   0x0000791e   0x00000010   Code   RO         8036    i._ttywrch          stubs.o
    0x0000792e   0x0000792e   0x00000002   PAD
    0x00007930   0x00007930   0x000000fc   Code   RO         5423    i.bus_fault_track   cpuport.o
    0x00007a2c   0x00007a2c   0x00000068   Code   RO         5592    i.cat               dfs_file.o
    0x00007a94   0x00007a94   0x00000094   Code   RO         5784    i.chdir             dfs_posix.o
    0x00007b28   0x00007b28   0x0000007c   Code   RO         6222    i.check_fs          ff.o
    0x00007ba4   0x00007ba4   0x00000014   Code   RO         6223    i.chk_chr           ff.o
    0x00007bb8   0x00007bb8   0x00000032   Code   RO         6224    i.clmt_clust        ff.o
    0x00007bea   0x00007bea   0x00000044   Code   RO         5785    i.close             dfs_posix.o
    0x00007c2e   0x00007c2e   0x0000004a   Code   RO         5786    i.closedir          dfs_posix.o
    0x00007c78   0x00007c78   0x0000001a   Code   RO         6225    i.clust2sect        ff.o
    0x00007c92   0x00007c92   0x00000002   PAD
    0x00007c94   0x00007c94   0x00000060   Code   RO         7830    i.cmd_cat           msh_cmd.o
    0x00007cf4   0x00007cf4   0x0000004c   Code   RO         7831    i.cmd_cd            msh_cmd.o
    0x00007d40   0x00007d40   0x00000054   Code   RO         7832    i.cmd_cp            msh_cmd.o
    0x00007d94   0x00007d94   0x00000054   Code   RO         7833    i.cmd_df            msh_cmd.o
    0x00007de8   0x00007de8   0x0000009c   Code   RO         7834    i.cmd_echo          msh_cmd.o
    0x00007e84   0x00007e84   0x0000000e   Code   RO         7835    i.cmd_free          msh_cmd.o
    0x00007e92   0x00007e92   0x00000002   PAD
    0x00007e94   0x00007e94   0x00000020   Code   RO         7836    i.cmd_ls            msh_cmd.o
    0x00007eb4   0x00007eb4   0x00000080   Code   RO         7837    i.cmd_mkdir         msh_cmd.o
    0x00007f34   0x00007f34   0x00000094   Code   RO         7838    i.cmd_mkfs          msh_cmd.o
    0x00007fc8   0x00007fc8   0x00000138   Code   RO         7839    i.cmd_mv            msh_cmd.o
    0x00008100   0x00008100   0x0000000e   Code   RO         7840    i.cmd_ps            msh_cmd.o
    0x0000810e   0x0000810e   0x00000002   PAD
    0x00008110   0x00008110   0x0000001c   Code   RO         7841    i.cmd_pwd           msh_cmd.o
    0x0000812c   0x0000812c   0x00000064   Code   RO         7842    i.cmd_rm            msh_cmd.o
    0x00008190   0x00008190   0x00000006   Code   RO         7843    i.cmd_time          msh_cmd.o
    0x00008196   0x00008196   0x00000002   PAD
    0x00008198   0x00008198   0x00000098   Code   RO         6226    i.cmp_lfn           ff.o
    0x00008230   0x00008230   0x0000016c   Code   RO         5593    i.copy              dfs_file.o
    0x0000839c   0x0000839c   0x00000138   Code   RO         5594    i.copydir           dfs_file.o
    0x000084d4   0x000084d4   0x0000010c   Code   RO         5595    i.copyfile          dfs_file.o
    0x000085e0   0x000085e0   0x000000e0   Code   RO         6227    i.create_chain      ff.o
    0x000086c0   0x000086c0   0x00000230   Code   RO         6228    i.create_name       ff.o
    0x000088f0   0x000088f0   0x00000214   Code   RO         6720    i.date              rtc.o
    0x00008b04   0x00008b04   0x00000010   Code   RO         5940    i.devfs_init        devfs.o
    0x00008b14   0x00008b14   0x00000124   Code   RO         5711    i.df                dfs_fs.o
    0x00008c38   0x00008c38   0x00000098   Code   RO         5941    i.dfs_device_fs_close  devfs.o
    0x00008cd0   0x00008cd0   0x00000098   Code   RO         5942    i.dfs_device_fs_getdents  devfs.o
    0x00008d68   0x00008d68   0x00000064   Code   RO         5943    i.dfs_device_fs_ioctl  devfs.o
    0x00008dcc   0x00008dcc   0x00000006   Code   RO         5944    i.dfs_device_fs_mount  devfs.o
    0x00008dd2   0x00008dd2   0x00000002   PAD
    0x00008dd4   0x00008dd4   0x000000f0   Code   RO         5945    i.dfs_device_fs_open  devfs.o
    0x00008ec4   0x00008ec4   0x00000006   Code   RO         5946    i.dfs_device_fs_poll  devfs.o
    0x00008eca   0x00008eca   0x00000002   PAD
    0x00008ecc   0x00008ecc   0x00000068   Code   RO         5947    i.dfs_device_fs_read  devfs.o
    0x00008f34   0x00008f34   0x00000094   Code   RO         5948    i.dfs_device_fs_stat  devfs.o
    0x00008fc8   0x00008fc8   0x00000068   Code   RO         5949    i.dfs_device_fs_write  devfs.o
    0x00009030   0x00009030   0x00000078   Code   RO         6020    i.dfs_elm_close     dfs_elm.o
    0x000090a8   0x000090a8   0x00000038   Code   RO         6021    i.dfs_elm_flush     dfs_elm.o
    0x000090e0   0x000090e0   0x000000f4   Code   RO         6022    i.dfs_elm_getdents  dfs_elm.o
    0x000091d4   0x000091d4   0x00000008   Code   RO         6023    i.dfs_elm_ioctl     dfs_elm.o
    0x000091dc   0x000091dc   0x00000094   Code   RO         6024    i.dfs_elm_lseek     dfs_elm.o
    0x00009270   0x00009270   0x00000144   Code   RO         6025    i.dfs_elm_mkfs      dfs_elm.o
    0x000093b4   0x000093b4   0x00000108   Code   RO         6026    i.dfs_elm_mount     dfs_elm.o
    0x000094bc   0x000094bc   0x0000016c   Code   RO         6027    i.dfs_elm_open      dfs_elm.o
    0x00009628   0x00009628   0x0000005c   Code   RO         6028    i.dfs_elm_read      dfs_elm.o
    0x00009684   0x00009684   0x00000064   Code   RO         6029    i.dfs_elm_rename    dfs_elm.o
    0x000096e8   0x000096e8   0x00000108   Code   RO         6030    i.dfs_elm_stat      dfs_elm.o
    0x000097f0   0x000097f0   0x000000a0   Code   RO         6031    i.dfs_elm_statfs    dfs_elm.o
    0x00009890   0x00009890   0x0000005c   Code   RO         6032    i.dfs_elm_unlink    dfs_elm.o
    0x000098ec   0x000098ec   0x0000007c   Code   RO         6033    i.dfs_elm_unmount   dfs_elm.o
    0x00009968   0x00009968   0x00000060   Code   RO         6034    i.dfs_elm_write     dfs_elm.o
    0x000099c8   0x000099c8   0x00000008   Code   RO         5487    i.dfs_fdtable_get   dfs.o
    0x000099d0   0x000099d0   0x00000034   Code   RO         5596    i.dfs_file_close    dfs_file.o
    0x00009a04   0x00009a04   0x00000030   Code   RO         5598    i.dfs_file_getdents  dfs_file.o
    0x00009a34   0x00009a34   0x00000030   Code   RO         5600    i.dfs_file_lseek    dfs_file.o
    0x00009a64   0x00009a64   0x000000dc   Code   RO         5601    i.dfs_file_open     dfs_file.o
    0x00009b40   0x00009b40   0x0000003c   Code   RO         5602    i.dfs_file_read     dfs_file.o
    0x00009b7c   0x00009b7c   0x000000aa   Code   RO         5603    i.dfs_file_rename   dfs_file.o
    0x00009c26   0x00009c26   0x000000b8   Code   RO         5604    i.dfs_file_stat     dfs_file.o
    0x00009cde   0x00009cde   0x00000002   PAD
    0x00009ce0   0x00009ce0   0x0000009c   Code   RO         5605    i.dfs_file_unlink   dfs_file.o
    0x00009d7c   0x00009d7c   0x0000002a   Code   RO         5606    i.dfs_file_write    dfs_file.o
    0x00009da6   0x00009da6   0x00000002   PAD
    0x00009da8   0x00009da8   0x00000084   Code   RO         5714    i.dfs_filesystem_lookup  dfs_fs.o
    0x00009e2c   0x00009e2c   0x000000a4   Code   RO         5488    i.dfs_init          dfs.o
    0x00009ed0   0x00009ed0   0x00000034   Code   RO         5489    i.dfs_lock          dfs.o
    0x00009f04   0x00009f04   0x00000088   Code   RO         5715    i.dfs_mkfs          dfs_fs.o
    0x00009f8c   0x00009f8c   0x000001a8   Code   RO         5716    i.dfs_mount         dfs_fs.o
    0x0000a134   0x0000a134   0x00000178   Code   RO         5490    i.dfs_normalize_path  dfs.o
    0x0000a2ac   0x0000a2ac   0x00000068   Code   RO         5717    i.dfs_register      dfs_fs.o
    0x0000a314   0x0000a314   0x00000028   Code   RO         5718    i.dfs_statfs        dfs_fs.o
    0x0000a33c   0x0000a33c   0x00000038   Code   RO         5491    i.dfs_subdir        dfs.o
    0x0000a374   0x0000a374   0x00000010   Code   RO         5492    i.dfs_unlock        dfs.o
    0x0000a384   0x0000a384   0x00000060   Code   RO         6229    i.dir_alloc         ff.o
    0x0000a3e4   0x0000a3e4   0x000000fc   Code   RO         6230    i.dir_find          ff.o
    0x0000a4e0   0x0000a4e0   0x0000010c   Code   RO         6231    i.dir_next          ff.o
    0x0000a5ec   0x0000a5ec   0x000000d2   Code   RO         6232    i.dir_read          ff.o
    0x0000a6be   0x0000a6be   0x00000142   Code   RO         6233    i.dir_register      ff.o
    0x0000a800   0x0000a800   0x00000060   Code   RO         6234    i.dir_remove        ff.o
    0x0000a860   0x0000a860   0x0000009a   Code   RO         6235    i.dir_sdi           ff.o
    0x0000a8fa   0x0000a8fa   0x00000006   Code   RO         6035    i.disk_initialize   dfs_elm.o
    0x0000a900   0x0000a900   0x000000a0   Code   RO         6036    i.disk_ioctl        dfs_elm.o
    0x0000a9a0   0x0000a9a0   0x00000034   Code   RO         6037    i.disk_read         dfs_elm.o
    0x0000a9d4   0x0000a9d4   0x00000006   Code   RO         6038    i.disk_status       dfs_elm.o
    0x0000a9da   0x0000a9da   0x00000002   PAD
    0x0000a9dc   0x0000a9dc   0x00000034   Code   RO         6039    i.disk_write        dfs_elm.o
    0x0000aa10   0x0000aa10   0x00000024   Code   RO         6236    i.elm_get_vol       ff.o
    0x0000aa34   0x0000aa34   0x00000010   Code   RO         6040    i.elm_init          dfs_elm.o
    0x0000aa44   0x0000aa44   0x00000058   Code   RO         6041    i.elm_result_to_dfs  dfs_elm.o
    0x0000aa9c   0x0000aa9c   0x000000dc   Code   RO         3340    i.enIrqRegistration  hc32f46x_interrupts.o
    0x0000ab78   0x0000ab78   0x0000002a   Code   RO         6237    i.f_close           ff.o
    0x0000aba2   0x0000aba2   0x00000104   Code   RO         6239    i.f_getfree         ff.o
    0x0000aca6   0x0000aca6   0x0000033a   Code   RO         6240    i.f_lseek           ff.o
    0x0000afe0   0x0000afe0   0x00000192   Code   RO         6241    i.f_mkdir           ff.o
    0x0000b172   0x0000b172   0x00000002   PAD
    0x0000b174   0x0000b174   0x00000684   Code   RO         6242    i.f_mkfs            ff.o
    0x0000b7f8   0x0000b7f8   0x00000080   Code   RO         6243    i.f_mount           ff.o
    0x0000b878   0x0000b878   0x00000222   Code   RO         6244    i.f_open            ff.o
    0x0000ba9a   0x0000ba9a   0x0000009a   Code   RO         6245    i.f_opendir         ff.o
    0x0000bb34   0x0000bb34   0x00000200   Code   RO         6246    i.f_read            ff.o
    0x0000bd34   0x0000bd34   0x00000078   Code   RO         6247    i.f_readdir         ff.o
    0x0000bdac   0x0000bdac   0x00000142   Code   RO         6248    i.f_rename          ff.o
    0x0000beee   0x0000beee   0x0000003e   Code   RO         6249    i.f_seekdir         ff.o
    0x0000bf2c   0x0000bf2c   0x00000068   Code   RO         6250    i.f_stat            ff.o
    0x0000bf94   0x0000bf94   0x000000b0   Code   RO         6251    i.f_sync            ff.o
    0x0000c044   0x0000c044   0x000000d4   Code   RO         6253    i.f_unlink          ff.o
    0x0000c118   0x0000c118   0x00000244   Code   RO         6254    i.f_write           ff.o
    0x0000c35c   0x0000c35c   0x0000009e   Code   RO         5493    i.fd_alloc          dfs.o
    0x0000c3fa   0x0000c3fa   0x00000046   Code   RO         5494    i.fd_get            dfs.o
    0x0000c440   0x0000c440   0x000000a6   Code   RO         5495    i.fd_is_open        dfs.o
    0x0000c4e6   0x0000c4e6   0x0000003c   Code   RO         5496    i.fd_new            dfs.o
    0x0000c522   0x0000c522   0x00000002   PAD
    0x0000c524   0x0000c524   0x00000064   Code   RO         5497    i.fd_put            dfs.o
    0x0000c588   0x0000c588   0x0000004c   Code   RO         6548    i.ff_convert        ccsbcs.o
    0x0000c5d4   0x0000c5d4   0x00000030   Code   RO         6042    i.ff_cre_syncobj    dfs_elm.o
    0x0000c604   0x0000c604   0x00000010   Code   RO         6043    i.ff_del_syncobj    dfs_elm.o
    0x0000c614   0x0000c614   0x0000000c   Code   RO         6044    i.ff_memalloc       dfs_elm.o
    0x0000c620   0x0000c620   0x0000000c   Code   RO         6045    i.ff_memfree        dfs_elm.o
    0x0000c62c   0x0000c62c   0x0000000c   Code   RO         6046    i.ff_rel_grant      dfs_elm.o
    0x0000c638   0x0000c638   0x00000018   Code   RO         6047    i.ff_req_grant      dfs_elm.o
    0x0000c650   0x0000c650   0x000000a4   Code   RO         6549    i.ff_wtoupper       ccsbcs.o
    0x0000c6f4   0x0000c6f4   0x00000304   Code   RO         6255    i.find_volume       ff.o
    0x0000c9f8   0x0000c9f8   0x00000090   Code   RO         7516    i.finsh_get_prompt  shell.o
    0x0000ca88   0x0000ca88   0x00000058   Code   RO         7518    i.finsh_getchar     shell.o
    0x0000cae0   0x0000cae0   0x00000040   Code   RO         7519    i.finsh_rx_ind      shell.o
    0x0000cb20   0x0000cb20   0x000000dc   Code   RO         7520    i.finsh_set_device  shell.o
    0x0000cbfc   0x0000cbfc   0x00000048   Code   RO         7523    i.finsh_set_prompt_mode  shell.o
    0x0000cc44   0x0000cc44   0x00000014   Code   RO         7524    i.finsh_system_function_init  shell.o
    0x0000cc58   0x0000cc58   0x0000009c   Code   RO         7525    i.finsh_system_init  shell.o
    0x0000ccf4   0x0000ccf4   0x00000500   Code   RO         7527    i.finsh_thread_entry  shell.o
    0x0000d1f4   0x0000d1f4   0x000000a2   Code   RO         6256    i.follow_path       ff.o
    0x0000d296   0x0000d296   0x0000000e   Code   RO         5311    i.fputc             hc32f46x_utility.o
    0x0000d2a4   0x0000d2a4   0x0000000c   Code   RO         7965    i.free              mem_std.o
    0x0000d2b0   0x0000d2b0   0x00000052   Code   RO         5788    i.fstat             dfs_posix.o
    0x0000d302   0x0000d302   0x00000002   PAD
    0x0000d304   0x0000d304   0x000000b4   Code   RO         6257    i.gen_numname       ff.o
    0x0000d3b8   0x0000d3b8   0x00000024   Code   RO         6048    i.get_disk          dfs_elm.o
    0x0000d3dc   0x0000d3dc   0x000000e0   Code   RO         6258    i.get_fat           ff.o
    0x0000d4bc   0x0000d4bc   0x00000054   Code   RO         6049    i.get_fattime       dfs_elm.o
    0x0000d510   0x0000d510   0x00000142   Code   RO         6259    i.get_fileinfo      ff.o
    0x0000d652   0x0000d652   0x0000004a   Code   RO         6260    i.get_ldnumber      ff.o
    0x0000d69c   0x0000d69c   0x00000020   Code   RO         5790    i.getcwd            dfs_posix.o
    0x0000d6bc   0x0000d6bc   0x00000080   Code   RO         5424    i.hard_fault_track  cpuport.o
    0x0000d73c   0x0000d73c   0x00000158   Code   RO         1849    i.hc32_configure    drv_usart.o
    0x0000d894   0x0000d894   0x000000bc   Code   RO         1850    i.hc32_control      drv_usart.o
    0x0000d950   0x0000d950   0x0000006c   Code   RO         1851    i.hc32_getc         drv_usart.o
    0x0000d9bc   0x0000d9bc   0x00000010   Code   RO         1696    i.hc32_hw_i2c_init  drv_i2c.o
    0x0000d9cc   0x0000d9cc   0x00000068   Code   RO         1697    i.hc32_hw_i2c_read_data  drv_i2c.o
    0x0000da34   0x0000da34   0x000000e4   Code   RO         1698    i.hc32_hw_i2c_send_addr  drv_i2c.o
    0x0000db18   0x0000db18   0x000000c8   Code   RO         1699    i.hc32_hw_i2c_start  drv_i2c.o
    0x0000dbe0   0x0000dbe0   0x000000bc   Code   RO         1700    i.hc32_hw_i2c_stop  drv_i2c.o
    0x0000dc9c   0x0000dc9c   0x0000012c   Code   RO         1701    i.hc32_hw_i2c_write_data  drv_i2c.o
    0x0000ddc8   0x0000ddc8   0x000000f8   Code   RO         1852    i.hc32_hw_usart_init  drv_usart.o
    0x0000dec0   0x0000dec0   0x00000054   Code   RO         1702    i.hc32_i2c_exit     drv_i2c.o
    0x0000df14   0x0000df14   0x00000078   Code   RO         1703    i.hc32_i2c_init     drv_i2c.o
    0x0000df8c   0x0000df8c   0x000000bc   Code   RO         1704    i.hc32_i2c_probe    drv_i2c.o
    0x0000e048   0x0000e048   0x00000052   Code   RO         1705    i.hc32_i2c_read     drv_i2c.o
    0x0000e09a   0x0000e09a   0x00000052   Code   RO         1706    i.hc32_i2c_write    drv_i2c.o
    0x0000e0ec   0x0000e0ec   0x000000d8   Code   RO         1707    i.hc32_i2c_xfer     drv_i2c.o
    0x0000e1c4   0x0000e1c4   0x0000004c   Code   RO         1940    i.hc32_platform_driver_init  hc32_platform.o
    0x0000e210   0x0000e210   0x00000090   Code   RO         1853    i.hc32_putc         drv_usart.o
    0x0000e2a0   0x0000e2a0   0x00000020   Code   RO         7646    i.hello             cmd.o
    0x0000e2c0   0x0000e2c0   0x00000088   Code   RO         6623    i.i2c_bus_device_control  i2c_dev.o
    0x0000e348   0x0000e348   0x00000074   Code   RO         6624    i.i2c_bus_device_read  i2c_dev.o
    0x0000e3bc   0x0000e3bc   0x00000074   Code   RO         6625    i.i2c_bus_device_write  i2c_dev.o
    0x0000e430   0x0000e430   0x00000026   Code   RO         6261    i.ld_clust          ff.o
    0x0000e456   0x0000e456   0x00000018   Code   RO         6262    i.ld_dword          ff.o
    0x0000e46e   0x0000e46e   0x0000000c   Code   RO         6263    i.ld_word           ff.o
    0x0000e47a   0x0000e47a   0x00000002   PAD
    0x0000e47c   0x0000e47c   0x00000054   Code   RO         7996    i.libc_stdio_set_console  stdio.o
    0x0000e4d0   0x0000e4d0   0x00000016   Code   RO         7942    i.libc_system_init  libc.o
    0x0000e4e6   0x0000e4e6   0x00000002   PAD
    0x0000e4e8   0x0000e4e8   0x00000068   Code   RO         7647    i.list              cmd.o
    0x0000e550   0x0000e550   0x00000020   Code   RO         6721    i.list_date         rtc.o
    0x0000e570   0x0000e570   0x00000118   Code   RO         7648    i.list_device       cmd.o
    0x0000e688   0x0000e688   0x00000144   Code   RO         7649    i.list_event        cmd.o
    0x0000e7cc   0x0000e7cc   0x00000148   Code   RO         5498    i.list_fd           dfs.o
    0x0000e914   0x0000e914   0x0000002a   Code   RO         7650    i.list_find_init    cmd.o
    0x0000e93e   0x0000e93e   0x00000088   Code   RO         7651    i.list_get_next     cmd.o
    0x0000e9c6   0x0000e9c6   0x00000002   PAD
    0x0000e9c8   0x0000e9c8   0x0000015c   Code   RO         7652    i.list_mailbox      cmd.o
    0x0000eb24   0x0000eb24   0x00000078   Code   RO          843    i.list_mem          mem.o
    0x0000eb9c   0x0000eb9c   0x00000120   Code   RO         7653    i.list_memheap      cmd.o
    0x0000ecbc   0x0000ecbc   0x00000160   Code   RO         7654    i.list_mempool      cmd.o
    0x0000ee1c   0x0000ee1c   0x00000144   Code   RO         7655    i.list_msgqueue     cmd.o
    0x0000ef60   0x0000ef60   0x0000010c   Code   RO         7656    i.list_mutex        cmd.o
    0x0000f06c   0x0000f06c   0x00000138   Code   RO         7657    i.list_sem          cmd.o
    0x0000f1a4   0x0000f1a4   0x000001e4   Code   RO         7658    i.list_thread       cmd.o
    0x0000f388   0x0000f388   0x00000160   Code   RO         7659    i.list_timer        cmd.o
    0x0000f4e8   0x0000f4e8   0x0000000c   Code   RO         6264    i.lock_fs           ff.o
    0x0000f4f4   0x0000f4f4   0x00000130   Code   RO         5607    i.ls                dfs_file.o
    0x0000f624   0x0000f624   0x00000096   Code   RO         5792    i.lseek             dfs_posix.o
    0x0000f6ba   0x0000f6ba   0x00000082   Code   RO         1531    i.main              main.o
    0x0000f73c   0x0000f73c   0x0000000e   Code   RO          107    i.main_thread_entry  components.o
    0x0000f74a   0x0000f74a   0x0000000c   Code   RO         7966    i.malloc            mem_std.o
    0x0000f756   0x0000f756   0x00000024   Code   RO         6265    i.mem_cmp           ff.o
    0x0000f77a   0x0000f77a   0x0000001a   Code   RO         6266    i.mem_cpy           ff.o
    0x0000f794   0x0000f794   0x000000e8   Code   RO         5425    i.mem_manage_fault_track  cpuport.o
    0x0000f87c   0x0000f87c   0x00000012   Code   RO         6267    i.mem_set           ff.o
    0x0000f88e   0x0000f88e   0x00000002   PAD
    0x0000f890   0x0000f890   0x000000f4   Code   RO          844    i.memcheck          mem.o
    0x0000f984   0x0000f984   0x0000017c   Code   RO          845    i.memtrace          mem.o
    0x0000fb00   0x0000fb00   0x0000006c   Code   RO         5793    i.mkdir             dfs_posix.o
    0x0000fb6c   0x0000fb6c   0x00000010   Code   RO         5720    i.mkfs              dfs_fs.o
    0x0000fb7c   0x0000fb7c   0x00000034   Code   RO         6268    i.move_window       ff.o
    0x0000fbb0   0x0000fbb0   0x000000c8   Code   RO         7770    i.msh_auto_complete  msh.o
    0x0000fc78   0x0000fc78   0x00000198   Code   RO         7771    i.msh_auto_complete_path  msh.o
    0x0000fe10   0x0000fe10   0x00000078   Code   RO         7772    i.msh_exec          msh.o
    0x0000fe88   0x0000fe88   0x00000124   Code   RO         7925    i.msh_exec_script   msh_file.o
    0x0000ffac   0x0000ffac   0x0000005c   Code   RO         7773    i.msh_get_cmd       msh.o
    0x00010008   0x00010008   0x00000080   Code   RO         7774    i.msh_help          msh.o
    0x00010088   0x00010088   0x00000004   Code   RO         7775    i.msh_is_used       msh.o
    0x0001008c   0x0001008c   0x0000007a   Code   RO         7926    i.msh_readline      msh_file.o
    0x00010106   0x00010106   0x00000002   PAD
    0x00010108   0x00010108   0x000000f0   Code   RO         7776    i.msh_split         msh.o
    0x000101f8   0x000101f8   0x0000001c   Code   RO         7660    i.object_split      cmd.o
    0x00010214   0x00010214   0x0000005c   Code   RO         5794    i.open              dfs_posix.o
    0x00010270   0x00010270   0x0000007e   Code   RO         5795    i.opendir           dfs_posix.o
    0x000102ee   0x000102ee   0x00000002   PAD
    0x000102f0   0x000102f0   0x00000088   Code   RO         6269    i.pick_lfn          ff.o
    0x00010378   0x00010378   0x0000010c   Code   RO          846    i.plug_holes        mem.o
    0x00010484   0x00010484   0x00000198   Code   RO          641    i.print_number      kservice.o
    0x0001061c   0x0001061c   0x00000138   Code   RO         6270    i.put_fat           ff.o
    0x00010754   0x00010754   0x00000080   Code   RO         6271    i.put_lfn           ff.o
    0x000107d4   0x000107d4   0x00000050   Code   RO         5796    i.read              dfs_posix.o
    0x00010824   0x00010824   0x00000084   Code   RO         5797    i.readdir           dfs_posix.o
    0x000108a8   0x000108a8   0x0000009a   Code   RO         6272    i.remove_chain      ff.o
    0x00010942   0x00010942   0x00000024   Code   RO         5798    i.rename            dfs_posix.o
    0x00010966   0x00010966   0x00000038   Code   RO         5799    i.rewinddir         dfs_posix.o
    0x0001099e   0x0001099e   0x00000002   PAD
    0x000109a0   0x000109a0   0x0000002c   Code   RO         5608    i.rm                dfs_file.o
    0x000109cc   0x000109cc   0x0000004c   Code   RO          108    i.rt_application_init  components.o
    0x00010a18   0x00010a18   0x00000074   Code   RO          642    i.rt_assert_handler  kservice.o
    0x00010a8c   0x00010a8c   0x00000022   Code   RO          847    i.rt_calloc         mem.o
    0x00010aae   0x00010aae   0x00000002   PAD
    0x00010ab0   0x00010ab0   0x00000068   Code   RO         7023    i.rt_completion_done  completion.o
    0x00010b18   0x00010b18   0x00000048   Code   RO         7024    i.rt_completion_init  completion.o
    0x00010b60   0x00010b60   0x00000140   Code   RO         7025    i.rt_completion_wait  completion.o
    0x00010ca0   0x00010ca0   0x0000004c   Code   RO          109    i.rt_components_board_init  components.o
    0x00010cec   0x00010cec   0x00000070   Code   RO          110    i.rt_components_init  components.o
    0x00010d5c   0x00010d5c   0x0000000c   Code   RO          644    i.rt_console_get_device  kservice.o
    0x00010d68   0x00010d68   0x00000034   Code   RO          645    i.rt_console_set_device  kservice.o
    0x00010d9c   0x00010d9c   0x00000064   Code   RO         7056    i.rt_data_queue_init  dataqueue.o
    0x00010e00   0x00010e00   0x00000080   Code   RO         7057    i.rt_data_queue_peak  dataqueue.o
    0x00010e80   0x00010e80   0x000001c0   Code   RO         7058    i.rt_data_queue_pop  dataqueue.o
    0x00011040   0x00011040   0x00000160   Code   RO         7059    i.rt_data_queue_push  dataqueue.o
    0x000111a0   0x000111a0   0x000000ac   Code   RO          181    i.rt_device_close   device.o
    0x0001124c   0x0001124c   0x00000094   Code   RO          182    i.rt_device_control  device.o
    0x000112e0   0x000112e0   0x0000007c   Code   RO          185    i.rt_device_find    device.o
    0x0001135c   0x0001135c   0x00000148   Code   RO          188    i.rt_device_open    device.o
    0x000114a4   0x000114a4   0x000000b4   Code   RO          189    i.rt_device_read    device.o
    0x00011558   0x00011558   0x00000034   Code   RO          190    i.rt_device_register  device.o
    0x0001158c   0x0001158c   0x00000080   Code   RO          191    i.rt_device_set_rx_indicate  device.o
    0x0001160c   0x0001160c   0x000000b4   Code   RO          194    i.rt_device_write   device.o
    0x000116c0   0x000116c0   0x0000000c   Code   RO         6760    i.rt_dma_calc_recved_len  serial.o
    0x000116cc   0x000116cc   0x0000009c   Code   RO         6761    i.rt_dma_recv_update_get_index  serial.o
    0x00011768   0x00011768   0x000000b4   Code   RO         6762    i.rt_dma_recv_update_put_index  serial.o
    0x0001181c   0x0001181c   0x00000020   Code   RO         1168    i.rt_enter_critical  scheduler.o
    0x0001183c   0x0001183c   0x0000003c   Code   RO         1169    i.rt_exit_critical  scheduler.o
    0x00011878   0x00011878   0x00000218   Code   RO          848    i.rt_free           mem.o
    0x00011a90   0x00011a90   0x0000002c   Code   RO         1646    i.rt_hw_board_init  board.o
    0x00011abc   0x00011abc   0x00000002   Code   RO          648    i.rt_hw_console_output  kservice.o
    0x00011abe   0x00011abe   0x00000002   PAD
    0x00011ac0   0x00011ac0   0x0000022c   Code   RO         5429    i.rt_hw_hard_fault_exception  cpuport.o
    0x00011cec   0x00011cec   0x000001dc   Code   RO         6763    i.rt_hw_serial_isr  serial.o
    0x00011ec8   0x00011ec8   0x00000080   Code   RO         6764    i.rt_hw_serial_register  serial.o
    0x00011f48   0x00011f48   0x0000004c   Code   RO         5430    i.rt_hw_stack_init  cpuport.o
    0x00011f94   0x00011f94   0x0000005c   Code   RO         6626    i.rt_i2c_bus_device_device_init  i2c_dev.o
    0x00011ff0   0x00011ff0   0x0000003c   Code   RO         6578    i.rt_i2c_bus_device_register  i2c_core.o
    0x0001202c   0x0001202c   0x00000004   Code   RO         6579    i.rt_i2c_core_init  i2c_core.o
    0x00012030   0x00012030   0x00000070   Code   RO         6580    i.rt_i2c_master_recv  i2c_core.o
    0x000120a0   0x000120a0   0x00000042   Code   RO         6581    i.rt_i2c_master_send  i2c_core.o
    0x000120e2   0x000120e2   0x0000003c   Code   RO         6582    i.rt_i2c_transfer   i2c_core.o
    0x0001211e   0x0001211e   0x00000002   PAD
    0x00012120   0x00012120   0x00000038   Code   RO          600    i.rt_interrupt_enter  irq.o
    0x00012158   0x00012158   0x0000001c   Code   RO          602    i.rt_interrupt_get_nest  irq.o
    0x00012174   0x00012174   0x00000038   Code   RO          603    i.rt_interrupt_leave  irq.o
    0x000121ac   0x000121ac   0x00000018   Code   RO          332    i.rt_ipc_list_resume  ipc.o
    0x000121c4   0x000121c4   0x00000032   Code   RO          333    i.rt_ipc_list_resume_all  ipc.o
    0x000121f6   0x000121f6   0x0000006c   Code   RO          334    i.rt_ipc_list_suspend  ipc.o
    0x00012262   0x00012262   0x00000010   Code   RO          335    i.rt_ipc_object_init  ipc.o
    0x00012272   0x00012272   0x00000002   PAD
    0x00012274   0x00012274   0x00000068   Code   RO          649    i.rt_kprintf        kservice.o
    0x000122dc   0x000122dc   0x00000006   Code   RO          336    i.rt_list_init      ipc.o
    0x000122e2   0x000122e2   0x00000006   Code   RO         1170    i.rt_list_init      scheduler.o
    0x000122e8   0x000122e8   0x00000006   Code   RO         1409    i.rt_list_init      timer.o
    0x000122ee   0x000122ee   0x00000006   Code   RO         7061    i.rt_list_init      dataqueue.o
    0x000122f4   0x000122f4   0x0000000e   Code   RO         1058    i.rt_list_insert_after  object.o
    0x00012302   0x00012302   0x0000000e   Code   RO         1265    i.rt_list_insert_after  thread.o
    0x00012310   0x00012310   0x0000000e   Code   RO         1410    i.rt_list_insert_after  timer.o
    0x0001231e   0x0001231e   0x0000000e   Code   RO          337    i.rt_list_insert_before  ipc.o
    0x0001232c   0x0001232c   0x0000000e   Code   RO         7062    i.rt_list_insert_before  dataqueue.o
    0x0001233a   0x0001233a   0x00000010   Code   RO          338    i.rt_list_isempty   ipc.o
    0x0001234a   0x0001234a   0x00000010   Code   RO         1411    i.rt_list_isempty   timer.o
    0x0001235a   0x0001235a   0x00000010   Code   RO         7026    i.rt_list_isempty   completion.o
    0x0001236a   0x0001236a   0x00000010   Code   RO         7063    i.rt_list_isempty   dataqueue.o
    0x0001237a   0x0001237a   0x00000010   Code   RO         7661    i.rt_list_isempty   cmd.o
    0x0001238a   0x0001238a   0x00000014   Code   RO         7662    i.rt_list_len       cmd.o
    0x0001239e   0x0001239e   0x00000012   Code   RO         1059    i.rt_list_remove    object.o
    0x000123b0   0x000123b0   0x00000012   Code   RO         1266    i.rt_list_remove    thread.o
    0x000123c2   0x000123c2   0x00000002   PAD
    0x000123c4   0x000123c4   0x000002f0   Code   RO          850    i.rt_malloc         mem.o
    0x000126b4   0x000126b4   0x00000030   Code   RO          852    i.rt_mem_setname    mem.o
    0x000126e4   0x000126e4   0x0000007c   Code   RO          653    i.rt_memcpy         kservice.o
    0x00012760   0x00012760   0x00000042   Code   RO          654    i.rt_memmove        kservice.o
    0x000127a2   0x000127a2   0x00000048   Code   RO          655    i.rt_memset         kservice.o
    0x000127ea   0x000127ea   0x00000002   PAD
    0x000127ec   0x000127ec   0x00000090   Code   RO          356    i.rt_mutex_create   ipc.o
    0x0001287c   0x0001287c   0x00000100   Code   RO          357    i.rt_mutex_delete   ipc.o
    0x0001297c   0x0001297c   0x00000054   Code   RO          359    i.rt_mutex_init     ipc.o
    0x000129d0   0x000129d0   0x000001b0   Code   RO          360    i.rt_mutex_release  ipc.o
    0x00012b80   0x00012b80   0x000001f4   Code   RO          361    i.rt_mutex_take     ipc.o
    0x00012d74   0x00012d74   0x000000ec   Code   RO         1060    i.rt_object_allocate  object.o
    0x00012e60   0x00012e60   0x000000a0   Code   RO         1062    i.rt_object_delete  object.o
    0x00012f00   0x00012f00   0x0000005c   Code   RO         1063    i.rt_object_detach  object.o
    0x00012f5c   0x00012f5c   0x00000028   Code   RO         1066    i.rt_object_get_information  object.o
    0x00012f84   0x00012f84   0x00000034   Code   RO         1067    i.rt_object_get_type  object.o
    0x00012fb8   0x00012fb8   0x0000007c   Code   RO         1068    i.rt_object_init    object.o
    0x00013034   0x00013034   0x0000003c   Code   RO         1069    i.rt_object_is_systemobject  object.o
    0x00013070   0x00013070   0x00000048   Code   RO         6658    i.rt_pin_mode       pin.o
    0x000130b8   0x000130b8   0x00000044   Code   RO         6659    i.rt_pin_read       pin.o
    0x000130fc   0x000130fc   0x00000048   Code   RO         6660    i.rt_pin_write      pin.o
    0x00013144   0x00013144   0x00000194   Code   RO          854    i.rt_realloc        mem.o
    0x000132d8   0x000132d8   0x0000010c   Code   RO         1171    i.rt_schedule       scheduler.o
    0x000133e4   0x000133e4   0x0000009c   Code   RO         1172    i.rt_schedule_insert_thread  scheduler.o
    0x00013480   0x00013480   0x00000080   Code   RO         1173    i.rt_schedule_remove_thread  scheduler.o
    0x00013500   0x00013500   0x00000048   Code   RO          366    i.rt_sem_init       ipc.o
    0x00013548   0x00013548   0x00000090   Code   RO          367    i.rt_sem_release    ipc.o
    0x000135d8   0x000135d8   0x000001a4   Code   RO          368    i.rt_sem_take       ipc.o
    0x0001377c   0x0001377c   0x00000184   Code   RO         6765    i.rt_serial_close   serial.o
    0x00013900   0x00013900   0x000000a4   Code   RO         6766    i.rt_serial_control  serial.o
    0x000139a4   0x000139a4   0x00000048   Code   RO         6767    i.rt_serial_init    serial.o
    0x000139ec   0x000139ec   0x0000029c   Code   RO         6768    i.rt_serial_open    serial.o
    0x00013c88   0x00013c88   0x0000006c   Code   RO         6769    i.rt_serial_read    serial.o
    0x00013cf4   0x00013cf4   0x0000006c   Code   RO         6770    i.rt_serial_write   serial.o
    0x00013d60   0x00013d60   0x00000028   Code   RO          656    i.rt_set_errno      kservice.o
    0x00013d88   0x00013d88   0x000000b0   Code   RO          657    i.rt_show_version   kservice.o
    0x00013e38   0x00013e38   0x00000026   Code   RO          658    i.rt_snprintf       kservice.o
    0x00013e5e   0x00013e5e   0x00000022   Code   RO          659    i.rt_sprintf        kservice.o
    0x00013e80   0x00013e80   0x00000028   Code   RO          662    i.rt_strdup         kservice.o
    0x00013ea8   0x00013ea8   0x00000012   Code   RO          663    i.rt_strlen         kservice.o
    0x00013eba   0x00013eba   0x00000028   Code   RO          664    i.rt_strncmp        kservice.o
    0x00013ee2   0x00013ee2   0x00000034   Code   RO          665    i.rt_strncpy        kservice.o
    0x00013f16   0x00013f16   0x00000002   PAD
    0x00013f18   0x00013f18   0x00000170   Code   RO          855    i.rt_system_heap_init  mem.o
    0x00014088   0x00014088   0x00000040   Code   RO         1175    i.rt_system_scheduler_init  scheduler.o
    0x000140c8   0x000140c8   0x00000028   Code   RO         1176    i.rt_system_scheduler_start  scheduler.o
    0x000140f0   0x000140f0   0x0000001c   Code   RO         1412    i.rt_system_timer_init  timer.o
    0x0001410c   0x0001410c   0x00000002   Code   RO         1413    i.rt_system_timer_thread_init  timer.o
    0x0001410e   0x0001410e   0x00000002   PAD
    0x00014110   0x00014110   0x000000b8   Code   RO         1267    i.rt_thread_control  thread.o
    0x000141c8   0x000141c8   0x00000050   Code   RO         1268    i.rt_thread_create  thread.o
    0x00014218   0x00014218   0x0000000c   Code   RO         1269    i.rt_thread_delay   thread.o
    0x00014224   0x00014224   0x000000d0   Code   RO         1270    i.rt_thread_delete  thread.o
    0x000142f4   0x000142f4   0x00000054   Code   RO         1272    i.rt_thread_exit    thread.o
    0x00014348   0x00014348   0x00000028   Code   RO          274    i.rt_thread_idle_entry  idle.o
    0x00014370   0x00014370   0x000000e4   Code   RO          275    i.rt_thread_idle_excute  idle.o
    0x00014454   0x00014454   0x00000060   Code   RO          277    i.rt_thread_idle_init  idle.o
    0x000144b4   0x000144b4   0x0000007c   Code   RO         1274    i.rt_thread_init    thread.o
    0x00014530   0x00014530   0x0000009c   Code   RO         1277    i.rt_thread_resume  thread.o
    0x000145cc   0x000145cc   0x0000000c   Code   RO         1279    i.rt_thread_self    thread.o
    0x000145d8   0x000145d8   0x00000080   Code   RO         1280    i.rt_thread_sleep   thread.o
    0x00014658   0x00014658   0x000000c4   Code   RO         1281    i.rt_thread_startup  thread.o
    0x0001471c   0x0001471c   0x000000dc   Code   RO         1282    i.rt_thread_suspend  thread.o
    0x000147f8   0x000147f8   0x000000b4   Code   RO         1284    i.rt_thread_timeout  thread.o
    0x000148ac   0x000148ac   0x0000000a   Code   RO         1285    i.rt_thread_yield   thread.o
    0x000148b6   0x000148b6   0x00000002   PAD
    0x000148b8   0x000148b8   0x0000000c   Code   RO            3    i.rt_tick_get       clock.o
    0x000148c4   0x000148c4   0x00000030   Code   RO            4    i.rt_tick_increase  clock.o
    0x000148f4   0x000148f4   0x000000b4   Code   RO         1414    i.rt_timer_check    timer.o
    0x000149a8   0x000149a8   0x000000b8   Code   RO         1415    i.rt_timer_control  timer.o
    0x00014a60   0x00014a60   0x000000d4   Code   RO         1418    i.rt_timer_detach   timer.o
    0x00014b34   0x00014b34   0x00000054   Code   RO         1421    i.rt_timer_init     timer.o
    0x00014b88   0x00014b88   0x000001c0   Code   RO         1424    i.rt_timer_start    timer.o
    0x00014d48   0x00014d48   0x000000c0   Code   RO         1425    i.rt_timer_stop     timer.o
    0x00014e08   0x00014e08   0x00000328   Code   RO          668    i.rt_vsnprintf      kservice.o
    0x00015130   0x00015130   0x00000016   Code   RO          669    i.rt_vsprintf       kservice.o
    0x00015146   0x00015146   0x00000004   Code   RO          111    i.rti_board_end     components.o
    0x0001514a   0x0001514a   0x00000004   Code   RO          112    i.rti_board_start   components.o
    0x0001514e   0x0001514e   0x00000004   Code   RO          113    i.rti_end           components.o
    0x00015152   0x00015152   0x00000004   Code   RO          114    i.rti_start         components.o
    0x00015156   0x00015156   0x0000002a   Code   RO          115    i.rtthread_startup  components.o
    0x00015180   0x00015180   0x0000006c   Code   RO         6722    i.set_date          rtc.o
    0x000151ec   0x000151ec   0x00000068   Code   RO         6723    i.set_time          rtc.o
    0x00015254   0x00015254   0x00000038   Code   RO         7528    i.shell_auto_complete  shell.o
    0x0001528c   0x0001528c   0x00000030   Code   RO         7529    i.shell_handle_history  shell.o
    0x000152bc   0x000152bc   0x000000d8   Code   RO         7530    i.shell_push_history  shell.o
    0x00015394   0x00015394   0x00000030   Code   RO         7663    i.show_wait_queue   cmd.o
    0x000153c4   0x000153c4   0x00000026   Code   RO          670    i.skip_atoi         kservice.o
    0x000153ea   0x000153ea   0x00000024   Code   RO         6273    i.st_clust          ff.o
    0x0001540e   0x0001540e   0x00000018   Code   RO         6274    i.st_dword          ff.o
    0x00015426   0x00015426   0x0000000c   Code   RO         6275    i.st_word           ff.o
    0x00015432   0x00015432   0x00000020   Code   RO         7777    i.str_common        msh.o
    0x00015452   0x00015452   0x00000020   Code   RO         6276    i.sum_sfn           ff.o
    0x00015472   0x00015472   0x00000002   PAD
    0x00015474   0x00015474   0x00000090   Code   RO         6277    i.sync_fs           ff.o
    0x00015504   0x00015504   0x00000052   Code   RO         6278    i.sync_window       ff.o
    0x00015556   0x00015556   0x00000002   PAD
    0x00015558   0x00015558   0x00000050   Code   RO         8137    i.time              time.o
    0x000155a8   0x000155a8   0x00000078   Code   RO         1854    i.uart3_rx_err_irq_handler  drv_usart.o
    0x00015620   0x00015620   0x00000044   Code   RO         1855    i.uart3_rx_irq_handler  drv_usart.o
    0x00015664   0x00015664   0x0000004c   Code   RO         1856    i.uart3_tx_irq_handler  drv_usart.o
    0x000156b0   0x000156b0   0x00000020   Code   RO         5805    i.unlink            dfs_posix.o
    0x000156d0   0x000156d0   0x0000001c   Code   RO         6279    i.unlock_fs         ff.o
    0x000156ec   0x000156ec   0x000000e8   Code   RO         5431    i.usage_fault_track  cpuport.o
    0x000157d4   0x000157d4   0x00000048   Code   RO         6280    i.validate          ff.o
    0x0001581c   0x0001581c   0x0000000a   Code   RO         7664    i.version           cmd.o
    0x00015826   0x00015826   0x00000050   Code   RO         5806    i.write             dfs_posix.o
    0x00015876   0x00015876   0x00000002   PAD
    0x00015878   0x00015878   0x0000002c   Code   RO         8404    locale$$code        c_w.l(lc_ctype_c.o)
    0x000158a4   0x000158a4   0x0000002c   Code   RO         8407    locale$$code        c_w.l(lc_time_c.o)
    0x000158d0   0x000158d0   0x0000002c   Code   RO         8628    locale$$code        c_w.l(lc_numeric_c.o)
    0x000158fc   0x000158fc   0x000000c4   Code   RO         8273    x$fpl$fadd          fz_ws.l(faddsub_clz.o)
    0x000159c0   0x000159c0   0x00000018   Code   RO         8336    x$fpl$fcmpinf       fz_ws.l(fcmpi.o)
    0x000159d8   0x000159d8   0x00000184   Code   RO         8280    x$fpl$fdiv          fz_ws.l(fdiv.o)
    0x00015b5c   0x00015b5c   0x0000003e   Code   RO         8283    x$fpl$ffixu         fz_ws.l(ffixu.o)
    0x00015b9a   0x00015b9a   0x00000002   PAD
    0x00015b9c   0x00015b9c   0x00000026   Code   RO         8287    x$fpl$ffltu         fz_ws.l(fflt_clz.o)
    0x00015bc2   0x00015bc2   0x00000002   PAD
    0x00015bc4   0x00015bc4   0x00000068   Code   RO         8293    x$fpl$fleqf         fz_ws.l(fleqf.o)
    0x00015c2c   0x00015c2c   0x00000102   Code   RO         8295    x$fpl$fmul          fz_ws.l(fmul.o)
    0x00015d2e   0x00015d2e   0x0000008c   Code   RO         8338    x$fpl$fnaninf       fz_ws.l(fnaninf.o)
    0x00015dba   0x00015dba   0x0000000a   Code   RO         8340    x$fpl$fretinf       fz_ws.l(fretinf.o)
    0x00015dc4   0x00015dc4   0x00000062   Code   RO         8297    x$fpl$frleqf        fz_ws.l(frleqf.o)
    0x00015e26   0x00015e26   0x00000014   Code   RO         8274    x$fpl$frsb          fz_ws.l(faddsub_clz.o)
    0x00015e3a   0x00015e3a   0x00000002   PAD
    0x00015e3c   0x00015e3c   0x000000ea   Code   RO         8275    x$fpl$fsub          fz_ws.l(faddsub_clz.o)
    0x00015f26   0x00015f26   0x00000004   Code   RO         8562    x$fpl$printf1       fz_ws.l(printf1.o)
    0x00015f2a   0x00015f2a   0x00000004   Code   RO         8564    x$fpl$printf2       fz_ws.l(printf2.o)
    0x00015f2e   0x00015f2e   0x00000000   Code   RO         8342    x$fpl$usenofp       fz_ws.l(usenofp.o)
    0x00015f2e   0x00015f2e   0x00000044   Data   RO          116    .constdata          components.o
    0x00015f72   0x00015f72   0x000000c9   Data   RO          195    .constdata          device.o
    0x0001603b   0x0001603b   0x00000016   Data   RO          280    .constdata          idle.o
    0x00016051   0x00016051   0x000001f7   Data   RO          370    .constdata          ipc.o
    0x00016248   0x00016248   0x00000122   Data   RO          672    .constdata          kservice.o
    0x0001636a   0x0001636a   0x0000003c   Data   RO          857    .constdata          mem.o
    0x000163a6   0x000163a6   0x00000080   Data   RO         1074    .constdata          object.o
    0x00016426   0x00016426   0x0000004e   Data   RO         1178    .constdata          scheduler.o
    0x00016474   0x00016474   0x000000b9   Data   RO         1286    .constdata          thread.o
    0x0001652d   0x0001652d   0x0000005c   Data   RO         1426    .constdata          timer.o
    0x00016589   0x00016589   0x00000003   PAD
    0x0001658c   0x0001658c   0x0000007b   Data   RO         1708    .constdata          drv_i2c.o
    0x00016607   0x00016607   0x00000001   PAD
    0x00016608   0x00016608   0x000000a4   Data   RO         1858    .constdata          drv_usart.o
    0x000166ac   0x000166ac   0x00000010   Data   RO         5110    .constdata          hc32f46x_usart.o
    0x000166bc   0x000166bc   0x0000002c   Data   RO         5500    .constdata          dfs.o
    0x000166e8   0x000166e8   0x00000040   Data   RO         5721    .constdata          dfs_fs.o
    0x00016728   0x00016728   0x000000c5   Data   RO         5950    .constdata          devfs.o
    0x000167ed   0x000167ed   0x00000003   PAD
    0x000167f0   0x000167f0   0x000000ca   Data   RO         6050    .constdata          dfs_elm.o
    0x000168ba   0x000168ba   0x000000aa   Data   RO         6281    .constdata          ff.o
    0x00016964   0x00016964   0x000003ae   Data   RO         6550    .constdata          ccsbcs.o
    0x00016d12   0x00016d12   0x00000024   Data   RO         6583    .constdata          i2c_core.o
    0x00016d36   0x00016d36   0x0000005e   Data   RO         6627    .constdata          i2c_dev.o
    0x00016d94   0x00016d94   0x0000007d   Data   RO         6662    .constdata          pin.o
    0x00016e11   0x00016e11   0x0000012a   Data   RO         6771    .constdata          serial.o
    0x00016f3b   0x00016f3b   0x00000039   Data   RO         7027    .constdata          completion.o
    0x00016f74   0x00016f74   0x0000004b   Data   RO         7064    .constdata          dataqueue.o
    0x00016fbf   0x00016fbf   0x00000099   Data   RO         7532    .constdata          shell.o
    0x00017058   0x00017058   0x00000054   Data   RO         7665    .constdata          cmd.o
    0x000170ac   0x000170ac   0x0000000e   Data   RO         7778    .constdata          msh.o
    0x000170ba   0x000170ba   0x00000011   Data   RO         7943    .constdata          libc.o
    0x000170cb   0x000170cb   0x0000001b   Data   RO         8039    .constdata          stubs.o
    0x000170e6   0x000170e6   0x00000011   Data   RO         8229    .constdata          c_w.l(__printf_flags_ss_wp.o)
    0x000170f7   0x000170f7   0x0000000c   Data   RO         8333    .constdata          c_w.l(_monlen.o)
    0x00017103   0x00017103   0x00000001   PAD
    0x00017104   0x00017104   0x00000008   Data   RO         8497    .constdata          c_w.l(_printf_wctomb.o)
    0x0001710c   0x0001710c   0x00000028   Data   RO         8526    .constdata          c_w.l(_printf_hex_int_ll_ptr.o)
    0x00017134   0x00017134   0x00000026   Data   RO         8582    .constdata          c_w.l(_printf_fp_hex.o)
    0x0001715a   0x0001715a   0x00000002   PAD
    0x0001715c   0x0001715c   0x00000094   Data   RO         8603    .constdata          c_w.l(bigflt0.o)
    0x000171f0   0x000171f0   0x0000008b   Data   RO          371    .conststring        ipc.o
    0x0001727b   0x0001727b   0x00000001   PAD
    0x0001727c   0x0001727c   0x000000eb   Data   RO          858    .conststring        mem.o
    0x00017367   0x00017367   0x00000001   PAD
    0x00017368   0x00017368   0x00000042   Data   RO         1287    .conststring        thread.o
    0x000173aa   0x000173aa   0x00000002   PAD
    0x000173ac   0x000173ac   0x00000004   Data   RO         1709    .conststring        drv_i2c.o
    0x000173b0   0x000173b0   0x0000000b   Data   RO         5722    .conststring        dfs_fs.o
    0x000173bb   0x000173bb   0x00000001   PAD
    0x000173bc   0x000173bc   0x00000006   Data   RO         5951    .conststring        devfs.o
    0x000173c2   0x000173c2   0x00000002   PAD
    0x000173c4   0x000173c4   0x00000048   Data   RO         6051    .conststring        dfs_elm.o
    0x0001740c   0x0001740c   0x0000016d   Data   RO         7666    .conststring        cmd.o
    0x00017579   0x00017579   0x00000075   Data   RO          860    .rodata.name        mem.o
    0x000175ee   0x000175ee   0x00000023   Data   RO         5502    .rodata.name        dfs.o
    0x00017611   0x00017611   0x0000005f   Data   RO         5610    .rodata.name        dfs_file.o
    0x00017670   0x00017670   0x00000029   Data   RO         5723    .rodata.name        dfs_fs.o
    0x00017699   0x00017699   0x0000003d   Data   RO         5807    .rodata.name        dfs_posix.o
    0x000176d6   0x000176d6   0x00000069   Data   RO         6663    .rodata.name        pin.o
    0x0001773f   0x0001773f   0x000000b7   Data   RO         6724    .rodata.name        rtc.o
    0x000177f6   0x000177f6   0x00000385   Data   RO         7667    .rodata.name        cmd.o
    0x00017b7b   0x00017b7b   0x00000021   Data   RO         7779    .rodata.name        msh.o
    0x00017b9c   0x00017b9c   0x0000020b   Data   RO         7844    .rodata.name        msh_cmd.o
    0x00017da7   0x00017da7   0x00000001   PAD
    0x00017da8   0x00017da8   0x00000008   Data   RO          117    .rti_fn.0           components.o
    0x00017db0   0x00017db0   0x00000008   Data   RO          118    .rti_fn.0.end       components.o
    0x00017db8   0x00017db8   0x00000008   Data   RO         1711    .rti_fn.1           drv_i2c.o
    0x00017dc0   0x00017dc0   0x00000008   Data   RO         1860    .rti_fn.1           drv_usart.o
    0x00017dc8   0x00017dc8   0x00000008   Data   RO          119    .rti_fn.1.end       components.o
    0x00017dd0   0x00017dd0   0x00000008   Data   RO         5503    .rti_fn.2           dfs.o
    0x00017dd8   0x00017dd8   0x00000008   Data   RO         6053    .rti_fn.4           dfs_elm.o
    0x00017de0   0x00017de0   0x00000008   Data   RO         6584    .rti_fn.4           i2c_core.o
    0x00017de8   0x00017de8   0x00000008   Data   RO         7944    .rti_fn.4           libc.o
    0x00017df0   0x00017df0   0x00000008   Data   RO         7534    .rti_fn.6           shell.o
    0x00017df8   0x00017df8   0x00000008   Data   RO          120    .rti_fn.6.end       components.o
    0x00017e00   0x00017e00   0x00000024   Data   RO          861    FSymTab             mem.o
    0x00017e24   0x00017e24   0x0000000c   Data   RO         5504    FSymTab             dfs.o
    0x00017e30   0x00017e30   0x00000030   Data   RO         5611    FSymTab             dfs_file.o
    0x00017e60   0x00017e60   0x00000018   Data   RO         5724    FSymTab             dfs_fs.o
    0x00017e78   0x00017e78   0x00000018   Data   RO         5808    FSymTab             dfs_posix.o
    0x00017e90   0x00017e90   0x00000024   Data   RO         6664    FSymTab             pin.o
    0x00017eb4   0x00017eb4   0x00000030   Data   RO         6725    FSymTab             rtc.o
    0x00017ee4   0x00017ee4   0x00000120   Data   RO         7668    FSymTab             cmd.o
    0x00018004   0x00018004   0x0000000c   Data   RO         7780    FSymTab             msh.o
    0x00018010   0x00018010   0x000000a8   Data   RO         7845    FSymTab             msh_cmd.o
    0x000180b8   0x000180b8   0x00000020   Data   RO         8657    Region$$Table       anon$$obj.o
    0x000180d8   0x000180d8   0x00000110   Data   RO         8403    locale$$data        c_w.l(lc_ctype_c.o)
    0x000181e8   0x000181e8   0x00000180   Data   RO         8406    locale$$data        c_w.l(lc_time_c.o)
    0x00018368   0x00018368   0x0000001c   Data   RO         8627    locale$$data        c_w.l(lc_numeric_c.o)


    Execution Region RW_IRAM1 (Exec base: 0x1fff8000, Load base: 0x00018384, Size: 0x00001278, Max: 0x00008000, ABSOLUTE, COMPRESSED[0x000000a0])

    Exec Addr    Load Addr    Size         Type   Attr      Idx    E Section Name        Object

    0x1fff8000   COMPRESSED   0x00000004   Data   RW            6    .data               clock.o
    0x1fff8004   COMPRESSED   0x00000009   Data   RW          605    .data               irq.o
    0x1fff800d   COMPRESSED   0x00000003   PAD
    0x1fff8010   COMPRESSED   0x0000000c   Data   RW          673    .data               kservice.o
    0x1fff801c   COMPRESSED   0x00000020   Data   RW          859    .data               mem.o
    0x1fff803c   COMPRESSED   0x000000b4   Data   RW         1075    .data               object.o
    0x1fff80f0   COMPRESSED   0x0000001c   Data   RW         1179    .data               scheduler.o
    0x1fff810c   COMPRESSED   0x0000000c   Data   RW         1288    .data               thread.o
    0x1fff8118   COMPRESSED   0x00000014   Data   RW         1427    .data               timer.o
    0x1fff812c   COMPRESSED   0x0000000c   Data   RW         1710    .data               drv_i2c.o
    0x1fff8138   COMPRESSED   0x00000008   Data   RW         1859    .data               drv_usart.o
    0x1fff8140   COMPRESSED   0x0000002c   Data   RW         1943    .data               hc32_platform.o
    0x1fff816c   COMPRESSED   0x00000004   Data   RW         1976    .data               system_hc32f46x.o
    0x1fff8170   COMPRESSED   0x00000008   Data   RW         2947    .data               hc32f46x_i2c.o
    0x1fff8178   COMPRESSED   0x00000010   Data   RW         5433    .data               cpuport.o
    0x1fff8188   COMPRESSED   0x00000114   Data   RW         5501    .data               dfs.o
    0x1fff829c   COMPRESSED   0x00000008   Data   RW         6052    .data               dfs_elm.o
    0x1fff82a4   COMPRESSED   0x0000000a   Data   RW         6282    .data               ff.o
    0x1fff82ae   COMPRESSED   0x00000002   PAD
    0x1fff82b0   COMPRESSED   0x00000008   Data   RW         7533    .data               shell.o
    0x1fff82b8   COMPRESSED   0x00000010   Data   RW         7630    .data               symbol.o
    0x1fff82c8   COMPRESSED   0x00000004   Data   RW         7998    .data               stdio.o
    0x1fff82cc   COMPRESSED   0x00000004   Data   RW         8138    .data               time.o
    0x1fff82d0   COMPRESSED   0x00000004   Data   RW         8327    .data               c_w.l(stdio_streams.o)
    0x1fff82d4   COMPRESSED   0x00000004   Data   RW         8328    .data               c_w.l(stdio_streams.o)
    0x1fff82d8   COMPRESSED   0x00000004   Data   RW         8329    .data               c_w.l(stdio_streams.o)
    0x1fff82dc        -       0x00000190   Zero   RW          279    .bss                idle.o
    0x1fff846c        -       0x00000080   Zero   RW          671    .bss                kservice.o
    0x1fff84ec        -       0x00000020   Zero   RW          856    .bss                mem.o
    0x1fff850c        -       0x00000100   Zero   RW         1177    .bss                scheduler.o
    0x1fff860c        -       0x00000054   Zero   RW         1857    .bss                drv_usart.o
    0x1fff8660        -       0x00000214   Zero   RW         3346    .bss                hc32f46x_interrupts.o
    0x1fff8874        -       0x00000044   Zero   RW         5499    .bss                dfs.o
    0x1fff88b8        -       0x00000128   Zero   RW         5609    .bss                dfs_file.o
    0x1fff89e0        -       0x00000044   Zero   RW         6661    .bss                pin.o
    0x1fff8a24        -       0x00000081   Zero   RW         7531    .bss                shell.o
    0x1fff8aa5   COMPRESSED   0x00000003   PAD
    0x1fff8aa8        -       0x0000002c   Zero   RW         8265    .bss                c_w.l(localtime.o)
    0x1fff8ad4        -       0x00000054   Zero   RW         8324    .bss                c_w.l(stdio_streams.o)
    0x1fff8b28        -       0x00000054   Zero   RW         8325    .bss                c_w.l(stdio_streams.o)
    0x1fff8b7c        -       0x00000054   Zero   RW         8326    .bss                c_w.l(stdio_streams.o)
    0x1fff8bd0        -       0x00000044   Zero   RW         8331    .bss                c_w.l(asctime.o)
    0x1fff8c14        -       0x00000060   Zero   RW         8344    .bss                c_w.l(libspace.o)
    0x1fff8c74   COMPRESSED   0x00000004   PAD
    0x1fff8c78        -       0x00000200   Zero   RW         5383    HEAP                startup_hc32f46x.o
    0x1fff8e78        -       0x00000400   Zero   RW         5382    STACK               startup_hc32f46x.o


==============================================================================

Image component sizes


      Code (inc. data)   RO Data    RW Data    ZI Data      Debug   Object Name

       160         22          0          0          0      28440   board.o
       240         24        942          0          0       2851   ccsbcs.o
        60         12          0          4          0      20607   clock.o
      3768       1364       1638          0          0      23303   cmd.o
       512        180         57          0          0       6043   completion.o
       350        138        100          0          0       6148   components.o
       244         26          0          0          0        804   context_rvds.o
      1476        738          0         16          0       5858   cpuport.o
      1064        226         75          0          0       6851   dataqueue.o
      1028        254        203          0          0      12053   devfs.o
      1312        594        201          0          0       8812   device.o
      1554        288         99        276         68      12974   dfs.o
      3080        398        282          8          0      29444   dfs_elm.o
      2402        396        143          0        296      14293   dfs_file.o
      1144        134        140          0          0       8066   dfs_fs.o
      1296         16         85          0          0      12619   dfs_posix.o
      1808        516        135         12          0      18010   drv_i2c.o
      1406        344        172          8         84      34954   drv_usart.o
     11816        170        170         10          0      55987   ff.o
        76          4          0         44          0       1664   hc32_platform.o
       296         20          0          0          0       6515   hc32f46x_clk.o
      1168        198          0          0          0       7807   hc32f46x_gpio.o
      1840        700          0          8          0       9945   hc32f46x_i2c.o
         0          0         32          0          0        697   hc32f46x_icg.o
      9954       1010          0          0        532      91199   hc32f46x_interrupts.o
       144         64          0          0          0        697   hc32f46x_pwc.o
      3452        530         16          0          0      11545   hc32f46x_usart.o
        84         50          0          0          0       2262   hc32f46x_utility.o
       302         40         44          0          0       4558   i2c_core.o
       460        136         94          0          0       3700   i2c_dev.o
       384         84         22          0        400       5846   idle.o
      2286        660        642          0          0      34255   ipc.o
       140         26          0          9          0       2206   irq.o
      2338        242        290         12        128      16592   kservice.o
        22          0         25          0          0       1493   libc.o
       130          0          0          0          0    1531799   main.o
      3154       1148        448         32         32       9518   mem.o
        24          0          0          0          0       1152   mem_std.o
      1376        188         59          0          0       8303   msh.o
      1278        562        691          0          0      12872   msh_cmd.o
       414         20          0          0          0       2026   msh_file.o
       796        270        128        180          0      10366   object.o
       212        102        266          0         68       7377   pin.o
       776        310        231          0          0       4833   rtc.o
       994        250         78         28        256       9878   scheduler.o
      3528        758        298          0          0      16283   serial.o
      2364        318        161          8        129      11375   shell.o
         0          0          0          0          0       2320   signal.o
        92         32        640          0       1536        984   startup_hc32f46x.o
        84         14          0          4          0       1029   stdio.o
       366         14         27          0          0       7394   stubs.o
         0          0          0         16          0       5201   symbol.o
       204         24          0          4          0       2847   system_hc32f46x.o
      1834        534        251         12          0      15464   thread.o
        80          8          0          4          0       1723   time.o
      1478        484         92         20          0      12159   timer.o

    ----------------------------------------------------------------------
     76924      14640       9024        720       3532    2184001   Object Totals
         0          0         32          0          0          0   (incl. Generated)
        74          0         15          5          3          0   (incl. Padding)

    ----------------------------------------------------------------------

      Code (inc. data)   RO Data    RW Data    ZI Data      Debug   Library Member Name

        24          4          0          0          0         84   __2printf.o
        56          6          0          0          0         88   __2snprintf.o
        90          0          0          0          0          0   __dczerorl2.o
         8          0          0          0          0         68   __main.o
       392          4         17          0          0         92   __printf_flags_ss_wp.o
        14          0          0          0          0         68   __printf_wp.o
         0          0          0          0          0          0   __rtentry.o
        12          0          0          0          0          0   __rtentry2.o
         6          0          0          0          0          0   __rtentry4.o
        52          8          0          0          0          0   __scatter.o
        28          0          0          0          0          0   __scatter_zi.o
        28          0          0          0          0         68   _chval.o
         0          0         12          0          0          0   _monlen.o
         6          0          0          0          0          0   _printf_a.o
         6          0          0          0          0          0   _printf_c.o
        44          0          0          0          0        108   _printf_char.o
        48          6          0          0          0         96   _printf_char_common.o
        36          4          0          0          0         80   _printf_char_file.o
        40          0          0          0          0         68   _printf_charcount.o
         6          0          0          0          0          0   _printf_d.o
       120         16          0          0          0         92   _printf_dec.o
         6          0          0          0          0          0   _printf_e.o
         6          0          0          0          0          0   _printf_f.o
      1054          0          0          0          0        216   _printf_fp_dec.o
       764          8         38          0          0        100   _printf_fp_hex.o
       128         16          0          0          0         84   _printf_fp_infnan.o
         6          0          0          0          0          0   _printf_g.o
       148          4         40          0          0        160   _printf_hex_int_ll_ptr.o
         6          0          0          0          0          0   _printf_i.o
       178          0          0          0          0         88   _printf_intcommon.o
        10          0          0          0          0          0   _printf_l.o
         6          0          0          0          0          0   _printf_lc.o
        10          0          0          0          0          0   _printf_ll.o
         6          0          0          0          0          0   _printf_lld.o
         6          0          0          0          0          0   _printf_lli.o
         6          0          0          0          0          0   _printf_llo.o
         6          0          0          0          0          0   _printf_llu.o
         6          0          0          0          0          0   _printf_llx.o
       124         16          0          0          0         92   _printf_longlong_dec.o
         6          0          0          0          0          0   _printf_ls.o
         6          0          0          0          0          0   _printf_n.o
         6          0          0          0          0          0   _printf_o.o
       112         10          0          0          0        124   _printf_oct_int_ll.o
         6          0          0          0          0          0   _printf_p.o
        78          0          0          0          0        108   _printf_pad.o
         0          0          0          0          0          0   _printf_percent.o
         4          0          0          0          0          0   _printf_percent_end.o
         6          0          0          0          0          0   _printf_s.o
        82          0          0          0          0         80   _printf_str.o
        36          0          0          0          0         84   _printf_truncate.o
         6          0          0          0          0          0   _printf_u.o
        44          0          0          0          0        108   _printf_wchar.o
       188          6          8          0          0         92   _printf_wctomb.o
         6          0          0          0          0          0   _printf_x.o
        16          0          0          0          0         68   _snputc.o
        10          0          0          0          0         68   _sputc.o
       158          0          0          0          0         92   _strtoul.o
        64          0          0          0          0         92   _wcrtomb.o
        12          6          0          0         68         68   asctime.o
       104         30          0          0          0         88   asctime_internal.o
        26          0          0          0          0         80   atoi.o
       228          4        148          0          0         96   bigflt0.o
      1936        128          0          0          0        672   btod.o
        14          0          0          0          0         80   ctime.o
        10          0          0          0          0         68   defsig_exit.o
        50          0          0          0          0         88   defsig_general.o
        52         38          0          0          0         76   defsig_rtred_inner.o
        14          0          0          0          0         80   defsig_rtred_outer.o
        18          0          0          0          0         80   exit.o
        76          0          0          0          0         88   fclose.o
         8          0          0          0          0         68   ferror.o
       236          4          0          0          0        128   fopen.o
       248          6          0          0          0         84   fseek.o
        66          0          0          0          0         76   ftell.o
         6          0          0          0          0        152   heapauxi.o
         4          0          0          0          0        136   hguard.o
       312         46          0          0          0        112   initio.o
        44         10        272          0          0         76   lc_ctype_c.o
        44         10         28          0          0         76   lc_numeric_c.o
        44         10        384          0          0         76   lc_time_c.o
         2          0          0          0          0          0   libinit.o
        44          0          0          0          0          0   libinit2.o
         2          0          0          0          0          0   libshutdown.o
         6          0          0          0          0          0   libshutdown2.o
         8          4          0          0         96         68   libspace.o
        72          0          0          0          0         76   llsdiv.o
       138          0          0          0          0         80   lludiv10.o
       238          0          0          0          0        100   lludivv7m.o
        12          6          0          0         44         68   localtime.o
       184          6          0          0          0         80   localtime_internal.o
        88          0          0          0          0         76   memcmp.o
       428         10          0          0          0        116   mktime.o
        16          4          0          0          0         76   rt_ctype_table.o
         8          4          0          0          0         68   rt_errno_addr_intlibspace.o
         8          4          0          0          0         68   rt_locale_intlibspace.o
        68          0          0          0          0         68   rt_memclr.o
        78          0          0          0          0         80   rt_memclr_w.o
       138          0          0          0          0         68   rt_memcpy_v6.o
       100          0          0          0          0         80   rt_memcpy_w.o
         2          0          0          0          0          0   rtexit.o
        10          0          0          0          0          0   rtexit2.o
        70          0          0          0          0         80   setvbuf.o
        44          6          0          0          0         84   sprintf.o
       240          6          0          0          0        156   stdio.o
         0          0          0         12        252          0   stdio_streams.o
        24          0          0          0          0         68   strcat.o
       128          0          0          0          0         68   strcmpv7m.o
        72          0          0          0          0         80   strcpy.o
        62          0          0          0          0         76   strlen.o
       150          0          0          0          0         80   strncmp.o
        86          0          0          0          0         76   strncpy.o
        22          0          0          0          0         68   strrchr.o
        36          0          0          0          0         80   strstr.o
       112          0          0          0          0         88   strtol.o
        74          0          0          0          0         80   sys_stackheap_outer.o
         2          0          0          0          0         68   use_no_semi.o
       450          8          0          0          0        236   faddsub_clz.o
        24          0          0          0          0         68   fcmpi.o
       388         76          0          0          0         96   fdiv.o
        62          4          0          0          0         84   ffixu.o
        38          0          0          0          0         68   fflt_clz.o
       104          4          0          0          0         84   fleqf.o
       258          4          0          0          0         84   fmul.o
       140          4          0          0          0         84   fnaninf.o
        10          0          0          0          0         68   fretinf.o
        98          0          0          0          0         68   frleqf.o
         4          0          0          0          0         68   printf1.o
         4          0          0          0          0         68   printf2.o
         0          0          0          0          0          0   usenofp.o
        40          0          0          0          0         68   fpclassify.o

    ----------------------------------------------------------------------
     12306        550        950         12        464       8584   Library Totals
        36          0          3          0          4          0   (incl. Padding)

    ----------------------------------------------------------------------

      Code (inc. data)   RO Data    RW Data    ZI Data      Debug   Library Name

     10650        450        947         12        460       7440   c_w.l
      1580        100          0          0          0       1076   fz_ws.l
        40          0          0          0          0         68   m_ws.l

    ----------------------------------------------------------------------
     12306        550        950         12        464       8584   Library Totals

    ----------------------------------------------------------------------

==============================================================================


      Code (inc. data)   RO Data    RW Data    ZI Data      Debug   

     89230      15190       9974        732       3996    2156493   Grand Totals
     89230      15190       9974        160       3996    2156493   ELF Image Totals (compressed)
     89230      15190       9974        160          0          0   ROM Totals

==============================================================================

    Total RO  Size (Code + RO Data)                99204 (  96.88kB)
    Total RW  Size (RW Data + ZI Data)              4728 (   4.62kB)
    Total ROM Size (Code + RO Data + RW Data)      99364 (  97.04kB)

==============================================================================

